Archive member included to satisfy reference by file (symbol)

c:/st/stm32cubeide_1.4.0/stm32cubeide/plugins/com.st.stm32cube.ide.mcu.externaltools.gnu-tools-for-stm32.7-2018-q2-update.win32_1.4.0.202007081208/tools/bin/../lib/gcc/arm-none-eabi/7.3.1/../../../../arm-none-eabi/lib/thumb/v7-m\libc_nano.a(lib_a-atoi.o)
                              Core/Src/funcoes.o (atoi)
c:/st/stm32cubeide_1.4.0/stm32cubeide/plugins/com.st.stm32cube.ide.mcu.externaltools.gnu-tools-for-stm32.7-2018-q2-update.win32_1.4.0.202007081208/tools/bin/../lib/gcc/arm-none-eabi/7.3.1/../../../../arm-none-eabi/lib/thumb/v7-m\libc_nano.a(lib_a-errno.o)
                              Core/Src/syscalls.o (__errno)
c:/st/stm32cubeide_1.4.0/stm32cubeide/plugins/com.st.stm32cube.ide.mcu.externaltools.gnu-tools-for-stm32.7-2018-q2-update.win32_1.4.0.202007081208/tools/bin/../lib/gcc/arm-none-eabi/7.3.1/../../../../arm-none-eabi/lib/thumb/v7-m\libc_nano.a(lib_a-exit.o)
                              c:/st/stm32cubeide_1.4.0/stm32cubeide/plugins/com.st.stm32cube.ide.mcu.externaltools.gnu-tools-for-stm32.7-2018-q2-update.win32_1.4.0.202007081208/tools/bin/../lib/gcc/arm-none-eabi/7.3.1/../../../../arm-none-eabi/lib/thumb/v7-m/crt0.o (exit)
c:/st/stm32cubeide_1.4.0/stm32cubeide/plugins/com.st.stm32cube.ide.mcu.externaltools.gnu-tools-for-stm32.7-2018-q2-update.win32_1.4.0.202007081208/tools/bin/../lib/gcc/arm-none-eabi/7.3.1/../../../../arm-none-eabi/lib/thumb/v7-m\libc_nano.a(lib_a-impure.o)
                              c:/st/stm32cubeide_1.4.0/stm32cubeide/plugins/com.st.stm32cube.ide.mcu.externaltools.gnu-tools-for-stm32.7-2018-q2-update.win32_1.4.0.202007081208/tools/bin/../lib/gcc/arm-none-eabi/7.3.1/../../../../arm-none-eabi/lib/thumb/v7-m\libc_nano.a(lib_a-exit.o) (_global_impure_ptr)
c:/st/stm32cubeide_1.4.0/stm32cubeide/plugins/com.st.stm32cube.ide.mcu.externaltools.gnu-tools-for-stm32.7-2018-q2-update.win32_1.4.0.202007081208/tools/bin/../lib/gcc/arm-none-eabi/7.3.1/../../../../arm-none-eabi/lib/thumb/v7-m\libc_nano.a(lib_a-init.o)
                              c:/st/stm32cubeide_1.4.0/stm32cubeide/plugins/com.st.stm32cube.ide.mcu.externaltools.gnu-tools-for-stm32.7-2018-q2-update.win32_1.4.0.202007081208/tools/bin/../lib/gcc/arm-none-eabi/7.3.1/../../../../arm-none-eabi/lib/thumb/v7-m/crt0.o (__libc_init_array)
c:/st/stm32cubeide_1.4.0/stm32cubeide/plugins/com.st.stm32cube.ide.mcu.externaltools.gnu-tools-for-stm32.7-2018-q2-update.win32_1.4.0.202007081208/tools/bin/../lib/gcc/arm-none-eabi/7.3.1/../../../../arm-none-eabi/lib/thumb/v7-m\libc_nano.a(lib_a-itoa.o)
                              Core/Src/display.o (itoa)
c:/st/stm32cubeide_1.4.0/stm32cubeide/plugins/com.st.stm32cube.ide.mcu.externaltools.gnu-tools-for-stm32.7-2018-q2-update.win32_1.4.0.202007081208/tools/bin/../lib/gcc/arm-none-eabi/7.3.1/../../../../arm-none-eabi/lib/thumb/v7-m\libc_nano.a(lib_a-memset.o)
                              c:/st/stm32cubeide_1.4.0/stm32cubeide/plugins/com.st.stm32cube.ide.mcu.externaltools.gnu-tools-for-stm32.7-2018-q2-update.win32_1.4.0.202007081208/tools/bin/../lib/gcc/arm-none-eabi/7.3.1/../../../../arm-none-eabi/lib/thumb/v7-m/crt0.o (memset)
c:/st/stm32cubeide_1.4.0/stm32cubeide/plugins/com.st.stm32cube.ide.mcu.externaltools.gnu-tools-for-stm32.7-2018-q2-update.win32_1.4.0.202007081208/tools/bin/../lib/gcc/arm-none-eabi/7.3.1/../../../../arm-none-eabi/lib/thumb/v7-m\libc_nano.a(lib_a-strcpy.o)
                              Core/Src/funcoes.o (strcpy)
c:/st/stm32cubeide_1.4.0/stm32cubeide/plugins/com.st.stm32cube.ide.mcu.externaltools.gnu-tools-for-stm32.7-2018-q2-update.win32_1.4.0.202007081208/tools/bin/../lib/gcc/arm-none-eabi/7.3.1/../../../../arm-none-eabi/lib/thumb/v7-m\libc_nano.a(lib_a-strtol.o)
                              c:/st/stm32cubeide_1.4.0/stm32cubeide/plugins/com.st.stm32cube.ide.mcu.externaltools.gnu-tools-for-stm32.7-2018-q2-update.win32_1.4.0.202007081208/tools/bin/../lib/gcc/arm-none-eabi/7.3.1/../../../../arm-none-eabi/lib/thumb/v7-m\libc_nano.a(lib_a-atoi.o) (_strtol_r)
c:/st/stm32cubeide_1.4.0/stm32cubeide/plugins/com.st.stm32cube.ide.mcu.externaltools.gnu-tools-for-stm32.7-2018-q2-update.win32_1.4.0.202007081208/tools/bin/../lib/gcc/arm-none-eabi/7.3.1/../../../../arm-none-eabi/lib/thumb/v7-m\libc_nano.a(lib_a-utoa.o)
                              c:/st/stm32cubeide_1.4.0/stm32cubeide/plugins/com.st.stm32cube.ide.mcu.externaltools.gnu-tools-for-stm32.7-2018-q2-update.win32_1.4.0.202007081208/tools/bin/../lib/gcc/arm-none-eabi/7.3.1/../../../../arm-none-eabi/lib/thumb/v7-m\libc_nano.a(lib_a-itoa.o) (__utoa)
c:/st/stm32cubeide_1.4.0/stm32cubeide/plugins/com.st.stm32cube.ide.mcu.externaltools.gnu-tools-for-stm32.7-2018-q2-update.win32_1.4.0.202007081208/tools/bin/../lib/gcc/arm-none-eabi/7.3.1/../../../../arm-none-eabi/lib/thumb/v7-m\libc_nano.a(lib_a-locale.o)
[...]
Memory Configuration

Name             Origin             Length             Attributes
RAM              0x0000000020000000 0x0000000000005000 xrw
FLASH            0x0000000008000000 0x0000000000010000 xr
*default*        0x0000000000000000 0xffffffffffffffff

Linker script and memory map

LOAD c:/st/stm32cubeide_1.4.0/stm32cubeide/plugins/com.st.stm32cube.ide.mcu.externaltools.gnu-tools-for-stm32.7-2018-q2-update.win32_1.4.0.202007081208/tools/bin/../lib/gcc/arm-none-eabi/7.3.1/thumb/v7-m/crti.o
LOAD c:/st/stm32cubeide_1.4.0/stm32cubeide/plugins/com.st.stm32cube.ide.mcu.externaltools.gnu-tools-for-stm32.7-2018-q2-update.win32_1.4.0.202007081208/tools/bin/../lib/gcc/arm-none-eabi/7.3.1/thumb/v7-m/crtbegin.o
LOAD c:/st/stm32cubeide_1.4.0/stm32cubeide/plugins/com.st.stm32cube.ide.mcu.externaltools.gnu-tools-for-stm32.7-2018-q2-update.win32_1.4.0.202007081208/tools/bin/../lib/gcc/arm-none-eabi/7.3.1/../../../../arm-none-eabi/lib/thumb/v7-m/crt0.o
LOAD Core/Src/aguasNaturais.o
LOAD Core/Src/bebidasGaseificadas.o
LOAD Core/Src/display.o
LOAD Core/Src/funcoes.o
LOAD Core/Src/main.o
LOAD Core/Src/stm32f1xx_hal_msp.o
LOAD Core/Src/stm32f1xx_it.o
LOAD Core/Src/syscalls.o
LOAD Core/Src/sysmem.o
LOAD Core/Src/system_stm32f1xx.o
LOAD Core/Src/telas.o
LOAD Core/Startup/startup_stm32f103c8tx.o
LOAD Drivers/STM32F1xx_HAL_Driver/Src/stm32f1xx_hal.o
LOAD Drivers/STM32F1xx_HAL_Driver/Src/stm32f1xx_hal_adc.o
LOAD Drivers/STM32F1xx_HAL_Driver/Src/stm32f1xx_hal_adc_ex.o
LOAD Drivers/STM32F1xx_HAL_Driver/Src/stm32f1xx_hal_cortex.o
LOAD Drivers/STM32F1xx_HAL_Driver/Src/stm32f1xx_hal_dma.o
LOAD Drivers/STM32F1xx_HAL_Driver/Src/stm32f1xx_hal_exti.o
LOAD Drivers/STM32F1xx_HAL_Driver/Src/stm32f1xx_hal_flash.o
LOAD Drivers/STM32F1xx_HAL_Driver/Src/stm32f1xx_hal_flash_ex.o
LOAD Drivers/STM32F1xx_HAL_Driver/Src/stm32f1xx_hal_gpio.o
LOAD Drivers/STM32F1xx_HAL_Driver/Src/stm32f1xx_hal_gpio_ex.o
LOAD Drivers/STM32F1xx_HAL_Driver/Src/stm32f1xx_hal_pwr.o
LOAD Drivers/STM32F1xx_HAL_Driver/Src/stm32f1xx_hal_rcc.o
LOAD Drivers/STM32F1xx_HAL_Driver/Src/stm32f1xx_hal_rcc_ex.o
LOAD Drivers/STM32F1xx_HAL_Driver/Src/stm32f1xx_hal_tim.o
LOAD Drivers/STM32F1xx_HAL_Driver/Src/stm32f1xx_hal_tim_ex.o
START GROUP
LOAD c:/st/stm32cubeide_1.4.0/stm32cubeide/plugins/com.st.stm32cube.ide.mcu.externaltools.gnu-tools-for-stm32.7-2018-q2-update.win32_1.4.0.202007081208/tools/bin/../lib/gcc/arm-none-eabi/7.3.1/../../../../arm-none-eabi/lib/thumb/v7-m\libc_nano.a
LOAD c:/st/stm32cubeide_1.4.0/stm32cubeide/plugins/com.st.stm32cube.ide.mcu.externaltools.gnu-tools-for-stm32.7-2018-q2-update.win32_1.4.0.202007081208/tools/bin/../lib/gcc/arm-none-eabi/7.3.1/../../../../arm-none-eabi/lib/thumb/v7-m\libm.a
END GROUP
START GROUP
LOAD c:/st/stm32cubeide_1.4.0/stm32cubeide/plugins/com.st.stm32cube.ide.mcu.externaltools.gnu-tools-for-stm32.7-2018-q2-update.win32_1.4.0.202007081208/tools/bin/../lib/gcc/arm-none-eabi/7.3.1/thumb/v7-m\libgcc.a
LOAD c:/st/stm32cubeide_1.4.0/stm32cubeide/plugins/com.st.stm32cube.ide.mcu.externaltools.gnu-tools-for-stm32.7-2018-q2-update.win32_1.4.0.202007081208/tools/bin/../lib/gcc/arm-none-eabi/7.3.1/../../../../arm-none-eabi/lib/thumb/v7-m\libc_nano.a
END GROUP
START GROUP
LOAD c:/st/stm32cubeide_1.4.0/stm32cubeide/plugins/com.st.stm32cube.ide.mcu.externaltools.gnu-tools-for-stm32.7-2018-q2-update.win32_1.4.0.202007081208/tools/bin/../lib/gcc/arm-none-eabi/7.3.1/thumb/v7-m\libgcc.a
LOAD c:/st/stm32cubeide_1.4.0/stm32cubeide/plugins/com.st.stm32cube.ide.mcu.externaltools.gnu-tools-for-stm32.7-2018-q2-update.win32_1.4.0.202007081208/tools/bin/../lib/gcc/arm-none-eabi/7.3.1/../../../../arm-none-eabi/lib/thumb/v7-m\libc_nano.a
LOAD c:/st/stm32cubeide_1.4.0/stm32cubeide/plugins/com.st.stm32cube.ide.mcu.externaltools.gnu-tools-for-stm32.7-2018-q2-update.win32_1.4.0.202007081208/tools/bin/../lib/gcc/arm-none-eabi/7.3.1/../../../../arm-none-eabi/lib/thumb/v7-m\libnosys.a
END GROUP
START GROUP
LOAD c:/st/stm32cubeide_1.4.0/stm32cubeide/plugins/com.st.stm32cube.ide.mcu.externaltools.gnu-tools-for-stm32.7-2018-q2-update.win32_1.4.0.202007081208/tools/bin/../lib/gcc/arm-none-eabi/7.3.1/thumb/v7-m\libgcc.a
LOAD c:/st/stm32cubeide_1.4.0/stm32cubeide/plugins/com.st.stm32cube.ide.mcu.externaltools.gnu-tools-for-stm32.7-2018-q2-update.win32_1.4.0.202007081208/tools/bin/../lib/gcc/arm-none-eabi/7.3.1/../../../../arm-none-eabi/lib/thumb/v7-m\libc_nano.a
LOAD c:/st/stm32cubeide_1.4.0/stm32cubeide/plugins/com.st.stm32cube.ide.mcu.externaltools.gnu-tools-for-stm32.7-2018-q2-update.win32_1.4.0.202007081208/tools/bin/../lib/gcc/arm-none-eabi/7.3.1/../../../../arm-none-eabi/lib/thumb/v7-m\libnosys.a
END GROUP
LOAD c:/st/stm32cubeide_1.4.0/stm32cubeide/plugins/com.st.stm32cube.ide.mcu.externaltools.gnu-tools-for-stm32.7-2018-q2-update.win32_1.4.0.202007081208/tools/bin/../lib/gcc/arm-none-eabi/7.3.1/thumb/v7-m/crtend.o
LOAD c:/st/stm32cubeide_1.4.0/stm32cubeide/plugins/com.st.stm32cube.ide.mcu.externaltools.gnu-tools-for-stm32.7-2018-q2-update.win32_1.4.0.202007081208/tools/bin/../lib/gcc/arm-none-eabi/7.3.1/thumb/v7-m/crtn.o
                0x0000000020005000                _estack = (ORIGIN (RAM) + LENGTH (RAM))
                0x0000000000000200                _Min_Heap_Size = 0x200
                0x0000000000000400                _Min_Stack_Size = 0x400

.isr_vector     0x0000000008000000      0x10c
                0x0000000008000000                . = ALIGN (0x4)
 *(.isr_vector)
 .isr_vector    0x0000000008000000      0x10c Core/Startup/startup_stm32f103c8tx.o
                0x0000000008000000                g_pfnVectors
                0x000000000800010c                . = ALIGN (0x4)

.text           0x0000000008000110     0x5500
                0x0000000008000110                . = ALIGN (0x4)
 *(.text)
 .text          0x0000000008000110       0x40 c:/st/stm32cubeide_1.4.0/stm32cubeide/plugins/com.st.stm32cube.ide.mcu.externaltools.gnu-tools-for-stm32.7-2018-q2-update.win32_1.4.0.202007081208/tools/bin/../lib/gcc/arm-none-eabi/7.3.1/thumb/v7-m/crtbegin.o
 .text          0x0000000008000150      0x378 c:/st/stm32cubeide_1.4.0/stm32cubeide/plugins/com.st.stm32cube.ide.mcu.externaltools.gnu-tools-for-stm32.7-2018-q2-update.win32_1.4.0.202007081208/tools/bin/../lib/gcc/arm-none-eabi/7.3.1/thumb/v7-m\libgcc.a(_arm_addsubdf3.o)
                0x0000000008000150                __aeabi_drsub
                0x0000000008000158                __aeabi_dsub
                0x0000000008000158                __subdf3
                0x000000000800015c                __aeabi_dadd
                0x000000000800015c                __adddf3
                0x00000000080003d4                __floatunsidf
                0x00000000080003d4                __aeabi_ui2d
                0x00000000080003f4                __floatsidf
                0x00000000080003f4                __aeabi_i2d
                0x0000000008000418                __aeabi_f2d
                0x0000000008000418                __extendsfdf2
                0x000000000800045c                __floatundidf
                0x000000000800045c                __aeabi_ul2d
                0x000000000800046c                __floatdidf
                0x000000000800046c                __aeabi_l2d
 .text          0x00000000080004c8      0x424 c:/st/stm32cubeide_1.4.0/stm32cubeide/plugins/com.st.stm32cube.ide.mcu.externaltools.gnu-tools-for-stm32.7-2018-q2-update.win32_1.4.0.202007081208/tools/bin/../lib/gcc/arm-none-eabi/7.3.1/thumb/v7-m\libgcc.a(_arm_muldivdf3.o)
                0x00000000080004c8                __aeabi_dmul
                0x00000000080004c8                __muldf3
                0x000000000800071c                __divdf3
                0x000000000800071c                __aeabi_ddiv
 .text          0x00000000080008ec       0x50 c:/st/stm32cubeide_1.4.0/stm32cubeide/plugins/com.st.stm32cube.ide.mcu.externaltools.gnu-tools-for-stm32.7-2018-q2-update.win32_1.4.0.202007081208/tools/bin/../lib/gcc/arm-none-eabi/7.3.1/thumb/v7-m\libgcc.a(_arm_fixdfsi.o)
                0x00000000080008ec                __aeabi_d2iz
                0x00000000080008ec                __fixdfsi
 .text          0x000000000800093c       0x40 c:/st/stm32cubeide_1.4.0/stm32cubeide/plugins/com.st.stm32cube.ide.mcu.externaltools.gnu-tools-for-stm32.7-2018-q2-update.win32_1.4.0.202007081208/tools/bin/../lib/gcc/arm-none-eabi/7.3.1/thumb/v7-m\libgcc.a(_arm_fixunssfsi.o)
                0x000000000800093c                __fixunssfsi
                0x000000000800093c                __aeabi_f2uiz
 *(.text*)
 .text.aguaNatural
                0x000000000800097c       0x54 Core/Src/aguasNaturais.o
                0x000000000800097c                aguaNatural
 .text.aguaQuente
                0x00000000080009d0       0x60 Core/Src/aguasNaturais.o
                0x00000000080009d0                aguaQuente
 .text.aguaGelada
                0x0000000008000a30       0x60 Core/Src/aguasNaturais.o
                0x0000000008000a30                aguaGelada
 .text.chaGelado
                0x0000000008000a90       0x64 Core/Src/aguasNaturais.o
                0x0000000008000a90                chaGelado
 .text.chaQuente
                0x0000000008000af4       0x64 Core/Src/aguasNaturais.o
                0x0000000008000af4                chaQuente
 .text.aguaComGas
                0x0000000008000b58       0x68 Core/Src/bebidasGaseificadas.o
                0x0000000008000b58                aguaComGas
 .text.refrigerante
                0x0000000008000bc0       0x6c Core/Src/bebidasGaseificadas.o
                0x0000000008000bc0                refrigerante
 .text.tempo    0x0000000008000c2c       0x34 Core/Src/display.o
                0x0000000008000c2c                tempo
 .text.inicializa
                0x0000000008000c60       0x84 Core/Src/display.o
                0x0000000008000c60                inicializa
 .text.instrucoes
                0x0000000008000ce4      0x104 Core/Src/display.o
                0x0000000008000ce4                instrucoes
 .text.conversorB
                0x0000000008000de8       0x66 Core/Src/display.o
                0x0000000008000de8                conversorB
 .text.caracteres_especiais
                0x0000000008000e4e       0x46 Core/Src/display.o
                0x0000000008000e4e                caracteres_especiais
 .text.limpar   0x0000000008000e94        0xe Core/Src/display.o
                0x0000000008000e94                limpar
 *fill*         0x0000000008000ea2        0x2 
 .text.escreve_char
                0x0000000008000ea4       0xe4 Core/Src/display.o
                0x0000000008000ea4                escreve_char
 .text.escreve_string
                0x0000000008000f88       0xf4 Core/Src/display.o
                0x0000000008000f88                escreve_string
 .text.variaveis
                0x000000000800107c       0x72 Core/Src/display.o
                0x000000000800107c                variaveis
 *fill*         0x00000000080010ee        0x2 
 .text.pressostatoFiltro
                0x00000000080010f0       0x24 Core/Src/funcoes.o
                0x00000000080010f0                pressostatoFiltro
 .text.bomba    0x0000000008001114       0xb8 Core/Src/funcoes.o
                0x0000000008001114                bomba
 *fill*         0x00000000080011cc        0x4 
 .text.aquecer  0x00000000080011d0      0x14c Core/Src/funcoes.o
                0x00000000080011d0                aquecer
 *fill*         0x000000000800131c        0x4 
 .text.resfriar
                0x0000000008001320      0x144 Core/Src/funcoes.o
                0x0000000008001320                resfriar
 .text.iniciar  0x0000000008001464      0x224 Core/Src/funcoes.o
                0x0000000008001464                iniciar
 .text.pressostadoCO2
                0x0000000008001688       0x20 Core/Src/funcoes.o
                0x0000000008001688                pressostadoCO2
 .text.bombaGas
                0x00000000080016a8       0xfc Core/Src/funcoes.o
                0x00000000080016a8                bombaGas
 .text.botoes   0x00000000080017a4       0x5c Core/Src/funcoes.o
                0x00000000080017a4                botoes
 .text.lerBits  0x0000000008001800       0x5c Core/Src/funcoes.o
                0x0000000008001800                lerBits
 .text.main     0x000000000800185c       0x68 Core/Src/main.o
                0x000000000800185c                main
 .text.SystemClock_Config
                0x00000000080018c4       0xae Core/Src/main.o
                0x00000000080018c4                SystemClock_Config
 *fill*         0x0000000008001972        0x2 
 .text.MX_ADC1_Init
                0x0000000008001974      0x1ec Core/Src/main.o
 .text.MX_TIM2_Init
                0x0000000008001b60       0xdc Core/Src/main.o
 .text.MX_TIM3_Init
                0x0000000008001c3c       0x9c Core/Src/main.o
 .text.MX_TIM4_Init
                0x0000000008001cd8       0x9c Core/Src/main.o
 .text.MX_DMA_Init
                0x0000000008001d74       0x3c Core/Src/main.o
 .text.MX_GPIO_Init
                0x0000000008001db0      0x13c Core/Src/main.o
 .text.HAL_TIM_PeriodElapsedCallback
                0x0000000008001eec       0xa8 Core/Src/main.o
                0x0000000008001eec                HAL_TIM_PeriodElapsedCallback
 .text.HAL_ADC_ConvCpltCallback
                0x0000000008001f94       0x1c Core/Src/main.o
                0x0000000008001f94                HAL_ADC_ConvCpltCallback
 .text.Error_Handler
                0x0000000008001fb0        0xc Core/Src/main.o
                0x0000000008001fb0                Error_Handler
 .text.HAL_MspInit
                0x0000000008001fbc       0x64 Core/Src/stm32f1xx_hal_msp.o
                0x0000000008001fbc                HAL_MspInit
 .text.HAL_ADC_MspInit
                0x0000000008002020       0xd0 Core/Src/stm32f1xx_hal_msp.o
                0x0000000008002020                HAL_ADC_MspInit
 .text.HAL_TIM_PWM_MspInit
                0x00000000080020f0       0x38 Core/Src/stm32f1xx_hal_msp.o
                0x00000000080020f0                HAL_TIM_PWM_MspInit
 .text.HAL_TIM_Base_MspInit
                0x0000000008002128       0x84 Core/Src/stm32f1xx_hal_msp.o
                0x0000000008002128                HAL_TIM_Base_MspInit
 .text.HAL_TIM_MspPostInit
                0x00000000080021ac       0xc0 Core/Src/stm32f1xx_hal_msp.o
                0x00000000080021ac                HAL_TIM_MspPostInit
 .text.NMI_Handler
                0x000000000800226c        0xc Core/Src/stm32f1xx_it.o
                0x000000000800226c                NMI_Handler
 .text.HardFault_Handler
                0x0000000008002278        0x6 Core/Src/stm32f1xx_it.o
                0x0000000008002278                HardFault_Handler
 .text.MemManage_Handler
                0x000000000800227e        0x6 Core/Src/stm32f1xx_it.o
                0x000000000800227e                MemManage_Handler
 .text.BusFault_Handler
                0x0000000008002284        0x6 Core/Src/stm32f1xx_it.o
                0x0000000008002284                BusFault_Handler
 .text.UsageFault_Handler
                0x000000000800228a        0x6 Core/Src/stm32f1xx_it.o
                0x000000000800228a                UsageFault_Handler
 .text.SVC_Handler
                0x0000000008002290        0xc Core/Src/stm32f1xx_it.o
                0x0000000008002290                SVC_Handler
 .text.DebugMon_Handler
                0x000000000800229c        0xc Core/Src/stm32f1xx_it.o
                0x000000000800229c                DebugMon_Handler
 .text.PendSV_Handler
                0x00000000080022a8        0xc Core/Src/stm32f1xx_it.o
                0x00000000080022a8                PendSV_Handler
 .text.SysTick_Handler
                0x00000000080022b4        0xc Core/Src/stm32f1xx_it.o
                0x00000000080022b4                SysTick_Handler
 .text.DMA1_Channel1_IRQHandler
                0x00000000080022c0       0x14 Core/Src/stm32f1xx_it.o
                0x00000000080022c0                DMA1_Channel1_IRQHandler
 .text.TIM3_IRQHandler
                0x00000000080022d4       0x14 Core/Src/stm32f1xx_it.o
                0x00000000080022d4                TIM3_IRQHandler
 .text.TIM4_IRQHandler
                0x00000000080022e8       0x14 Core/Src/stm32f1xx_it.o
                0x00000000080022e8                TIM4_IRQHandler
 .text.SystemInit
                0x00000000080022fc        0xc Core/Src/system_stm32f1xx.o
                0x00000000080022fc                SystemInit
 .text.aquecendo
                0x0000000008002308       0x24 Core/Src/telas.o
                0x0000000008002308                aquecendo
 .text.resfriando
                0x000000000800232c       0x24 Core/Src/telas.o
                0x000000000800232c                resfriando
 .text.menuAgua
                0x0000000008002350       0xd8 Core/Src/telas.o
                0x0000000008002350                menuAgua
 .text.confirmacao
                0x0000000008002428       0x14 Core/Src/telas.o
                0x0000000008002428                confirmacao
 .text.capsulaEscolhida
                0x000000000800243c      0x2e4 Core/Src/telas.o
                0x000000000800243c                capsulaEscolhida
 .text.filtroSaturado
                0x0000000008002720       0x74 Core/Src/telas.o
                0x0000000008002720                filtroSaturado
 .text.CO2Saturado
                0x0000000008002794       0x74 Core/Src/telas.o
                0x0000000008002794                CO2Saturado
 .text.final    0x0000000008002808       0x34 Core/Src/telas.o
                0x0000000008002808                final
 .text.relogio  0x000000000800283c       0xdc Core/Src/telas.o
                0x000000000800283c                relogio
 .text.aguagEscrita
                0x0000000008002918       0x24 Core/Src/telas.o
                0x0000000008002918                aguagEscrita
 .text.aguaqEscrita
                0x000000000800293c       0x24 Core/Src/telas.o
                0x000000000800293c                aguaqEscrita
 .text.sairEscrever
                0x0000000008002960       0x24 Core/Src/telas.o
                0x0000000008002960                sairEscrever
 .text.aguanEscrita
                0x0000000008002984       0x24 Core/Src/telas.o
                0x0000000008002984                aguanEscrita
 .text.Reset_Handler
                0x00000000080029a8       0x48 Core/Startup/startup_stm32f103c8tx.o
                0x00000000080029a8                Reset_Handler
 .text.Default_Handler
                0x00000000080029f0        0x2 Core/Startup/startup_stm32f103c8tx.o
                0x00000000080029f0                RTC_Alarm_IRQHandler
                0x00000000080029f0                EXTI2_IRQHandler
                0x00000000080029f0                TIM1_CC_IRQHandler
                0x00000000080029f0                PVD_IRQHandler
                0x00000000080029f0                EXTI3_IRQHandler
                0x00000000080029f0                EXTI0_IRQHandler
                0x00000000080029f0                I2C2_EV_IRQHandler
                0x00000000080029f0                ADC1_2_IRQHandler
                0x00000000080029f0                SPI1_IRQHandler
                0x00000000080029f0                TAMPER_IRQHandler
                0x00000000080029f0                DMA1_Channel4_IRQHandler
                0x00000000080029f0                USART3_IRQHandler
                0x00000000080029f0                RTC_IRQHandler
                0x00000000080029f0                DMA1_Channel7_IRQHandler
                0x00000000080029f0                CAN1_RX1_IRQHandler
                0x00000000080029f0                I2C1_EV_IRQHandler
                0x00000000080029f0                DMA1_Channel6_IRQHandler
                0x00000000080029f0                RCC_IRQHandler
                0x00000000080029f0                TIM1_TRG_COM_IRQHandler
                0x00000000080029f0                Default_Handler
                0x00000000080029f0                EXTI15_10_IRQHandler
                0x00000000080029f0                EXTI9_5_IRQHandler
                0x00000000080029f0                SPI2_IRQHandler
                0x00000000080029f0                DMA1_Channel5_IRQHandler
                0x00000000080029f0                EXTI4_IRQHandler
                0x00000000080029f0                USB_LP_CAN1_RX0_IRQHandler
                0x00000000080029f0                USB_HP_CAN1_TX_IRQHandler
                0x00000000080029f0                DMA1_Channel3_IRQHandler
                0x00000000080029f0                TIM1_UP_IRQHandler
                0x00000000080029f0                WWDG_IRQHandler
                0x00000000080029f0                TIM2_IRQHandler
                0x00000000080029f0                TIM1_BRK_IRQHandler
                0x00000000080029f0                EXTI1_IRQHandler
                0x00000000080029f0                USART2_IRQHandler
                0x00000000080029f0                I2C2_ER_IRQHandler
                0x00000000080029f0                DMA1_Channel2_IRQHandler
                0x00000000080029f0                CAN1_SCE_IRQHandler
                0x00000000080029f0                FLASH_IRQHandler
                0x00000000080029f0                USART1_IRQHandler
                0x00000000080029f0                I2C1_ER_IRQHandler
                0x00000000080029f0                USBWakeUp_IRQHandler
 *fill*         0x00000000080029f2        0x2 
 .text.HAL_Init
                0x00000000080029f4       0x2c Drivers/STM32F1xx_HAL_Driver/Src/stm32f1xx_hal.o
                0x00000000080029f4                HAL_Init
 .text.HAL_InitTick
                0x0000000008002a20       0x60 Drivers/STM32F1xx_HAL_Driver/Src/stm32f1xx_hal.o
                0x0000000008002a20                HAL_InitTick
 .text.HAL_IncTick
                0x0000000008002a80       0x24 Drivers/STM32F1xx_HAL_Driver/Src/stm32f1xx_hal.o
                0x0000000008002a80                HAL_IncTick
 .text.HAL_GetTick
                0x0000000008002aa4       0x14 Drivers/STM32F1xx_HAL_Driver/Src/stm32f1xx_hal.o
                0x0000000008002aa4                HAL_GetTick
 .text.HAL_Delay
                0x0000000008002ab8       0x44 Drivers/STM32F1xx_HAL_Driver/Src/stm32f1xx_hal.o
                0x0000000008002ab8                HAL_Delay
 .text.HAL_ADC_Init
                0x0000000008002afc      0x1b0 Drivers/STM32F1xx_HAL_Driver/Src/stm32f1xx_hal_adc.o
                0x0000000008002afc                HAL_ADC_Init
 .text.HAL_ADC_Start_DMA
                0x0000000008002cac      0x1bc Drivers/STM32F1xx_HAL_Driver/Src/stm32f1xx_hal_adc.o
                0x0000000008002cac                HAL_ADC_Start_DMA
 .text.HAL_ADC_ConvHalfCpltCallback
                0x0000000008002e68       0x12 Drivers/STM32F1xx_HAL_Driver/Src/stm32f1xx_hal_adc.o
                0x0000000008002e68                HAL_ADC_ConvHalfCpltCallback
 .text.HAL_ADC_ErrorCallback
                0x0000000008002e7a       0x12 Drivers/STM32F1xx_HAL_Driver/Src/stm32f1xx_hal_adc.o
                0x0000000008002e7a                HAL_ADC_ErrorCallback
 .text.HAL_ADC_ConfigChannel
                0x0000000008002e8c      0x1f0 Drivers/STM32F1xx_HAL_Driver/Src/stm32f1xx_hal_adc.o
                0x0000000008002e8c                HAL_ADC_ConfigChannel
 .text.ADC_Enable
                0x000000000800307c       0xa4 Drivers/STM32F1xx_HAL_Driver/Src/stm32f1xx_hal_adc.o
                0x000000000800307c                ADC_Enable
 .text.ADC_ConversionStop_Disable
                0x0000000008003120       0x74 Drivers/STM32F1xx_HAL_Driver/Src/stm32f1xx_hal_adc.o
                0x0000000008003120                ADC_ConversionStop_Disable
 .text.ADC_DMAConvCplt
                0x0000000008003194       0x7c Drivers/STM32F1xx_HAL_Driver/Src/stm32f1xx_hal_adc.o
                0x0000000008003194                ADC_DMAConvCplt
 .text.ADC_DMAHalfConvCplt
                0x0000000008003210       0x1c Drivers/STM32F1xx_HAL_Driver/Src/stm32f1xx_hal_adc.o
                0x0000000008003210                ADC_DMAHalfConvCplt
 .text.ADC_DMAError
                0x000000000800322c       0x34 Drivers/STM32F1xx_HAL_Driver/Src/stm32f1xx_hal_adc.o
                0x000000000800322c                ADC_DMAError
 .text.__NVIC_SetPriorityGrouping
                0x0000000008003260       0x48 Drivers/STM32F1xx_HAL_Driver/Src/stm32f1xx_hal_cortex.o
 .text.__NVIC_GetPriorityGrouping
                0x00000000080032a8       0x1c Drivers/STM32F1xx_HAL_Driver/Src/stm32f1xx_hal_cortex.o
 .text.__NVIC_EnableIRQ
                0x00000000080032c4       0x38 Drivers/STM32F1xx_HAL_Driver/Src/stm32f1xx_hal_cortex.o
 .text.__NVIC_SetPriority
                0x00000000080032fc       0x54 Drivers/STM32F1xx_HAL_Driver/Src/stm32f1xx_hal_cortex.o
 .text.NVIC_EncodePriority
                0x0000000008003350       0x64 Drivers/STM32F1xx_HAL_Driver/Src/stm32f1xx_hal_cortex.o
 .text.SysTick_Config
                0x00000000080033b4       0x44 Drivers/STM32F1xx_HAL_Driver/Src/stm32f1xx_hal_cortex.o
 .text.HAL_NVIC_SetPriorityGrouping
                0x00000000080033f8       0x16 Drivers/STM32F1xx_HAL_Driver/Src/stm32f1xx_hal_cortex.o
                0x00000000080033f8                HAL_NVIC_SetPriorityGrouping
 .text.HAL_NVIC_SetPriority
                0x000000000800340e       0x38 Drivers/STM32F1xx_HAL_Driver/Src/stm32f1xx_hal_cortex.o
                0x000000000800340e                HAL_NVIC_SetPriority
 .text.HAL_NVIC_EnableIRQ
                0x0000000008003446       0x1c Drivers/STM32F1xx_HAL_Driver/Src/stm32f1xx_hal_cortex.o
                0x0000000008003446                HAL_NVIC_EnableIRQ
 .text.HAL_SYSTICK_Config
                0x0000000008003462       0x18 Drivers/STM32F1xx_HAL_Driver/Src/stm32f1xx_hal_cortex.o
                0x0000000008003462                HAL_SYSTICK_Config
 *fill*         0x000000000800347a        0x2 
 .text.HAL_DMA_Init
                0x000000000800347c       0xb4 Drivers/STM32F1xx_HAL_Driver/Src/stm32f1xx_hal_dma.o
                0x000000000800347c                HAL_DMA_Init
 .text.HAL_DMA_Start_IT
                0x0000000008003530       0xbe Drivers/STM32F1xx_HAL_Driver/Src/stm32f1xx_hal_dma.o
                0x0000000008003530                HAL_DMA_Start_IT
 *fill*         0x00000000080035ee        0x2 
 .text.HAL_DMA_IRQHandler
                0x00000000080035f0      0x20c Drivers/STM32F1xx_HAL_Driver/Src/stm32f1xx_hal_dma.o
                0x00000000080035f0                HAL_DMA_IRQHandler
 .text.DMA_SetConfig
                0x00000000080037fc       0x5a Drivers/STM32F1xx_HAL_Driver/Src/stm32f1xx_hal_dma.o
 *fill*         0x0000000008003856        0x2 
 .text.HAL_GPIO_Init
                0x0000000008003858      0x2b4 Drivers/STM32F1xx_HAL_Driver/Src/stm32f1xx_hal_gpio.o
                0x0000000008003858                HAL_GPIO_Init
 .text.HAL_GPIO_ReadPin
                0x0000000008003b0c       0x2e Drivers/STM32F1xx_HAL_Driver/Src/stm32f1xx_hal_gpio.o
                0x0000000008003b0c                HAL_GPIO_ReadPin
 .text.HAL_GPIO_WritePin
                0x0000000008003b3a       0x30 Drivers/STM32F1xx_HAL_Driver/Src/stm32f1xx_hal_gpio.o
                0x0000000008003b3a                HAL_GPIO_WritePin
 .text.HAL_GPIO_TogglePin
                0x0000000008003b6a       0x32 Drivers/STM32F1xx_HAL_Driver/Src/stm32f1xx_hal_gpio.o
                0x0000000008003b6a                HAL_GPIO_TogglePin
 .text.HAL_RCC_OscConfig
                0x0000000008003b9c      0x500 Drivers/STM32F1xx_HAL_Driver/Src/stm32f1xx_hal_rcc.o
                0x0000000008003b9c                HAL_RCC_OscConfig
 .text.HAL_RCC_ClockConfig
                0x000000000800409c      0x1d4 Drivers/STM32F1xx_HAL_Driver/Src/stm32f1xx_hal_rcc.o
                0x000000000800409c                HAL_RCC_ClockConfig
 .text.HAL_RCC_GetSysClockFreq
                0x0000000008004270       0xc4 Drivers/STM32F1xx_HAL_Driver/Src/stm32f1xx_hal_rcc.o
                0x0000000008004270                HAL_RCC_GetSysClockFreq
 .text.RCC_Delay
                0x0000000008004334       0x3c Drivers/STM32F1xx_HAL_Driver/Src/stm32f1xx_hal_rcc.o
 .text.HAL_RCCEx_PeriphCLKConfig
                0x0000000008004370      0x16c Drivers/STM32F1xx_HAL_Driver/Src/stm32f1xx_hal_rcc_ex.o
                0x0000000008004370                HAL_RCCEx_PeriphCLKConfig
 .text.HAL_TIM_Base_Init
                0x00000000080044dc       0x9e Drivers/STM32F1xx_HAL_Driver/Src/stm32f1xx_hal_tim.o
                0x00000000080044dc                HAL_TIM_Base_Init
 *fill*         0x000000000800457a        0x2 
 .text.HAL_TIM_Base_Start_IT
                0x000000000800457c       0xa4 Drivers/STM32F1xx_HAL_Driver/Src/stm32f1xx_hal_tim.o
                0x000000000800457c                HAL_TIM_Base_Start_IT
 .text.HAL_TIM_PWM_Init
                0x0000000008004620       0x9e Drivers/STM32F1xx_HAL_Driver/Src/stm32f1xx_hal_tim.o
                0x0000000008004620                HAL_TIM_PWM_Init
 *fill*         0x00000000080046be        0x2 
 .text.HAL_TIM_PWM_Start
                0x00000000080046c0      0x144 Drivers/STM32F1xx_HAL_Driver/Src/stm32f1xx_hal_tim.o
                0x00000000080046c0                HAL_TIM_PWM_Start
 .text.HAL_TIM_IRQHandler
                0x0000000008004804      0x210 Drivers/STM32F1xx_HAL_Driver/Src/stm32f1xx_hal_tim.o
                0x0000000008004804                HAL_TIM_IRQHandler
 .text.HAL_TIM_PWM_ConfigChannel
                0x0000000008004a14      0x17c Drivers/STM32F1xx_HAL_Driver/Src/stm32f1xx_hal_tim.o
                0x0000000008004a14                HAL_TIM_PWM_ConfigChannel
 .text.HAL_TIM_ConfigClockSource
                0x0000000008004b90      0x16e Drivers/STM32F1xx_HAL_Driver/Src/stm32f1xx_hal_tim.o
                0x0000000008004b90                HAL_TIM_ConfigClockSource
 .text.HAL_TIM_OC_DelayElapsedCallback
                0x0000000008004cfe       0x12 Drivers/STM32F1xx_HAL_Driver/Src/stm32f1xx_hal_tim.o
                0x0000000008004cfe                HAL_TIM_OC_DelayElapsedCallback
 .text.HAL_TIM_IC_CaptureCallback
                0x0000000008004d10       0x12 Drivers/STM32F1xx_HAL_Driver/Src/stm32f1xx_hal_tim.o
                0x0000000008004d10                HAL_TIM_IC_CaptureCallback
 .text.HAL_TIM_PWM_PulseFinishedCallback
                0x0000000008004d22       0x12 Drivers/STM32F1xx_HAL_Driver/Src/stm32f1xx_hal_tim.o
                0x0000000008004d22                HAL_TIM_PWM_PulseFinishedCallback
 .text.HAL_TIM_TriggerCallback
                0x0000000008004d34       0x12 Drivers/STM32F1xx_HAL_Driver/Src/stm32f1xx_hal_tim.o
                0x0000000008004d34                HAL_TIM_TriggerCallback
 *fill*         0x0000000008004d46        0x2 
 .text.TIM_Base_SetConfig
                0x0000000008004d48       0xc4 Drivers/STM32F1xx_HAL_Driver/Src/stm32f1xx_hal_tim.o
                0x0000000008004d48                TIM_Base_SetConfig
 .text.TIM_OC1_SetConfig
                0x0000000008004e0c       0xcc Drivers/STM32F1xx_HAL_Driver/Src/stm32f1xx_hal_tim.o
 .text.TIM_OC2_SetConfig
                0x0000000008004ed8       0xd4 Drivers/STM32F1xx_HAL_Driver/Src/stm32f1xx_hal_tim.o
                0x0000000008004ed8                TIM_OC2_SetConfig
 .text.TIM_OC3_SetConfig
                0x0000000008004fac       0xd4 Drivers/STM32F1xx_HAL_Driver/Src/stm32f1xx_hal_tim.o
 .text.TIM_OC4_SetConfig
                0x0000000008005080       0x9c Drivers/STM32F1xx_HAL_Driver/Src/stm32f1xx_hal_tim.o
 .text.TIM_TI1_ConfigInputStage
                0x000000000800511c       0x5c Drivers/STM32F1xx_HAL_Driver/Src/stm32f1xx_hal_tim.o
 .text.TIM_TI2_ConfigInputStage
                0x0000000008005178       0x5e Drivers/STM32F1xx_HAL_Driver/Src/stm32f1xx_hal_tim.o
 .text.TIM_ITRx_SetConfig
                0x00000000080051d6       0x34 Drivers/STM32F1xx_HAL_Driver/Src/stm32f1xx_hal_tim.o
 .text.TIM_ETR_SetConfig
                0x000000000800520a       0x3e Drivers/STM32F1xx_HAL_Driver/Src/stm32f1xx_hal_tim.o
                0x000000000800520a                TIM_ETR_SetConfig
 .text.TIM_CCxChannelCmd
                0x0000000008005248       0x48 Drivers/STM32F1xx_HAL_Driver/Src/stm32f1xx_hal_tim.o
                0x0000000008005248                TIM_CCxChannelCmd
 .text.HAL_TIMEx_MasterConfigSynchronization
                0x0000000008005290       0xbc Drivers/STM32F1xx_HAL_Driver/Src/stm32f1xx_hal_tim_ex.o
                0x0000000008005290                HAL_TIMEx_MasterConfigSynchronization
 .text.HAL_TIMEx_CommutCallback
                0x000000000800534c       0x12 Drivers/STM32F1xx_HAL_Driver/Src/stm32f1xx_hal_tim_ex.o
                0x000000000800534c                HAL_TIMEx_CommutCallback
 .text.HAL_TIMEx_BreakCallback
                0x000000000800535e       0x12 Drivers/STM32F1xx_HAL_Driver/Src/stm32f1xx_hal_tim_ex.o
                0x000000000800535e                HAL_TIMEx_BreakCallback
 .text.atoi     0x0000000008005370        0x8 c:/st/stm32cubeide_1.4.0/stm32cubeide/plugins/com.st.stm32cube.ide.mcu.externaltools.gnu-tools-for-stm32.7-2018-q2-update.win32_1.4.0.202007081208/tools/bin/../lib/gcc/arm-none-eabi/7.3.1/../../../../arm-none-eabi/lib/thumb/v7-m\libc_nano.a(lib_a-atoi.o)
                0x0000000008005370                atoi
 .text.__libc_init_array
                0x0000000008005378       0x48 c:/st/stm32cubeide_1.4.0/stm32cubeide/plugins/com.st.stm32cube.ide.mcu.externaltools.gnu-tools-for-stm32.7-2018-q2-update.win32_1.4.0.202007081208/tools/bin/../lib/gcc/arm-none-eabi/7.3.1/../../../../arm-none-eabi/lib/thumb/v7-m\libc_nano.a(lib_a-init.o)
                0x0000000008005378                __libc_init_array
 .text.__itoa   0x00000000080053c0       0x30 c:/st/stm32cubeide_1.4.0/stm32cubeide/plugins/com.st.stm32cube.ide.mcu.externaltools.gnu-tools-for-stm32.7-2018-q2-update.win32_1.4.0.202007081208/tools/bin/../lib/gcc/arm-none-eabi/7.3.1/../../../../arm-none-eabi/lib/thumb/v7-m\libc_nano.a(lib_a-itoa.o)
                0x00000000080053c0                __itoa
 .text.itoa     0x00000000080053f0        0x4 c:/st/stm32cubeide_1.4.0/stm32cubeide/plugins/com.st.stm32cube.ide.mcu.externaltools.gnu-tools-for-stm32.7-2018-q2-update.win32_1.4.0.202007081208/tools/bin/../lib/gcc/arm-none-eabi/7.3.1/../../../../arm-none-eabi/lib/thumb/v7-m\libc_nano.a(lib_a-itoa.o)
                0x00000000080053f0                itoa
 .text.memset   0x00000000080053f4       0x10 c:/st/stm32cubeide_1.4.0/stm32cubeide/plugins/com.st.stm32cube.ide.mcu.externaltools.gnu-tools-for-stm32.7-2018-q2-update.win32_1.4.0.202007081208/tools/bin/../lib/gcc/arm-none-eabi/7.3.1/../../../../arm-none-eabi/lib/thumb/v7-m\libc_nano.a(lib_a-memset.o)
                0x00000000080053f4                memset
 .text.strcpy   0x0000000008005404       0x10 c:/st/stm32cubeide_1.4.0/stm32cubeide/plugins/com.st.stm32cube.ide.mcu.externaltools.gnu-tools-for-stm32.7-2018-q2-update.win32_1.4.0.202007081208/tools/bin/../lib/gcc/arm-none-eabi/7.3.1/../../../../arm-none-eabi/lib/thumb/v7-m\libc_nano.a(lib_a-strcpy.o)
                0x0000000008005404                strcpy
 .text._strtol_l.isra.0
                0x0000000008005414       0xf6 c:/st/stm32cubeide_1.4.0/stm32cubeide/plugins/com.st.stm32cube.ide.mcu.externaltools.gnu-tools-for-stm32.7-2018-q2-update.win32_1.4.0.202007081208/tools/bin/../lib/gcc/arm-none-eabi/7.3.1/../../../../arm-none-eabi/lib/thumb/v7-m\libc_nano.a(lib_a-strtol.o)
 *fill*         0x000000000800550a        0x2 
 .text.strtol   0x000000000800550c       0x2c c:/st/stm32cubeide_1.4.0/stm32cubeide/plugins/com.st.stm32cube.ide.mcu.externaltools.gnu-tools-for-stm32.7-2018-q2-update.win32_1.4.0.202007081208/tools/bin/../lib/gcc/arm-none-eabi/7.3.1/../../../../arm-none-eabi/lib/thumb/v7-m\libc_nano.a(lib_a-strtol.o)
                0x000000000800550c                strtol
 .text.__utoa   0x0000000008005538       0x7c c:/st/stm32cubeide_1.4.0/stm32cubeide/plugins/com.st.stm32cube.ide.mcu.externaltools.gnu-tools-for-stm32.7-2018-q2-update.win32_1.4.0.202007081208/tools/bin/../lib/gcc/arm-none-eabi/7.3.1/../../../../arm-none-eabi/lib/thumb/v7-m\libc_nano.a(lib_a-utoa.o)
                0x0000000008005538                __utoa
 .text.__locale_ctype_ptr_l
                0x00000000080055b4        0x6 c:/st/stm32cubeide_1.4.0/stm32cubeide/plugins/com.st.stm32cube.ide.mcu.externaltools.gnu-tools-for-stm32.7-2018-q2-update.win32_1.4.0.202007081208/tools/bin/../lib/gcc/arm-none-eabi/7.3.1/../../../../arm-none-eabi/lib/thumb/v7-m\libc_nano.a(lib_a-locale.o)
                0x00000000080055b4                __locale_ctype_ptr_l
 .text.__ascii_mbtowc
                0x00000000080055ba       0x24 c:/st/stm32cubeide_1.4.0/stm32cubeide/plugins/com.st.stm32cube.ide.mcu.externaltools.gnu-tools-for-stm32.7-2018-q2-update.win32_1.4.0.202007081208/tools/bin/../lib/gcc/arm-none-eabi/7.3.1/../../../../arm-none-eabi/lib/thumb/v7-m\libc_nano.a(lib_a-mbtowc_r.o)
                0x00000000080055ba                __ascii_mbtowc
 .text.__ascii_wctomb
                0x00000000080055de       0x1a c:/st/stm32cubeide_1.4.0/stm32cubeide/plugins/com.st.stm32cube.ide.mcu.externaltools.gnu-tools-for-stm32.7-2018-q2-update.win32_1.4.0.202007081208/tools/bin/../lib/gcc/arm-none-eabi/7.3.1/../../../../arm-none-eabi/lib/thumb/v7-m\libc_nano.a(lib_a-wctomb_r.o)
                0x00000000080055de                __ascii_wctomb
 *(.glue_7)
 .glue_7        0x00000000080055f8        0x0 linker stubs
 *(.glue_7t)
 .glue_7t       0x00000000080055f8        0x0 linker stubs
 *(.eh_frame)
 .eh_frame      0x00000000080055f8        0x0 c:/st/stm32cubeide_1.4.0/stm32cubeide/plugins/com.st.stm32cube.ide.mcu.externaltools.gnu-tools-for-stm32.7-2018-q2-update.win32_1.4.0.202007081208/tools/bin/../lib/gcc/arm-none-eabi/7.3.1/thumb/v7-m/crtbegin.o
 *(.init)
 .init          0x00000000080055f8        0x4 c:/st/stm32cubeide_1.4.0/stm32cubeide/plugins/com.st.stm32cube.ide.mcu.externaltools.gnu-tools-for-stm32.7-2018-q2-update.win32_1.4.0.202007081208/tools/bin/../lib/gcc/arm-none-eabi/7.3.1/thumb/v7-m/crti.o
                0x00000000080055f8                _init
 .init          0x00000000080055fc        0x8 c:/st/stm32cubeide_1.4.0/stm32cubeide/plugins/com.st.stm32cube.ide.mcu.externaltools.gnu-tools-for-stm32.7-2018-q2-update.win32_1.4.0.202007081208/tools/bin/../lib/gcc/arm-none-eabi/7.3.1/thumb/v7-m/crtn.o
 *(.fini)
 .fini          0x0000000008005604        0x4 c:/st/stm32cubeide_1.4.0/stm32cubeide/plugins/com.st.stm32cube.ide.mcu.externaltools.gnu-tools-for-stm32.7-2018-q2-update.win32_1.4.0.202007081208/tools/bin/../lib/gcc/arm-none-eabi/7.3.1/thumb/v7-m/crti.o
                0x0000000008005604                _fini
 .fini          0x0000000008005608        0x8 c:/st/stm32cubeide_1.4.0/stm32cubeide/plugins/com.st.stm32cube.ide.mcu.externaltools.gnu-tools-for-stm32.7-2018-q2-update.win32_1.4.0.202007081208/tools/bin/../lib/gcc/arm-none-eabi/7.3.1/thumb/v7-m/crtn.o
                0x0000000008005610                . = ALIGN (0x4)
                0x0000000008005610                _etext = .

.vfp11_veneer   0x0000000008005610        0x0
 .vfp11_veneer  0x0000000008005610        0x0 linker stubs

.v4_bx          0x0000000008005610        0x0
 .v4_bx         0x0000000008005610        0x0 linker stubs

.iplt           0x0000000008005610        0x0
 .iplt          0x0000000008005610        0x0 c:/st/stm32cubeide_1.4.0/stm32cubeide/plugins/com.st.stm32cube.ide.mcu.externaltools.gnu-tools-for-stm32.7-2018-q2-update.win32_1.4.0.202007081208/tools/bin/../lib/gcc/arm-none-eabi/7.3.1/thumb/v7-m/crtbegin.o

.rodata         0x0000000008005610      0x2f0
                0x0000000008005610                . = ALIGN (0x4)
 *(.rodata)
 .rodata        0x0000000008005610        0xe Core/Src/aguasNaturais.o
 *fill*         0x000000000800561e        0x2 
 .rodata        0x0000000008005620       0x76 Core/Src/funcoes.o
 *fill*         0x0000000008005696        0x2 
 .rodata        0x0000000008005698      0x111 Core/Src/telas.o
 *fill*         0x00000000080057a9        0x3 
 .rodata        0x00000000080057ac       0x12 Drivers/STM32F1xx_HAL_Driver/Src/stm32f1xx_hal_rcc.o
 *(.rodata*)
 *fill*         0x00000000080057be        0x2 
 .rodata.AHBPrescTable
                0x00000000080057c0       0x10 Core/Src/system_stm32f1xx.o
                0x00000000080057c0                AHBPrescTable
 .rodata.__utoa.str1.1
                0x00000000080057d0       0x25 c:/st/stm32cubeide_1.4.0/stm32cubeide/plugins/com.st.stm32cube.ide.mcu.externaltools.gnu-tools-for-stm32.7-2018-q2-update.win32_1.4.0.202007081208/tools/bin/../lib/gcc/arm-none-eabi/7.3.1/../../../../arm-none-eabi/lib/thumb/v7-m\libc_nano.a(lib_a-utoa.o)
 .rodata._setlocale_r.str1.1
                0x00000000080057f5        0x8 c:/st/stm32cubeide_1.4.0/stm32cubeide/plugins/com.st.stm32cube.ide.mcu.externaltools.gnu-tools-for-stm32.7-2018-q2-update.win32_1.4.0.202007081208/tools/bin/../lib/gcc/arm-none-eabi/7.3.1/../../../../arm-none-eabi/lib/thumb/v7-m\libc_nano.a(lib_a-locale.o)
                                          0x9 (size before relaxing)
 .rodata.str1.1
                0x00000000080057fd        0x2 c:/st/stm32cubeide_1.4.0/stm32cubeide/plugins/com.st.stm32cube.ide.mcu.externaltools.gnu-tools-for-stm32.7-2018-q2-update.win32_1.4.0.202007081208/tools/bin/../lib/gcc/arm-none-eabi/7.3.1/../../../../arm-none-eabi/lib/thumb/v7-m\libc_nano.a(lib_a-locale.o)
 .rodata._ctype_
                0x00000000080057ff      0x101 c:/st/stm32cubeide_1.4.0/stm32cubeide/plugins/com.st.stm32cube.ide.mcu.externaltools.gnu-tools-for-stm32.7-2018-q2-update.win32_1.4.0.202007081208/tools/bin/../lib/gcc/arm-none-eabi/7.3.1/../../../../arm-none-eabi/lib/thumb/v7-m\libc_nano.a(lib_a-ctype_.o)
                0x00000000080057ff                _ctype_
                0x0000000008005900                . = ALIGN (0x4)

.rel.dyn        0x0000000008005900        0x0
 .rel.iplt      0x0000000008005900        0x0 c:/st/stm32cubeide_1.4.0/stm32cubeide/plugins/com.st.stm32cube.ide.mcu.externaltools.gnu-tools-for-stm32.7-2018-q2-update.win32_1.4.0.202007081208/tools/bin/../lib/gcc/arm-none-eabi/7.3.1/thumb/v7-m/crtbegin.o

.ARM.extab      0x0000000008005900        0x0
                0x0000000008005900                . = ALIGN (0x4)
 *(.ARM.extab* .gnu.linkonce.armextab.*)
                0x0000000008005900                . = ALIGN (0x4)

.ARM            0x0000000008005900        0x0
                0x0000000008005900                . = ALIGN (0x4)
                0x0000000008005900                __exidx_start = .
 *(.ARM.exidx*)
                0x0000000008005900                __exidx_end = .
                0x0000000008005900                . = ALIGN (0x4)

.preinit_array  0x0000000008005900        0x0
                0x0000000008005900                . = ALIGN (0x4)
                0x0000000008005900                PROVIDE (__preinit_array_start = .)
 *(.preinit_array*)
                0x0000000008005900                PROVIDE (__preinit_array_end = .)
                0x0000000008005900                . = ALIGN (0x4)

.init_array     0x0000000008005900        0x4
                0x0000000008005900                . = ALIGN (0x4)
                0x0000000008005900                PROVIDE (__init_array_start = .)
 *(SORT_BY_NAME(.init_array.*))
 *(.init_array*)
 .init_array    0x0000000008005900        0x4 c:/st/stm32cubeide_1.4.0/stm32cubeide/plugins/com.st.stm32cube.ide.mcu.externaltools.gnu-tools-for-stm32.7-2018-q2-update.win32_1.4.0.202007081208/tools/bin/../lib/gcc/arm-none-eabi/7.3.1/thumb/v7-m/crtbegin.o
                0x0000000008005904                PROVIDE (__init_array_end = .)
                0x0000000008005904                . = ALIGN (0x4)

.fini_array     0x0000000008005904        0x4
                0x0000000008005904                . = ALIGN (0x4)
                [!provide]                        PROVIDE (__fini_array_start = .)
 *(SORT_BY_NAME(.fini_array.*))
 *(.fini_array*)
 .fini_array    0x0000000008005904        0x4 c:/st/stm32cubeide_1.4.0/stm32cubeide/plugins/com.st.stm32cube.ide.mcu.externaltools.gnu-tools-for-stm32.7-2018-q2-update.win32_1.4.0.202007081208/tools/bin/../lib/gcc/arm-none-eabi/7.3.1/thumb/v7-m/crtbegin.o
                [!provide]                        PROVIDE (__fini_array_end = .)
                0x0000000008005908                . = ALIGN (0x4)
                0x0000000008005908                _sidata = LOADADDR (.data)

.data           0x0000000020000000      0x218 load address 0x0000000008005908
                0x0000000020000000                . = ALIGN (0x4)
                0x0000000020000000                _sdata = .
 *(.data)
 *(.data*)
 .data.D4       0x0000000020000000        0x2 Core/Src/display.o
                0x0000000020000000                D4
 .data.D5       0x0000000020000002        0x2 Core/Src/display.o
                0x0000000020000002                D5
 .data.D6       0x0000000020000004        0x2 Core/Src/display.o
                0x0000000020000004                D6
 .data.D7       0x0000000020000006        0x2 Core/Src/display.o
                0x0000000020000006                D7
 .data.E        0x0000000020000008        0x2 Core/Src/display.o
                0x0000000020000008                E
 .data.RS       0x000000002000000a        0x2 Core/Src/display.o
                0x000000002000000a                RS
 .data.cg0      0x000000002000000c        0x1 Core/Src/display.o
                0x000000002000000c                cg0
 .data.cg1      0x000000002000000d        0x1 Core/Src/display.o
                0x000000002000000d                cg1
 .data.cg2      0x000000002000000e        0x1 Core/Src/display.o
                0x000000002000000e                cg2
 .data.cg3      0x000000002000000f        0x1 Core/Src/display.o
                0x000000002000000f                cg3
 .data.cg4      0x0000000020000010        0x1 Core/Src/display.o
                0x0000000020000010                cg4
 *fill*         0x0000000020000011        0x3 
 .data.cd       0x0000000020000014        0x8 Core/Src/display.o
                0x0000000020000014                cd
 .data.ac       0x000000002000001c        0x8 Core/Src/display.o
                0x000000002000001c                ac
 .data.ec       0x0000000020000024        0x8 Core/Src/display.o
                0x0000000020000024                ec
 .data.at       0x000000002000002c        0x8 Core/Src/display.o
                0x000000002000002c                at
 .data.ot       0x0000000020000034        0x8 Core/Src/display.o
                0x0000000020000034                ot
 .data.SystemCoreClock
                0x000000002000003c        0x4 Core/Src/system_stm32f1xx.o
                0x000000002000003c                SystemCoreClock
 .data.uwTickPrio
                0x0000000020000040        0x4 Drivers/STM32F1xx_HAL_Driver/Src/stm32f1xx_hal.o
                0x0000000020000040                uwTickPrio
 .data.uwTickFreq
                0x0000000020000044        0x1 Drivers/STM32F1xx_HAL_Driver/Src/stm32f1xx_hal.o
                0x0000000020000044                uwTickFreq
 *fill*         0x0000000020000045        0x3 
 .data._impure_ptr
                0x0000000020000048        0x4 c:/st/stm32cubeide_1.4.0/stm32cubeide/plugins/com.st.stm32cube.ide.mcu.externaltools.gnu-tools-for-stm32.7-2018-q2-update.win32_1.4.0.202007081208/tools/bin/../lib/gcc/arm-none-eabi/7.3.1/../../../../arm-none-eabi/lib/thumb/v7-m\libc_nano.a(lib_a-impure.o)
                0x0000000020000048                _impure_ptr
 .data.impure_data
                0x000000002000004c       0x60 c:/st/stm32cubeide_1.4.0/stm32cubeide/plugins/com.st.stm32cube.ide.mcu.externaltools.gnu-tools-for-stm32.7-2018-q2-update.win32_1.4.0.202007081208/tools/bin/../lib/gcc/arm-none-eabi/7.3.1/../../../../arm-none-eabi/lib/thumb/v7-m\libc_nano.a(lib_a-impure.o)
 .data.__global_locale
                0x00000000200000ac      0x16c c:/st/stm32cubeide_1.4.0/stm32cubeide/plugins/com.st.stm32cube.ide.mcu.externaltools.gnu-tools-for-stm32.7-2018-q2-update.win32_1.4.0.202007081208/tools/bin/../lib/gcc/arm-none-eabi/7.3.1/../../../../arm-none-eabi/lib/thumb/v7-m\libc_nano.a(lib_a-locale.o)
                0x00000000200000ac                __global_locale
                0x0000000020000218                . = ALIGN (0x4)
                0x0000000020000218                _edata = .

.igot.plt       0x0000000020000218        0x0 load address 0x0000000008005b20
 .igot.plt      0x0000000020000218        0x0 c:/st/stm32cubeide_1.4.0/stm32cubeide/plugins/com.st.stm32cube.ide.mcu.externaltools.gnu-tools-for-stm32.7-2018-q2-update.win32_1.4.0.202007081208/tools/bin/../lib/gcc/arm-none-eabi/7.3.1/thumb/v7-m/crtbegin.o
                0x0000000020000218                . = ALIGN (0x4)

.bss            0x0000000020000218      0x2c4 load address 0x0000000008005b20
                0x0000000020000218                _sbss = .
                0x0000000020000218                __bss_start__ = _sbss
 *(.bss)
 .bss           0x0000000020000218       0x1c c:/st/stm32cubeide_1.4.0/stm32cubeide/plugins/com.st.stm32cube.ide.mcu.externaltools.gnu-tools-for-stm32.7-2018-q2-update.win32_1.4.0.202007081208/tools/bin/../lib/gcc/arm-none-eabi/7.3.1/thumb/v7-m/crtbegin.o
 *(.bss*)
 *(COMMON)
 COMMON         0x0000000020000234      0x1cc Core/Src/aguasNaturais.o
                0x0000000020000234                horas
                0x0000000020000235                aquecido
                0x0000000020000236                flag
                0x0000000020000237                segundos
                0x0000000020000238                hadc1
                0x0000000020000268                Vsense
                0x000000002000026c                hdma_adc1
                0x00000000200002b0                presCO2
                0x00000000200002b1                bn1
                0x00000000200002b4                temperatura
                0x00000000200002b8                presF
                0x00000000200002bc                capsula
                0x00000000200003bc                minutos
                0x00000000200003c0                adcData
 COMMON         0x0000000020000400       0xd8 Core/Src/main.o
                0x0000000020000400                htim4
                0x0000000020000448                htim3
                0x0000000020000490                htim2
 COMMON         0x00000000200004d8        0x4 Drivers/STM32F1xx_HAL_Driver/Src/stm32f1xx_hal.o
                0x00000000200004d8                uwTick
                0x00000000200004dc                . = ALIGN (0x4)
                0x00000000200004dc                _ebss = .
                0x00000000200004dc                __bss_end__ = _ebss

._user_heap_stack
                0x00000000200004dc      0x604 load address 0x0000000008005b20
                0x00000000200004e0                . = ALIGN (0x8)
 *fill*         0x00000000200004dc        0x4 
                [!provide]                        PROVIDE (end = .)
                0x00000000200004e0                PROVIDE (_end = .)
                0x00000000200006e0                . = (. + _Min_Heap_Size)
 *fill*         0x00000000200004e0      0x200 
                0x0000000020000ae0                . = (. + _Min_Stack_Size)
 *fill*         0x00000000200006e0      0x400 
                0x0000000020000ae0                . = ALIGN (0x8)

/DISCARD/
 libc.a(*)
 libm.a(*)
 libgcc.a(*)

.ARM.attributes
                0x0000000000000000       0x29
 *(.ARM.attributes)
 .ARM.attributes
                0x0000000000000000       0x1d c:/st/stm32cubeide_1.4.0/stm32cubeide/plugins/com.st.stm32cube.ide.mcu.externaltools.gnu-tools-for-stm32.7-2018-q2-update.win32_1.4.0.202007081208/tools/bin/../lib/gcc/arm-none-eabi/7.3.1/thumb/v7-m/crti.o
 .ARM.attributes
                0x000000000000001d       0x2d c:/st/stm32cubeide_1.4.0/stm32cubeide/plugins/com.st.stm32cube.ide.mcu.externaltools.gnu-tools-for-stm32.7-2018-q2-update.win32_1.4.0.202007081208/tools/bin/../lib/gcc/arm-none-eabi/7.3.1/thumb/v7-m/crtbegin.o
 .ARM.attributes
                0x000000000000004a       0x33 Core/Src/aguasNaturais.o
 .ARM.attributes
                0x000000000000007d       0x33 Core/Src/bebidasGaseificadas.o
 .ARM.attributes
                0x00000000000000b0       0x33 Core/Src/display.o
 .ARM.attributes
                0x00000000000000e3       0x33 Core/Src/funcoes.o
 .ARM.attributes
                0x0000000000000116       0x33 Core/Src/main.o
 .ARM.attributes
                0x0000000000000149       0x33 Core/Src/stm32f1xx_hal_msp.o
 .ARM.attributes
                0x000000000000017c       0x33 Core/Src/stm32f1xx_it.o
 .ARM.attributes
                0x00000000000001af       0x33 Core/Src/system_stm32f1xx.o
 .ARM.attributes
                0x00000000000001e2       0x33 Core/Src/telas.o
 .ARM.attributes
                0x0000000000000215       0x21 Core/Startup/startup_stm32f103c8tx.o
 .ARM.attributes
                0x0000000000000236       0x33 Drivers/STM32F1xx_HAL_Driver/Src/stm32f1xx_hal.o
 .ARM.attributes
                0x0000000000000269       0x33 Drivers/STM32F1xx_HAL_Driver/Src/stm32f1xx_hal_adc.o
 .ARM.attributes
                0x000000000000029c       0x33 Drivers/STM32F1xx_HAL_Driver/Src/stm32f1xx_hal_cortex.o
 .ARM.attributes
                0x00000000000002cf       0x33 Drivers/STM32F1xx_HAL_Driver/Src/stm32f1xx_hal_dma.o
 .ARM.attributes
                0x0000000000000302       0x33 Drivers/STM32F1xx_HAL_Driver/Src/stm32f1xx_hal_gpio.o
 .ARM.attributes
                0x0000000000000335       0x33 Drivers/STM32F1xx_HAL_Driver/Src/stm32f1xx_hal_rcc.o
 .ARM.attributes
                0x0000000000000368       0x33 Drivers/STM32F1xx_HAL_Driver/Src/stm32f1xx_hal_rcc_ex.o
 .ARM.attributes
                0x000000000000039b       0x33 Drivers/STM32F1xx_HAL_Driver/Src/stm32f1xx_hal_tim.o
 .ARM.attributes
                0x00000000000003ce       0x33 Drivers/STM32F1xx_HAL_Driver/Src/stm32f1xx_hal_tim_ex.o
 .ARM.attributes
                0x0000000000000401       0x2d c:/st/stm32cubeide_1.4.0/stm32cubeide/plugins/com.st.stm32cube.ide.mcu.externaltools.gnu-tools-for-stm32.7-2018-q2-update.win32_1.4.0.202007081208/tools/bin/../lib/gcc/arm-none-eabi/7.3.1/../../../../arm-none-eabi/lib/thumb/v7-m\libc_nano.a(lib_a-atoi.o)
 .ARM.attributes
                0x000000000000042e       0x2d c:/st/stm32cubeide_1.4.0/stm32cubeide/plugins/com.st.stm32cube.ide.mcu.externaltools.gnu-tools-for-stm32.7-2018-q2-update.win32_1.4.0.202007081208/tools/bin/../lib/gcc/arm-none-eabi/7.3.1/../../../../arm-none-eabi/lib/thumb/v7-m\libc_nano.a(lib_a-impure.o)
 .ARM.attributes
                0x000000000000045b       0x2d c:/st/stm32cubeide_1.4.0/stm32cubeide/plugins/com.st.stm32cube.ide.mcu.externaltools.gnu-tools-for-stm32.7-2018-q2-update.win32_1.4.0.202007081208/tools/bin/../lib/gcc/arm-none-eabi/7.3.1/../../../../arm-none-eabi/lib/thumb/v7-m\libc_nano.a(lib_a-init.o)
 .ARM.attributes
                0x0000000000000488       0x2d c:/st/stm32cubeide_1.4.0/stm32cubeide/plugins/com.st.stm32cube.ide.mcu.externaltools.gnu-tools-for-stm32.7-2018-q2-update.win32_1.4.0.202007081208/tools/bin/../lib/gcc/arm-none-eabi/7.3.1/../../../../arm-none-eabi/lib/thumb/v7-m\libc_nano.a(lib_a-itoa.o)
 .ARM.attributes
                0x00000000000004b5       0x2d c:/st/stm32cubeide_1.4.0/stm32cubeide/plugins/com.st.stm32cube.ide.mcu.externaltools.gnu-tools-for-stm32.7-2018-q2-update.win32_1.4.0.202007081208/tools/bin/../lib/gcc/arm-none-eabi/7.3.1/../../../../arm-none-eabi/lib/thumb/v7-m\libc_nano.a(lib_a-memset.o)
 .ARM.attributes
                0x00000000000004e2       0x2d c:/st/stm32cubeide_1.4.0/stm32cubeide/plugins/com.st.stm32cube.ide.mcu.externaltools.gnu-tools-for-stm32.7-2018-q2-update.win32_1.4.0.202007081208/tools/bin/../lib/gcc/arm-none-eabi/7.3.1/../../../../arm-none-eabi/lib/thumb/v7-m\libc_nano.a(lib_a-strcpy.o)
 .ARM.attributes
                0x000000000000050f       0x2d c:/st/stm32cubeide_1.4.0/stm32cubeide/plugins/com.st.stm32cube.ide.mcu.externaltools.gnu-tools-for-stm32.7-2018-q2-update.win32_1.4.0.202007081208/tools/bin/../lib/gcc/arm-none-eabi/7.3.1/../../../../arm-none-eabi/lib/thumb/v7-m\libc_nano.a(lib_a-strtol.o)
 .ARM.attributes
                0x000000000000053c       0x2d c:/st/stm32cubeide_1.4.0/stm32cubeide/plugins/com.st.stm32cube.ide.mcu.externaltools.gnu-tools-for-stm32.7-2018-q2-update.win32_1.4.0.202007081208/tools/bin/../lib/gcc/arm-none-eabi/7.3.1/../../../../arm-none-eabi/lib/thumb/v7-m\libc_nano.a(lib_a-utoa.o)
 .ARM.attributes
                0x0000000000000569       0x2d c:/st/stm32cubeide_1.4.0/stm32cubeide/plugins/com.st.stm32cube.ide.mcu.externaltools.gnu-tools-for-stm32.7-2018-q2-update.win32_1.4.0.202007081208/tools/bin/../lib/gcc/arm-none-eabi/7.3.1/../../../../arm-none-eabi/lib/thumb/v7-m\libc_nano.a(lib_a-locale.o)
 .ARM.attributes
                0x0000000000000596       0x2d c:/st/stm32cubeide_1.4.0/stm32cubeide/plugins/com.st.stm32cube.ide.mcu.externaltools.gnu-tools-for-stm32.7-2018-q2-update.win32_1.4.0.202007081208/tools/bin/../lib/gcc/arm-none-eabi/7.3.1/../../../../arm-none-eabi/lib/thumb/v7-m\libc_nano.a(lib_a-mbtowc_r.o)
 .ARM.attributes
                0x00000000000005c3       0x2d c:/st/stm32cubeide_1.4.0/stm32cubeide/plugins/com.st.stm32cube.ide.mcu.externaltools.gnu-tools-for-stm32.7-2018-q2-update.win32_1.4.0.202007081208/tools/bin/../lib/gcc/arm-none-eabi/7.3.1/../../../../arm-none-eabi/lib/thumb/v7-m\libc_nano.a(lib_a-wctomb_r.o)
 .ARM.attributes
                0x00000000000005f0       0x2d c:/st/stm32cubeide_1.4.0/stm32cubeide/plugins/com.st.stm32cube.ide.mcu.externaltools.gnu-tools-for-stm32.7-2018-q2-update.win32_1.4.0.202007081208/tools/bin/../lib/gcc/arm-none-eabi/7.3.1/../../../../arm-none-eabi/lib/thumb/v7-m\libc_nano.a(lib_a-ctype_.o)
 .ARM.attributes
                0x000000000000061d       0x1d c:/st/stm32cubeide_1.4.0/stm32cubeide/plugins/com.st.stm32cube.ide.mcu.externaltools.gnu-tools-for-stm32.7-2018-q2-update.win32_1.4.0.202007081208/tools/bin/../lib/gcc/arm-none-eabi/7.3.1/thumb/v7-m\libgcc.a(_arm_addsubdf3.o)
 .ARM.attributes
                0x000000000000063a       0x1d c:/st/stm32cubeide_1.4.0/stm32cubeide/plugins/com.st.stm32cube.ide.mcu.externaltools.gnu-tools-for-stm32.7-2018-q2-update.win32_1.4.0.202007081208/tools/bin/../lib/gcc/arm-none-eabi/7.3.1/thumb/v7-m\libgcc.a(_arm_muldivdf3.o)
 .ARM.attributes
                0x0000000000000657       0x1d c:/st/stm32cubeide_1.4.0/stm32cubeide/plugins/com.st.stm32cube.ide.mcu.externaltools.gnu-tools-for-stm32.7-2018-q2-update.win32_1.4.0.202007081208/tools/bin/../lib/gcc/arm-none-eabi/7.3.1/thumb/v7-m\libgcc.a(_arm_fixdfsi.o)
 .ARM.attributes
                0x0000000000000674       0x1d c:/st/stm32cubeide_1.4.0/stm32cubeide/plugins/com.st.stm32cube.ide.mcu.externaltools.gnu-tools-for-stm32.7-2018-q2-update.win32_1.4.0.202007081208/tools/bin/../lib/gcc/arm-none-eabi/7.3.1/thumb/v7-m\libgcc.a(_arm_fixunssfsi.o)
 .ARM.attributes
                0x0000000000000691       0x1d c:/st/stm32cubeide_1.4.0/stm32cubeide/plugins/com.st.stm32cube.ide.mcu.externaltools.gnu-tools-for-stm32.7-2018-q2-update.win32_1.4.0.202007081208/tools/bin/../lib/gcc/arm-none-eabi/7.3.1/thumb/v7-m/crtn.o
OUTPUT(trabalhofinal.elf elf32-littlearm)

.debug_info     0x0000000000000000     0xfa67
 .debug_info    0x0000000000000000     0x107f Core/Src/aguasNaturais.o
 .debug_info    0x000000000000107f     0x104c Core/Src/bebidasGaseificadas.o
 .debug_info    0x00000000000020cb      0xd8c Core/Src/display.o
 .debug_info    0x0000000000002e57     0x13a3 Core/Src/funcoes.o
 .debug_info    0x00000000000041fa     0x1a58 Core/Src/main.o
 .debug_info    0x0000000000005c52      0xe22 Core/Src/stm32f1xx_hal_msp.o
 .debug_info    0x0000000000006a74      0x77b Core/Src/stm32f1xx_it.o
 .debug_info    0x00000000000071ef      0x29a Core/Src/system_stm32f1xx.o
 .debug_info    0x0000000000007489     0x10ee Core/Src/telas.o
 .debug_info    0x0000000000008577       0x22 Core/Startup/startup_stm32f103c8tx.o
 .debug_info    0x0000000000008599      0x714 Drivers/STM32F1xx_HAL_Driver/Src/stm32f1xx_hal.o
 .debug_info    0x0000000000008cad      0xc6c Drivers/STM32F1xx_HAL_Driver/Src/stm32f1xx_hal_adc.o
 .debug_info    0x0000000000009919      0xb51 Drivers/STM32F1xx_HAL_Driver/Src/stm32f1xx_hal_cortex.o
 .debug_info    0x000000000000a46a      0x7b1 Drivers/STM32F1xx_HAL_Driver/Src/stm32f1xx_hal_dma.o
 .debug_info    0x000000000000ac1b      0x69b Drivers/STM32F1xx_HAL_Driver/Src/stm32f1xx_hal_gpio.o
 .debug_info    0x000000000000b2b6      0x80f Drivers/STM32F1xx_HAL_Driver/Src/stm32f1xx_hal_rcc.o
 .debug_info    0x000000000000bac5      0x444 Drivers/STM32F1xx_HAL_Driver/Src/stm32f1xx_hal_rcc_ex.o
 .debug_info    0x000000000000bf09     0x27ef Drivers/STM32F1xx_HAL_Driver/Src/stm32f1xx_hal_tim.o
 .debug_info    0x000000000000e6f8     0x136f Drivers/STM32F1xx_HAL_Driver/Src/stm32f1xx_hal_tim_ex.o

.debug_abbrev   0x0000000000000000     0x2432
 .debug_abbrev  0x0000000000000000      0x1c9 Core/Src/aguasNaturais.o
 .debug_abbrev  0x00000000000001c9      0x1c9 Core/Src/bebidasGaseificadas.o
 .debug_abbrev  0x0000000000000392      0x269 Core/Src/display.o
 .debug_abbrev  0x00000000000005fb      0x22a Core/Src/funcoes.o
 .debug_abbrev  0x0000000000000825      0x2bc Core/Src/main.o
 .debug_abbrev  0x0000000000000ae1      0x203 Core/Src/stm32f1xx_hal_msp.o
 .debug_abbrev  0x0000000000000ce4      0x15a Core/Src/stm32f1xx_it.o
 .debug_abbrev  0x0000000000000e3e      0x134 Core/Src/system_stm32f1xx.o
 .debug_abbrev  0x0000000000000f72      0x261 Core/Src/telas.o
 .debug_abbrev  0x00000000000011d3       0x12 Core/Startup/startup_stm32f103c8tx.o
 .debug_abbrev  0x00000000000011e5      0x1c7 Drivers/STM32F1xx_HAL_Driver/Src/stm32f1xx_hal.o
 .debug_abbrev  0x00000000000013ac      0x1d5 Drivers/STM32F1xx_HAL_Driver/Src/stm32f1xx_hal_adc.o
 .debug_abbrev  0x0000000000001581      0x2d5 Drivers/STM32F1xx_HAL_Driver/Src/stm32f1xx_hal_cortex.o
 .debug_abbrev  0x0000000000001856      0x1fe Drivers/STM32F1xx_HAL_Driver/Src/stm32f1xx_hal_dma.o
 .debug_abbrev  0x0000000000001a54      0x1c0 Drivers/STM32F1xx_HAL_Driver/Src/stm32f1xx_hal_gpio.o
 .debug_abbrev  0x0000000000001c14      0x243 Drivers/STM32F1xx_HAL_Driver/Src/stm32f1xx_hal_rcc.o
 .debug_abbrev  0x0000000000001e57      0x175 Drivers/STM32F1xx_HAL_Driver/Src/stm32f1xx_hal_rcc_ex.o
 .debug_abbrev  0x0000000000001fcc      0x230 Drivers/STM32F1xx_HAL_Driver/Src/stm32f1xx_hal_tim.o
 .debug_abbrev  0x00000000000021fc      0x236 Drivers/STM32F1xx_HAL_Driver/Src/stm32f1xx_hal_tim_ex.o

.debug_aranges  0x0000000000000000      0xce8
 .debug_aranges
                0x0000000000000000       0x40 Core/Src/aguasNaturais.o
 .debug_aranges
                0x0000000000000040       0x28 Core/Src/bebidasGaseificadas.o
 .debug_aranges
                0x0000000000000068       0x60 Core/Src/display.o
 .debug_aranges
                0x00000000000000c8       0x68 Core/Src/funcoes.o
 .debug_aranges
                0x0000000000000130       0x70 Core/Src/main.o
 .debug_aranges
                0x00000000000001a0       0x58 Core/Src/stm32f1xx_hal_msp.o
 .debug_aranges
                0x00000000000001f8       0x78 Core/Src/stm32f1xx_it.o
 .debug_aranges
                0x0000000000000270       0x28 Core/Src/system_stm32f1xx.o
 .debug_aranges
                0x0000000000000298       0x88 Core/Src/telas.o
 .debug_aranges
                0x0000000000000320       0x28 Core/Startup/startup_stm32f103c8tx.o
 .debug_aranges
                0x0000000000000348       0xe0 Drivers/STM32F1xx_HAL_Driver/Src/stm32f1xx_hal.o
 .debug_aranges
                0x0000000000000428       0xf0 Drivers/STM32F1xx_HAL_Driver/Src/stm32f1xx_hal_adc.o
 .debug_aranges
                0x0000000000000518      0x100 Drivers/STM32F1xx_HAL_Driver/Src/stm32f1xx_hal_cortex.o
 .debug_aranges
                0x0000000000000618       0x80 Drivers/STM32F1xx_HAL_Driver/Src/stm32f1xx_hal_dma.o
 .debug_aranges
                0x0000000000000698       0x58 Drivers/STM32F1xx_HAL_Driver/Src/stm32f1xx_hal_gpio.o
 .debug_aranges
                0x00000000000006f0       0x90 Drivers/STM32F1xx_HAL_Driver/Src/stm32f1xx_hal_rcc.o
 .debug_aranges
                0x0000000000000780       0x30 Drivers/STM32F1xx_HAL_Driver/Src/stm32f1xx_hal_rcc_ex.o
 .debug_aranges
                0x00000000000007b0      0x3d0 Drivers/STM32F1xx_HAL_Driver/Src/stm32f1xx_hal_tim.o
 .debug_aranges
                0x0000000000000b80      0x168 Drivers/STM32F1xx_HAL_Driver/Src/stm32f1xx_hal_tim_ex.o

.debug_ranges   0x0000000000000000      0xbc0
 .debug_ranges  0x0000000000000000       0x30 Core/Src/aguasNaturais.o
 .debug_ranges  0x0000000000000030       0x18 Core/Src/bebidasGaseificadas.o
 .debug_ranges  0x0000000000000048       0x50 Core/Src/display.o
 .debug_ranges  0x0000000000000098       0x58 Core/Src/funcoes.o
 .debug_ranges  0x00000000000000f0       0x60 Core/Src/main.o
 .debug_ranges  0x0000000000000150       0x48 Core/Src/stm32f1xx_hal_msp.o
 .debug_ranges  0x0000000000000198       0x68 Core/Src/stm32f1xx_it.o
 .debug_ranges  0x0000000000000200       0x18 Core/Src/system_stm32f1xx.o
 .debug_ranges  0x0000000000000218       0x78 Core/Src/telas.o
 .debug_ranges  0x0000000000000290       0x20 Core/Startup/startup_stm32f103c8tx.o
 .debug_ranges  0x00000000000002b0       0xd0 Drivers/STM32F1xx_HAL_Driver/Src/stm32f1xx_hal.o
 .debug_ranges  0x0000000000000380       0xe0 Drivers/STM32F1xx_HAL_Driver/Src/stm32f1xx_hal_adc.o
 .debug_ranges  0x0000000000000460       0xf0 Drivers/STM32F1xx_HAL_Driver/Src/stm32f1xx_hal_cortex.o
 .debug_ranges  0x0000000000000550       0x70 Drivers/STM32F1xx_HAL_Driver/Src/stm32f1xx_hal_dma.o
 .debug_ranges  0x00000000000005c0       0x48 Drivers/STM32F1xx_HAL_Driver/Src/stm32f1xx_hal_gpio.o
 .debug_ranges  0x0000000000000608       0x80 Drivers/STM32F1xx_HAL_Driver/Src/stm32f1xx_hal_rcc.o
 .debug_ranges  0x0000000000000688       0x20 Drivers/STM32F1xx_HAL_Driver/Src/stm32f1xx_hal_rcc_ex.o
 .debug_ranges  0x00000000000006a8      0x3c0 Drivers/STM32F1xx_HAL_Driver/Src/stm32f1xx_hal_tim.o
 .debug_ranges  0x0000000000000a68      0x158 Drivers/STM32F1xx_HAL_Driver/Src/stm32f1xx_hal_tim_ex.o

.debug_macro    0x0000000000000000    0x199a3
 .debug_macro   0x0000000000000000      0x409 Core/Src/aguasNaturais.o
 .debug_macro   0x0000000000000409      0xa5a Core/Src/aguasNaturais.o
 .debug_macro   0x0000000000000e63       0x22 Core/Src/aguasNaturais.o
 .debug_macro   0x0000000000000e85       0x8e Core/Src/aguasNaturais.o
 .debug_macro   0x0000000000000f13       0x51 Core/Src/aguasNaturais.o
 .debug_macro   0x0000000000000f64       0xef Core/Src/aguasNaturais.o
 .debug_macro   0x0000000000001053       0x6a Core/Src/aguasNaturais.o
 .debug_macro   0x00000000000010bd      0x1df Core/Src/aguasNaturais.o
 .debug_macro   0x000000000000129c       0x22 Core/Src/aguasNaturais.o
 .debug_macro   0x00000000000012be       0x46 Core/Src/aguasNaturais.o
 .debug_macro   0x0000000000001304       0x18 Core/Src/aguasNaturais.o
 .debug_macro   0x000000000000131c       0x3c Core/Src/aguasNaturais.o
 .debug_macro   0x0000000000001358       0x34 Core/Src/aguasNaturais.o
 .debug_macro   0x000000000000138c      0x174 Core/Src/aguasNaturais.o
 .debug_macro   0x0000000000001500      0x330 Core/Src/aguasNaturais.o
 .debug_macro   0x0000000000001830      0x10b Core/Src/aguasNaturais.o
 .debug_macro   0x000000000000193b       0x16 Core/Src/aguasNaturais.o
 .debug_macro   0x0000000000001951       0x35 Core/Src/aguasNaturais.o
 .debug_macro   0x0000000000001986       0x52 Core/Src/aguasNaturais.o
 .debug_macro   0x00000000000019d8       0x1f Core/Src/aguasNaturais.o
 .debug_macro   0x00000000000019f7       0x43 Core/Src/aguasNaturais.o
 .debug_macro   0x0000000000001a3a       0x20 Core/Src/aguasNaturais.o
 .debug_macro   0x0000000000001a5a      0x1a3 Core/Src/aguasNaturais.o
 .debug_macro   0x0000000000001bfd       0x16 Core/Src/aguasNaturais.o
 .debug_macro   0x0000000000001c13       0x29 Core/Src/aguasNaturais.o
 .debug_macro   0x0000000000001c3c       0x1c Core/Src/aguasNaturais.o
 .debug_macro   0x0000000000001c58       0x10 Core/Src/aguasNaturais.o
 .debug_macro   0x0000000000001c68       0x10 Core/Src/aguasNaturais.o
 .debug_macro   0x0000000000001c78       0x1c Core/Src/aguasNaturais.o
 .debug_macro   0x0000000000001c94       0x52 Core/Src/aguasNaturais.o
 .debug_macro   0x0000000000001ce6       0x40 Core/Src/aguasNaturais.o
 .debug_macro   0x0000000000001d26       0x10 Core/Src/aguasNaturais.o
 .debug_macro   0x0000000000001d36       0x40 Core/Src/aguasNaturais.o
 .debug_macro   0x0000000000001d76       0xd7 Core/Src/aguasNaturais.o
 .debug_macro   0x0000000000001e4d       0x1c Core/Src/aguasNaturais.o
 .debug_macro   0x0000000000001e69       0x3d Core/Src/aguasNaturais.o
 .debug_macro   0x0000000000001ea6       0x16 Core/Src/aguasNaturais.o
 .debug_macro   0x0000000000001ebc      0x145 Core/Src/aguasNaturais.o
 .debug_macro   0x0000000000002001       0x10 Core/Src/aguasNaturais.o
 .debug_macro   0x0000000000002011       0x5e Core/Src/aguasNaturais.o
 .debug_macro   0x000000000000206f       0x16 Core/Src/aguasNaturais.o
 .debug_macro   0x0000000000002085       0x10 Core/Src/aguasNaturais.o
 .debug_macro   0x0000000000002095       0x41 Core/Src/aguasNaturais.o
 .debug_macro   0x00000000000020d6       0x16 Core/Src/aguasNaturais.o
 .debug_macro   0x00000000000020ec       0x20 Core/Src/aguasNaturais.o
 .debug_macro   0x000000000000210c      0x221 Core/Src/aguasNaturais.o
 .debug_macro   0x000000000000232d       0x2e Core/Src/aguasNaturais.o
 .debug_macro   0x000000000000235b       0x22 Core/Src/aguasNaturais.o
 .debug_macro   0x000000000000237d       0x1c Core/Src/aguasNaturais.o
 .debug_macro   0x0000000000002399       0x22 Core/Src/aguasNaturais.o
 .debug_macro   0x00000000000023bb       0xbd Core/Src/aguasNaturais.o
 .debug_macro   0x0000000000002478      0xd23 Core/Src/aguasNaturais.o
 .debug_macro   0x000000000000319b     0xe097 Core/Src/aguasNaturais.o
 .debug_macro   0x0000000000011232       0x43 Core/Src/aguasNaturais.o
 .debug_macro   0x0000000000011275     0x3468 Core/Src/aguasNaturais.o
 .debug_macro   0x00000000000146dd       0x56 Core/Src/aguasNaturais.o
 .debug_macro   0x0000000000014733      0x5be Core/Src/aguasNaturais.o
 .debug_macro   0x0000000000014cf1      0x289 Core/Src/aguasNaturais.o
 .debug_macro   0x0000000000014f7a      0x1cb Core/Src/aguasNaturais.o
 .debug_macro   0x0000000000015145      0x114 Core/Src/aguasNaturais.o
 .debug_macro   0x0000000000015259      0x1b2 Core/Src/aguasNaturais.o
 .debug_macro   0x000000000001540b       0x27 Core/Src/aguasNaturais.o
 .debug_macro   0x0000000000015432      0x136 Core/Src/aguasNaturais.o
 .debug_macro   0x0000000000015568      0x1bc Core/Src/aguasNaturais.o
 .debug_macro   0x0000000000015724       0x34 Core/Src/aguasNaturais.o
 .debug_macro   0x0000000000015758       0x3c Core/Src/aguasNaturais.o
 .debug_macro   0x0000000000015794       0x57 Core/Src/aguasNaturais.o
 .debug_macro   0x00000000000157eb      0x46a Core/Src/aguasNaturais.o
 .debug_macro   0x0000000000015c55      0x1b5 Core/Src/aguasNaturais.o
 .debug_macro   0x0000000000015e0a       0x88 Core/Src/aguasNaturais.o
 .debug_macro   0x0000000000015e92      0x241 Core/Src/aguasNaturais.o
 .debug_macro   0x00000000000160d3      0x141 Core/Src/aguasNaturais.o
 .debug_macro   0x0000000000016214      0x8d1 Core/Src/aguasNaturais.o
 .debug_macro   0x0000000000016ae5       0x83 Core/Src/aguasNaturais.o
 .debug_macro   0x0000000000016b68       0x6a Core/Src/aguasNaturais.o
 .debug_macro   0x0000000000016bd2       0x64 Core/Src/aguasNaturais.o
 .debug_macro   0x0000000000016c36      0x409 Core/Src/bebidasGaseificadas.o
 .debug_macro   0x000000000001703f      0x2ce Core/Src/display.o
 .debug_macro   0x000000000001730d       0x10 Core/Src/display.o
 .debug_macro   0x000000000001731d      0x412 Core/Src/funcoes.o
 .debug_macro   0x000000000001772f      0x41e Core/Src/main.o
 .debug_macro   0x0000000000017b4d       0xc3 Core/Src/main.o
 .debug_macro   0x0000000000017c10       0x5c Core/Src/main.o
 .debug_macro   0x0000000000017c6c      0x32a Core/Src/main.o
 .debug_macro   0x0000000000017f96      0x1b7 Core/Src/stm32f1xx_hal_msp.o
 .debug_macro   0x000000000001814d      0x1c1 Core/Src/stm32f1xx_it.o
 .debug_macro   0x000000000001830e      0x1ad Core/Src/system_stm32f1xx.o
 .debug_macro   0x00000000000184bb      0x403 Core/Src/telas.o
 .debug_macro   0x00000000000188be      0x111 Core/Src/telas.o
 .debug_macro   0x00000000000189cf      0x1d1 Drivers/STM32F1xx_HAL_Driver/Src/stm32f1xx_hal.o
 .debug_macro   0x0000000000018ba0      0x1ca Drivers/STM32F1xx_HAL_Driver/Src/stm32f1xx_hal_adc.o
 .debug_macro   0x0000000000018d6a      0x1ad Drivers/STM32F1xx_HAL_Driver/Src/stm32f1xx_hal_cortex.o
 .debug_macro   0x0000000000018f17      0x1ad Drivers/STM32F1xx_HAL_Driver/Src/stm32f1xx_hal_dma.o
 .debug_macro   0x00000000000190c4      0x218 Drivers/STM32F1xx_HAL_Driver/Src/stm32f1xx_hal_gpio.o
 .debug_macro   0x00000000000192dc      0x1bf Drivers/STM32F1xx_HAL_Driver/Src/stm32f1xx_hal_rcc.o
 .debug_macro   0x000000000001949b      0x1ad Drivers/STM32F1xx_HAL_Driver/Src/stm32f1xx_hal_rcc_ex.o
 .debug_macro   0x0000000000019648      0x1ae Drivers/STM32F1xx_HAL_Driver/Src/stm32f1xx_hal_tim.o
 .debug_macro   0x00000000000197f6      0x1ad Drivers/STM32F1xx_HAL_Driver/Src/stm32f1xx_hal_tim_ex.o

.debug_line     0x0000000000000000     0xc706
 .debug_line    0x0000000000000000      0x9c8 Core/Src/aguasNaturais.o
 .debug_line    0x00000000000009c8      0x977 Core/Src/bebidasGaseificadas.o
 .debug_line    0x000000000000133f      0x921 Core/Src/display.o
 .debug_line    0x0000000000001c60      0xb25 Core/Src/funcoes.o
 .debug_line    0x0000000000002785      0xab2 Core/Src/main.o
 .debug_line    0x0000000000003237      0x748 Core/Src/stm32f1xx_hal_msp.o
 .debug_line    0x000000000000397f      0x76a Core/Src/stm32f1xx_it.o
 .debug_line    0x00000000000040e9      0x6b8 Core/Src/system_stm32f1xx.o
 .debug_line    0x00000000000047a1      0xb37 Core/Src/telas.o
 .debug_line    0x00000000000052d8       0x84 Core/Startup/startup_stm32f103c8tx.o
 .debug_line    0x000000000000535c      0x86b Drivers/STM32F1xx_HAL_Driver/Src/stm32f1xx_hal.o
 .debug_line    0x0000000000005bc7      0xbbc Drivers/STM32F1xx_HAL_Driver/Src/stm32f1xx_hal_adc.o
 .debug_line    0x0000000000006783      0x942 Drivers/STM32F1xx_HAL_Driver/Src/stm32f1xx_hal_cortex.o
 .debug_line    0x00000000000070c5      0xad0 Drivers/STM32F1xx_HAL_Driver/Src/stm32f1xx_hal_dma.o
 .debug_line    0x0000000000007b95      0x867 Drivers/STM32F1xx_HAL_Driver/Src/stm32f1xx_hal_gpio.o
 .debug_line    0x00000000000083fc      0x92b Drivers/STM32F1xx_HAL_Driver/Src/stm32f1xx_hal_rcc.o
 .debug_line    0x0000000000008d27      0x749 Drivers/STM32F1xx_HAL_Driver/Src/stm32f1xx_hal_rcc_ex.o
 .debug_line    0x0000000000009470     0x1fc4 Drivers/STM32F1xx_HAL_Driver/Src/stm32f1xx_hal_tim.o
 .debug_line    0x000000000000b434     0x12d2 Drivers/STM32F1xx_HAL_Driver/Src/stm32f1xx_hal_tim_ex.o

.debug_str      0x0000000000000000    0x8dcf8
 .debug_str     0x0000000000000000    0x8ab2c Core/Src/aguasNaturais.o
                                      0x8af64 (size before relaxing)
 .debug_str     0x000000000008ab2c       0x3a Core/Src/bebidasGaseificadas.o
                                      0x8af4c (size before relaxing)
 .debug_str     0x000000000008ab66       0xb3 Core/Src/display.o
                                      0x896af (size before relaxing)
 .debug_str     0x000000000008ac19       0xc3 Core/Src/funcoes.o
                                      0x8b013 (size before relaxing)
 .debug_str     0x000000000008acdc      0x8fc Core/Src/main.o
                                      0x8b8f8 (size before relaxing)
 .debug_str     0x000000000008b5d8       0xf9 Core/Src/stm32f1xx_hal_msp.o
                                      0x86746 (size before relaxing)
 .debug_str     0x000000000008b6d1       0xf6 Core/Src/stm32f1xx_it.o
                                      0x86280 (size before relaxing)
 .debug_str     0x000000000008b7c7       0x52 Core/Src/system_stm32f1xx.o
                                      0x85d4d (size before relaxing)
 .debug_str     0x000000000008b819       0xbc Core/Src/telas.o
                                      0x8af95 (size before relaxing)
 .debug_str     0x000000000008b8d5       0x36 Core/Startup/startup_stm32f103c8tx.o
                                         0x75 (size before relaxing)
 .debug_str     0x000000000008b90b      0x304 Drivers/STM32F1xx_HAL_Driver/Src/stm32f1xx_hal.o
                                      0x863de (size before relaxing)
 .debug_str     0x000000000008bc0f      0x346 Drivers/STM32F1xx_HAL_Driver/Src/stm32f1xx_hal_adc.o
                                      0x863dd (size before relaxing)
 .debug_str     0x000000000008bf55      0x300 Drivers/STM32F1xx_HAL_Driver/Src/stm32f1xx_hal_cortex.o
                                      0x863e6 (size before relaxing)
 .debug_str     0x000000000008c255      0x235 Drivers/STM32F1xx_HAL_Driver/Src/stm32f1xx_hal_dma.o
                                      0x86128 (size before relaxing)
 .debug_str     0x000000000008c48a      0x31f Drivers/STM32F1xx_HAL_Driver/Src/stm32f1xx_hal_gpio.o
                                      0x86111 (size before relaxing)
 .debug_str     0x000000000008c7a9      0x24f Drivers/STM32F1xx_HAL_Driver/Src/stm32f1xx_hal_rcc.o
                                      0x8614a (size before relaxing)
 .debug_str     0x000000000008c9f8       0xb9 Drivers/STM32F1xx_HAL_Driver/Src/stm32f1xx_hal_rcc_ex.o
                                      0x85ed7 (size before relaxing)
 .debug_str     0x000000000008cab1      0xd30 Drivers/STM32F1xx_HAL_Driver/Src/stm32f1xx_hal_tim.o
                                      0x8711c (size before relaxing)
 .debug_str     0x000000000008d7e1      0x517 Drivers/STM32F1xx_HAL_Driver/Src/stm32f1xx_hal_tim_ex.o
                                      0x868f6 (size before relaxing)

.comment        0x0000000000000000       0x7b
 .comment       0x0000000000000000       0x7b Core/Src/aguasNaturais.o
                                         0x7c (size before relaxing)
 .comment       0x000000000000007b       0x7c Core/Src/bebidasGaseificadas.o
 .comment       0x000000000000007b       0x7c Core/Src/display.o
 .comment       0x000000000000007b       0x7c Core/Src/funcoes.o
 .comment       0x000000000000007b       0x7c Core/Src/main.o
 .comment       0x000000000000007b       0x7c Core/Src/stm32f1xx_hal_msp.o
 .comment       0x000000000000007b       0x7c Core/Src/stm32f1xx_it.o
 .comment       0x000000000000007b       0x7c Core/Src/system_stm32f1xx.o
 .comment       0x000000000000007b       0x7c Core/Src/telas.o
 .comment       0x000000000000007b       0x7c Drivers/STM32F1xx_HAL_Driver/Src/stm32f1xx_hal.o
 .comment       0x000000000000007b       0x7c Drivers/STM32F1xx_HAL_Driver/Src/stm32f1xx_hal_adc.o
 .comment       0x000000000000007b       0x7c Drivers/STM32F1xx_HAL_Driver/Src/stm32f1xx_hal_cortex.o
 .comment       0x000000000000007b       0x7c Drivers/STM32F1xx_HAL_Driver/Src/stm32f1xx_hal_dma.o
 .comment       0x000000000000007b       0x7c Drivers/STM32F1xx_HAL_Driver/Src/stm32f1xx_hal_gpio.o
 .comment       0x000000000000007b       0x7c Drivers/STM32F1xx_HAL_Driver/Src/stm32f1xx_hal_rcc.o
 .comment       0x000000000000007b       0x7c Drivers/STM32F1xx_HAL_Driver/Src/stm32f1xx_hal_rcc_ex.o
 .comment       0x000000000000007b       0x7c Drivers/STM32F1xx_HAL_Driver/Src/stm32f1xx_hal_tim.o
 .comment       0x000000000000007b       0x7c Drivers/STM32F1xx_HAL_Driver/Src/stm32f1xx_hal_tim_ex.o

.debug_frame    0x0000000000000000     0x36dc
 .debug_frame   0x0000000000000000       0x9c Core/Src/aguasNaturais.o
 .debug_frame   0x000000000000009c       0x48 Core/Src/bebidasGaseificadas.o
 .debug_frame   0x00000000000000e4      0x140 Core/Src/display.o
 .debug_frame   0x0000000000000224      0x164 Core/Src/funcoes.o
 .debug_frame   0x0000000000000388      0x194 Core/Src/main.o
 .debug_frame   0x000000000000051c      0x13c Core/Src/stm32f1xx_hal_msp.o
 .debug_frame   0x0000000000000658      0x160 Core/Src/stm32f1xx_it.o
 .debug_frame   0x00000000000007b8       0x58 Core/Src/system_stm32f1xx.o
 .debug_frame   0x0000000000000810      0x1b0 Core/Src/telas.o
 .debug_frame   0x00000000000009c0      0x334 Drivers/STM32F1xx_HAL_Driver/Src/stm32f1xx_hal.o
 .debug_frame   0x0000000000000cf4      0x40c Drivers/STM32F1xx_HAL_Driver/Src/stm32f1xx_hal_adc.o
 .debug_frame   0x0000000000001100      0x428 Drivers/STM32F1xx_HAL_Driver/Src/stm32f1xx_hal_cortex.o
 .debug_frame   0x0000000000001528      0x208 Drivers/STM32F1xx_HAL_Driver/Src/stm32f1xx_hal_dma.o
 .debug_frame   0x0000000000001730      0x14c Drivers/STM32F1xx_HAL_Driver/Src/stm32f1xx_hal_gpio.o
 .debug_frame   0x000000000000187c      0x21c Drivers/STM32F1xx_HAL_Driver/Src/stm32f1xx_hal_rcc.o
 .debug_frame   0x0000000000001a98       0x84 Drivers/STM32F1xx_HAL_Driver/Src/stm32f1xx_hal_rcc_ex.o
 .debug_frame   0x0000000000001b1c     0x11b8 Drivers/STM32F1xx_HAL_Driver/Src/stm32f1xx_hal_tim.o
 .debug_frame   0x0000000000002cd4      0x638 Drivers/STM32F1xx_HAL_Driver/Src/stm32f1xx_hal_tim_ex.o
 .debug_frame   0x000000000000330c       0x30 c:/st/stm32cubeide_1.4.0/stm32cubeide/plugins/com.st.stm32cube.ide.mcu.externaltools.gnu-tools-for-stm32.7-2018-q2-update.win32_1.4.0.202007081208/tools/bin/../lib/gcc/arm-none-eabi/7.3.1/../../../../arm-none-eabi/lib/thumb/v7-m\libc_nano.a(lib_a-atoi.o)
 .debug_frame   0x000000000000333c       0x2c c:/st/stm32cubeide_1.4.0/stm32cubeide/plugins/com.st.stm32cube.ide.mcu.externaltools.gnu-tools-for-stm32.7-2018-q2-update.win32_1.4.0.202007081208/tools/bin/../lib/gcc/arm-none-eabi/7.3.1/../../../../arm-none-eabi/lib/thumb/v7-m\libc_nano.a(lib_a-init.o)
 .debug_frame   0x0000000000003368       0x38 c:/st/stm32cubeide_1.4.0/stm32cubeide/plugins/com.st.stm32cube.ide.mcu.externaltools.gnu-tools-for-stm32.7-2018-q2-update.win32_1.4.0.202007081208/tools/bin/../lib/gcc/arm-none-eabi/7.3.1/../../../../arm-none-eabi/lib/thumb/v7-m\libc_nano.a(lib_a-itoa.o)
 .debug_frame   0x00000000000033a0       0x20 c:/st/stm32cubeide_1.4.0/stm32cubeide/plugins/com.st.stm32cube.ide.mcu.externaltools.gnu-tools-for-stm32.7-2018-q2-update.win32_1.4.0.202007081208/tools/bin/../lib/gcc/arm-none-eabi/7.3.1/../../../../arm-none-eabi/lib/thumb/v7-m\libc_nano.a(lib_a-memset.o)
 .debug_frame   0x00000000000033c0       0x20 c:/st/stm32cubeide_1.4.0/stm32cubeide/plugins/com.st.stm32cube.ide.mcu.externaltools.gnu-tools-for-stm32.7-2018-q2-update.win32_1.4.0.202007081208/tools/bin/../lib/gcc/arm-none-eabi/7.3.1/../../../../arm-none-eabi/lib/thumb/v7-m\libc_nano.a(lib_a-strcpy.o)
 .debug_frame   0x00000000000033e0       0x84 c:/st/stm32cubeide_1.4.0/stm32cubeide/plugins/com.st.stm32cube.ide.mcu.externaltools.gnu-tools-for-stm32.7-2018-q2-update.win32_1.4.0.202007081208/tools/bin/../lib/gcc/arm-none-eabi/7.3.1/../../../../arm-none-eabi/lib/thumb/v7-m\libc_nano.a(lib_a-strtol.o)
 .debug_frame   0x0000000000003464       0x48 c:/st/stm32cubeide_1.4.0/stm32cubeide/plugins/com.st.stm32cube.ide.mcu.externaltools.gnu-tools-for-stm32.7-2018-q2-update.win32_1.4.0.202007081208/tools/bin/../lib/gcc/arm-none-eabi/7.3.1/../../../../arm-none-eabi/lib/thumb/v7-m\libc_nano.a(lib_a-utoa.o)
 .debug_frame   0x00000000000034ac       0x68 c:/st/stm32cubeide_1.4.0/stm32cubeide/plugins/com.st.stm32cube.ide.mcu.externaltools.gnu-tools-for-stm32.7-2018-q2-update.win32_1.4.0.202007081208/tools/bin/../lib/gcc/arm-none-eabi/7.3.1/../../../../arm-none-eabi/lib/thumb/v7-m\libc_nano.a(lib_a-locale.o)
 .debug_frame   0x0000000000003514       0x48 c:/st/stm32cubeide_1.4.0/stm32cubeide/plugins/com.st.stm32cube.ide.mcu.externaltools.gnu-tools-for-stm32.7-2018-q2-update.win32_1.4.0.202007081208/tools/bin/../lib/gcc/arm-none-eabi/7.3.1/../../../../arm-none-eabi/lib/thumb/v7-m\libc_nano.a(lib_a-mbtowc_r.o)
 .debug_frame   0x000000000000355c       0x3c c:/st/stm32cubeide_1.4.0/stm32cubeide/plugins/com.st.stm32cube.ide.mcu.externaltools.gnu-tools-for-stm32.7-2018-q2-update.win32_1.4.0.202007081208/tools/bin/../lib/gcc/arm-none-eabi/7.3.1/../../../../arm-none-eabi/lib/thumb/v7-m\libc_nano.a(lib_a-wctomb_r.o)
 .debug_frame   0x0000000000003598       0xac c:/st/stm32cubeide_1.4.0/stm32cubeide/plugins/com.st.stm32cube.ide.mcu.externaltools.gnu-tools-for-stm32.7-2018-q2-update.win32_1.4.0.202007081208/tools/bin/../lib/gcc/arm-none-eabi/7.3.1/thumb/v7-m\libgcc.a(_arm_addsubdf3.o)
 .debug_frame   0x0000000000003644       0x50 c:/st/stm32cubeide_1.4.0/stm32cubeide/plugins/com.st.stm32cube.ide.mcu.externaltools.gnu-tools-for-stm32.7-2018-q2-update.win32_1.4.0.202007081208/tools/bin/../lib/gcc/arm-none-eabi/7.3.1/thumb/v7-m\libgcc.a(_arm_muldivdf3.o)
 .debug_frame   0x0000000000003694       0x24 c:/st/stm32cubeide_1.4.0/stm32cubeide/plugins/com.st.stm32cube.ide.mcu.externaltools.gnu-tools-for-stm32.7-2018-q2-update.win32_1.4.0.202007081208/tools/bin/../lib/gcc/arm-none-eabi/7.3.1/thumb/v7-m\libgcc.a(_arm_fixdfsi.o)
 .debug_frame   0x00000000000036b8       0x24 c:/st/stm32cubeide_1.4.0/stm32cubeide/plugins/com.st.stm32cube.ide.mcu.externaltools.gnu-tools-for-stm32.7-2018-q2-update.win32_1.4.0.202007081208/tools/bin/../lib/gcc/arm-none-eabi/7.3.1/thumb/v7-m\libgcc.a(_arm_fixunssfsi.o)
