Archive member included to satisfy reference by file (symbol)

c:/st/stm32cubeide_1.4.0/stm32cubeide/plugins/com.st.stm32cube.ide.mcu.externaltools.gnu-tools-for-stm32.7-2018-q2-update.win32_1.4.0.202007081208/tools/bin/../lib/gcc/arm-none-eabi/7.3.1/../../../../arm-none-eabi/lib/thumb/v7-m\libc_nano.a(lib_a-atoi.o)
                              Core/Src/main.o (atoi)
c:/st/stm32cubeide_1.4.0/stm32cubeide/plugins/com.st.stm32cube.ide.mcu.externaltools.gnu-tools-for-stm32.7-2018-q2-update.win32_1.4.0.202007081208/tools/bin/../lib/gcc/arm-none-eabi/7.3.1/../../../../arm-none-eabi/lib/thumb/v7-m\libc_nano.a(lib_a-errno.o)
                              Core/Src/syscalls.o (__errno)
c:/st/stm32cubeide_1.4.0/stm32cubeide/plugins/com.st.stm32cube.ide.mcu.externaltools.gnu-tools-for-stm32.7-2018-q2-update.win32_1.4.0.202007081208/tools/bin/../lib/gcc/arm-none-eabi/7.3.1/../../../../arm-none-eabi/lib/thumb/v7-m\libc_nano.a(lib_a-exit.o)
                              c:/st/stm32cubeide_1.4.0/stm32cubeide/plugins/com.st.stm32cube.ide.mcu.externaltools.gnu-tools-for-stm32.7-2018-q2-update.win32_1.4.0.202007081208/tools/bin/../lib/gcc/arm-none-eabi/7.3.1/../../../../arm-none-eabi/lib/thumb/v7-m/crt0.o (exit)
c:/st/stm32cubeide_1.4.0/stm32cubeide/plugins/com.st.stm32cube.ide.mcu.externaltools.gnu-tools-for-stm32.7-2018-q2-update.win32_1.4.0.202007081208/tools/bin/../lib/gcc/arm-none-eabi/7.3.1/../../../../arm-none-eabi/lib/thumb/v7-m\libc_nano.a(lib_a-impure.o)
                              c:/st/stm32cubeide_1.4.0/stm32cubeide/plugins/com.st.stm32cube.ide.mcu.externaltools.gnu-tools-for-stm32.7-2018-q2-update.win32_1.4.0.202007081208/tools/bin/../lib/gcc/arm-none-eabi/7.3.1/../../../../arm-none-eabi/lib/thumb/v7-m\libc_nano.a(lib_a-exit.o) (_global_impure_ptr)
c:/st/stm32cubeide_1.4.0/stm32cubeide/plugins/com.st.stm32cube.ide.mcu.externaltools.gnu-tools-for-stm32.7-2018-q2-update.win32_1.4.0.202007081208/tools/bin/../lib/gcc/arm-none-eabi/7.3.1/../../../../arm-none-eabi/lib/thumb/v7-m\libc_nano.a(lib_a-init.o)
                              c:/st/stm32cubeide_1.4.0/stm32cubeide/plugins/com.st.stm32cube.ide.mcu.externaltools.gnu-tools-for-stm32.7-2018-q2-update.win32_1.4.0.202007081208/tools/bin/../lib/gcc/arm-none-eabi/7.3.1/../../../../arm-none-eabi/lib/thumb/v7-m/crt0.o (__libc_init_array)
c:/st/stm32cubeide_1.4.0/stm32cubeide/plugins/com.st.stm32cube.ide.mcu.externaltools.gnu-tools-for-stm32.7-2018-q2-update.win32_1.4.0.202007081208/tools/bin/../lib/gcc/arm-none-eabi/7.3.1/../../../../arm-none-eabi/lib/thumb/v7-m\libc_nano.a(lib_a-itoa.o)
                              Core/Src/display.o (itoa)
c:/st/stm32cubeide_1.4.0/stm32cubeide/plugins/com.st.stm32cube.ide.mcu.externaltools.gnu-tools-for-stm32.7-2018-q2-update.win32_1.4.0.202007081208/tools/bin/../lib/gcc/arm-none-eabi/7.3.1/../../../../arm-none-eabi/lib/thumb/v7-m\libc_nano.a(lib_a-memset.o)
                              c:/st/stm32cubeide_1.4.0/stm32cubeide/plugins/com.st.stm32cube.ide.mcu.externaltools.gnu-tools-for-stm32.7-2018-q2-update.win32_1.4.0.202007081208/tools/bin/../lib/gcc/arm-none-eabi/7.3.1/../../../../arm-none-eabi/lib/thumb/v7-m/crt0.o (memset)
c:/st/stm32cubeide_1.4.0/stm32cubeide/plugins/com.st.stm32cube.ide.mcu.externaltools.gnu-tools-for-stm32.7-2018-q2-update.win32_1.4.0.202007081208/tools/bin/../lib/gcc/arm-none-eabi/7.3.1/../../../../arm-none-eabi/lib/thumb/v7-m\libc_nano.a(lib_a-strcpy.o)
                              Core/Src/main.o (strcpy)
c:/st/stm32cubeide_1.4.0/stm32cubeide/plugins/com.st.stm32cube.ide.mcu.externaltools.gnu-tools-for-stm32.7-2018-q2-update.win32_1.4.0.202007081208/tools/bin/../lib/gcc/arm-none-eabi/7.3.1/../../../../arm-none-eabi/lib/thumb/v7-m\libc_nano.a(lib_a-strtol.o)
                              c:/st/stm32cubeide_1.4.0/stm32cubeide/plugins/com.st.stm32cube.ide.mcu.externaltools.gnu-tools-for-stm32.7-2018-q2-update.win32_1.4.0.202007081208/tools/bin/../lib/gcc/arm-none-eabi/7.3.1/../../../../arm-none-eabi/lib/thumb/v7-m\libc_nano.a(lib_a-atoi.o) (_strtol_r)
c:/st/stm32cubeide_1.4.0/stm32cubeide/plugins/com.st.stm32cube.ide.mcu.externaltools.gnu-tools-for-stm32.7-2018-q2-update.win32_1.4.0.202007081208/tools/bin/../lib/gcc/arm-none-eabi/7.3.1/../../../../arm-none-eabi/lib/thumb/v7-m\libc_nano.a(lib_a-utoa.o)
                              c:/st/stm32cubeide_1.4.0/stm32cubeide/plugins/com.st.stm32cube.ide.mcu.externaltools.gnu-tools-for-stm32.7-2018-q2-update.win32_1.4.0.202007081208/tools/bin/../lib/gcc/arm-none-eabi/7.3.1/../../../../arm-none-eabi/lib/thumb/v7-m\libc_nano.a(lib_a-itoa.o) (__utoa)
c:/st/stm32cubeide_1.4.0/stm32cubeide/plugins/com.st.stm32cube.ide.mcu.externaltools.gnu-tools-for-stm32.7-2018-q2-update.win32_1.4.0.202007081208/tools/bin/../lib/gcc/arm-none-eabi/7.3.1/../../../../arm-none-eabi/lib/thumb/v7-m\libc_nano.a(lib_a-locale.o)
[...]
Memory Configuration

Name             Origin             Length             Attributes
RAM              0x0000000020000000 0x0000000000005000 xrw
FLASH            0x0000000008000000 0x0000000000010000 xr
*default*        0x0000000000000000 0xffffffffffffffff

Linker script and memory map

LOAD c:/st/stm32cubeide_1.4.0/stm32cubeide/plugins/com.st.stm32cube.ide.mcu.externaltools.gnu-tools-for-stm32.7-2018-q2-update.win32_1.4.0.202007081208/tools/bin/../lib/gcc/arm-none-eabi/7.3.1/thumb/v7-m/crti.o
LOAD c:/st/stm32cubeide_1.4.0/stm32cubeide/plugins/com.st.stm32cube.ide.mcu.externaltools.gnu-tools-for-stm32.7-2018-q2-update.win32_1.4.0.202007081208/tools/bin/../lib/gcc/arm-none-eabi/7.3.1/thumb/v7-m/crtbegin.o
LOAD c:/st/stm32cubeide_1.4.0/stm32cubeide/plugins/com.st.stm32cube.ide.mcu.externaltools.gnu-tools-for-stm32.7-2018-q2-update.win32_1.4.0.202007081208/tools/bin/../lib/gcc/arm-none-eabi/7.3.1/../../../../arm-none-eabi/lib/thumb/v7-m/crt0.o
LOAD Core/Src/aguaSemGas.o
LOAD Core/Src/bebidasGaseificadas.o
LOAD Core/Src/display.o
LOAD Core/Src/funcoes.o
LOAD Core/Src/main.o
LOAD Core/Src/stm32f1xx_hal_msp.o
LOAD Core/Src/stm32f1xx_it.o
LOAD Core/Src/syscalls.o
LOAD Core/Src/sysmem.o
LOAD Core/Src/system_stm32f1xx.o
LOAD Core/Src/telas.o
LOAD Core/Startup/startup_stm32f103c8tx.o
LOAD Drivers/STM32F1xx_HAL_Driver/Src/stm32f1xx_hal.o
LOAD Drivers/STM32F1xx_HAL_Driver/Src/stm32f1xx_hal_adc.o
LOAD Drivers/STM32F1xx_HAL_Driver/Src/stm32f1xx_hal_adc_ex.o
LOAD Drivers/STM32F1xx_HAL_Driver/Src/stm32f1xx_hal_cortex.o
LOAD Drivers/STM32F1xx_HAL_Driver/Src/stm32f1xx_hal_dma.o
LOAD Drivers/STM32F1xx_HAL_Driver/Src/stm32f1xx_hal_exti.o
LOAD Drivers/STM32F1xx_HAL_Driver/Src/stm32f1xx_hal_flash.o
LOAD Drivers/STM32F1xx_HAL_Driver/Src/stm32f1xx_hal_flash_ex.o
LOAD Drivers/STM32F1xx_HAL_Driver/Src/stm32f1xx_hal_gpio.o
LOAD Drivers/STM32F1xx_HAL_Driver/Src/stm32f1xx_hal_gpio_ex.o
LOAD Drivers/STM32F1xx_HAL_Driver/Src/stm32f1xx_hal_pwr.o
LOAD Drivers/STM32F1xx_HAL_Driver/Src/stm32f1xx_hal_rcc.o
LOAD Drivers/STM32F1xx_HAL_Driver/Src/stm32f1xx_hal_rcc_ex.o
LOAD Drivers/STM32F1xx_HAL_Driver/Src/stm32f1xx_hal_tim.o
LOAD Drivers/STM32F1xx_HAL_Driver/Src/stm32f1xx_hal_tim_ex.o
START GROUP
LOAD c:/st/stm32cubeide_1.4.0/stm32cubeide/plugins/com.st.stm32cube.ide.mcu.externaltools.gnu-tools-for-stm32.7-2018-q2-update.win32_1.4.0.202007081208/tools/bin/../lib/gcc/arm-none-eabi/7.3.1/../../../../arm-none-eabi/lib/thumb/v7-m\libc_nano.a
LOAD c:/st/stm32cubeide_1.4.0/stm32cubeide/plugins/com.st.stm32cube.ide.mcu.externaltools.gnu-tools-for-stm32.7-2018-q2-update.win32_1.4.0.202007081208/tools/bin/../lib/gcc/arm-none-eabi/7.3.1/../../../../arm-none-eabi/lib/thumb/v7-m\libm.a
END GROUP
START GROUP
LOAD c:/st/stm32cubeide_1.4.0/stm32cubeide/plugins/com.st.stm32cube.ide.mcu.externaltools.gnu-tools-for-stm32.7-2018-q2-update.win32_1.4.0.202007081208/tools/bin/../lib/gcc/arm-none-eabi/7.3.1/thumb/v7-m\libgcc.a
LOAD c:/st/stm32cubeide_1.4.0/stm32cubeide/plugins/com.st.stm32cube.ide.mcu.externaltools.gnu-tools-for-stm32.7-2018-q2-update.win32_1.4.0.202007081208/tools/bin/../lib/gcc/arm-none-eabi/7.3.1/../../../../arm-none-eabi/lib/thumb/v7-m\libc_nano.a
END GROUP
START GROUP
LOAD c:/st/stm32cubeide_1.4.0/stm32cubeide/plugins/com.st.stm32cube.ide.mcu.externaltools.gnu-tools-for-stm32.7-2018-q2-update.win32_1.4.0.202007081208/tools/bin/../lib/gcc/arm-none-eabi/7.3.1/thumb/v7-m\libgcc.a
LOAD c:/st/stm32cubeide_1.4.0/stm32cubeide/plugins/com.st.stm32cube.ide.mcu.externaltools.gnu-tools-for-stm32.7-2018-q2-update.win32_1.4.0.202007081208/tools/bin/../lib/gcc/arm-none-eabi/7.3.1/../../../../arm-none-eabi/lib/thumb/v7-m\libc_nano.a
LOAD c:/st/stm32cubeide_1.4.0/stm32cubeide/plugins/com.st.stm32cube.ide.mcu.externaltools.gnu-tools-for-stm32.7-2018-q2-update.win32_1.4.0.202007081208/tools/bin/../lib/gcc/arm-none-eabi/7.3.1/../../../../arm-none-eabi/lib/thumb/v7-m\libnosys.a
END GROUP
START GROUP
LOAD c:/st/stm32cubeide_1.4.0/stm32cubeide/plugins/com.st.stm32cube.ide.mcu.externaltools.gnu-tools-for-stm32.7-2018-q2-update.win32_1.4.0.202007081208/tools/bin/../lib/gcc/arm-none-eabi/7.3.1/thumb/v7-m\libgcc.a
LOAD c:/st/stm32cubeide_1.4.0/stm32cubeide/plugins/com.st.stm32cube.ide.mcu.externaltools.gnu-tools-for-stm32.7-2018-q2-update.win32_1.4.0.202007081208/tools/bin/../lib/gcc/arm-none-eabi/7.3.1/../../../../arm-none-eabi/lib/thumb/v7-m\libc_nano.a
LOAD c:/st/stm32cubeide_1.4.0/stm32cubeide/plugins/com.st.stm32cube.ide.mcu.externaltools.gnu-tools-for-stm32.7-2018-q2-update.win32_1.4.0.202007081208/tools/bin/../lib/gcc/arm-none-eabi/7.3.1/../../../../arm-none-eabi/lib/thumb/v7-m\libnosys.a
END GROUP
LOAD c:/st/stm32cubeide_1.4.0/stm32cubeide/plugins/com.st.stm32cube.ide.mcu.externaltools.gnu-tools-for-stm32.7-2018-q2-update.win32_1.4.0.202007081208/tools/bin/../lib/gcc/arm-none-eabi/7.3.1/thumb/v7-m/crtend.o
LOAD c:/st/stm32cubeide_1.4.0/stm32cubeide/plugins/com.st.stm32cube.ide.mcu.externaltools.gnu-tools-for-stm32.7-2018-q2-update.win32_1.4.0.202007081208/tools/bin/../lib/gcc/arm-none-eabi/7.3.1/thumb/v7-m/crtn.o
                0x0000000020005000                _estack = (ORIGIN (RAM) + LENGTH (RAM))
                0x0000000000000200                _Min_Heap_Size = 0x200
                0x0000000000000400                _Min_Stack_Size = 0x400

.isr_vector     0x0000000008000000      0x10c
                0x0000000008000000                . = ALIGN (0x4)
 *(.isr_vector)
 .isr_vector    0x0000000008000000      0x10c Core/Startup/startup_stm32f103c8tx.o
                0x0000000008000000                g_pfnVectors
                0x000000000800010c                . = ALIGN (0x4)

.text           0x0000000008000110     0x5858
                0x0000000008000110                . = ALIGN (0x4)
 *(.text)
 .text          0x0000000008000110       0x40 c:/st/stm32cubeide_1.4.0/stm32cubeide/plugins/com.st.stm32cube.ide.mcu.externaltools.gnu-tools-for-stm32.7-2018-q2-update.win32_1.4.0.202007081208/tools/bin/../lib/gcc/arm-none-eabi/7.3.1/thumb/v7-m/crtbegin.o
 .text          0x0000000008000150      0x378 c:/st/stm32cubeide_1.4.0/stm32cubeide/plugins/com.st.stm32cube.ide.mcu.externaltools.gnu-tools-for-stm32.7-2018-q2-update.win32_1.4.0.202007081208/tools/bin/../lib/gcc/arm-none-eabi/7.3.1/thumb/v7-m\libgcc.a(_arm_addsubdf3.o)
                0x0000000008000150                __aeabi_drsub
                0x0000000008000158                __aeabi_dsub
                0x0000000008000158                __subdf3
                0x000000000800015c                __aeabi_dadd
                0x000000000800015c                __adddf3
                0x00000000080003d4                __floatunsidf
                0x00000000080003d4                __aeabi_ui2d
                0x00000000080003f4                __floatsidf
                0x00000000080003f4                __aeabi_i2d
                0x0000000008000418                __aeabi_f2d
                0x0000000008000418                __extendsfdf2
                0x000000000800045c                __floatundidf
                0x000000000800045c                __aeabi_ul2d
                0x000000000800046c                __floatdidf
                0x000000000800046c                __aeabi_l2d
 .text          0x00000000080004c8      0x424 c:/st/stm32cubeide_1.4.0/stm32cubeide/plugins/com.st.stm32cube.ide.mcu.externaltools.gnu-tools-for-stm32.7-2018-q2-update.win32_1.4.0.202007081208/tools/bin/../lib/gcc/arm-none-eabi/7.3.1/thumb/v7-m\libgcc.a(_arm_muldivdf3.o)
                0x00000000080004c8                __aeabi_dmul
                0x00000000080004c8                __muldf3
                0x000000000800071c                __divdf3
                0x000000000800071c                __aeabi_ddiv
 .text          0x00000000080008ec       0x50 c:/st/stm32cubeide_1.4.0/stm32cubeide/plugins/com.st.stm32cube.ide.mcu.externaltools.gnu-tools-for-stm32.7-2018-q2-update.win32_1.4.0.202007081208/tools/bin/../lib/gcc/arm-none-eabi/7.3.1/thumb/v7-m\libgcc.a(_arm_fixdfsi.o)
                0x00000000080008ec                __aeabi_d2iz
                0x00000000080008ec                __fixdfsi
 .text          0x000000000800093c       0x40 c:/st/stm32cubeide_1.4.0/stm32cubeide/plugins/com.st.stm32cube.ide.mcu.externaltools.gnu-tools-for-stm32.7-2018-q2-update.win32_1.4.0.202007081208/tools/bin/../lib/gcc/arm-none-eabi/7.3.1/thumb/v7-m\libgcc.a(_arm_fixunssfsi.o)
                0x000000000800093c                __fixunssfsi
                0x000000000800093c                __aeabi_f2uiz
 *(.text*)
 .text.aguaNatural
                0x000000000800097c       0x54 Core/Src/aguaSemGas.o
                0x000000000800097c                aguaNatural
 .text.aguaQuente
                0x00000000080009d0       0x60 Core/Src/aguaSemGas.o
                0x00000000080009d0                aguaQuente
 .text.aguaGelada
                0x0000000008000a30       0x60 Core/Src/aguaSemGas.o
                0x0000000008000a30                aguaGelada
 .text.chaGelado
                0x0000000008000a90       0x64 Core/Src/aguaSemGas.o
                0x0000000008000a90                chaGelado
 .text.chaQuente
                0x0000000008000af4       0x64 Core/Src/aguaSemGas.o
                0x0000000008000af4                chaQuente
 .text.aguaComGas
                0x0000000008000b58       0x68 Core/Src/bebidasGaseificadas.o
                0x0000000008000b58                aguaComGas
 .text.refrigerante
                0x0000000008000bc0       0x6c Core/Src/bebidasGaseificadas.o
                0x0000000008000bc0                refrigerante
 .text.tempo    0x0000000008000c2c       0x34 Core/Src/display.o
                0x0000000008000c2c                tempo
 .text.inicializa
                0x0000000008000c60       0x84 Core/Src/display.o
                0x0000000008000c60                inicializa
 .text.instrucoes
                0x0000000008000ce4      0x104 Core/Src/display.o
                0x0000000008000ce4                instrucoes
 .text.conversorB
                0x0000000008000de8       0x66 Core/Src/display.o
                0x0000000008000de8                conversorB
 .text.caracteres_especiais
                0x0000000008000e4e       0x46 Core/Src/display.o
                0x0000000008000e4e                caracteres_especiais
 .text.limpar   0x0000000008000e94        0xe Core/Src/display.o
                0x0000000008000e94                limpar
 *fill*         0x0000000008000ea2        0x2 
 .text.escreve_char
                0x0000000008000ea4       0xe4 Core/Src/display.o
                0x0000000008000ea4                escreve_char
 .text.escreve_string
                0x0000000008000f88       0xf4 Core/Src/display.o
                0x0000000008000f88                escreve_string
 .text.variaveis
                0x000000000800107c       0x72 Core/Src/display.o
                0x000000000800107c                variaveis
 *fill*         0x00000000080010ee        0x2 
 .text.pressostatoFiltro
                0x00000000080010f0       0x24 Core/Src/funcoes.o
                0x00000000080010f0                pressostatoFiltro
 .text.bomba    0x0000000008001114       0xb8 Core/Src/funcoes.o
                0x0000000008001114                bomba
 *fill*         0x00000000080011cc        0x4 
 .text.aquecer  0x00000000080011d0      0x148 Core/Src/funcoes.o
                0x00000000080011d0                aquecer
 .text.resfriar
                0x0000000008001318      0x140 Core/Src/funcoes.o
                0x0000000008001318                resfriar
 .text.calibrar
                0x0000000008001458       0x14 Core/Src/funcoes.o
                0x0000000008001458                calibrar
 .text.iniciar  0x000000000800146c      0x1b8 Core/Src/funcoes.o
                0x000000000800146c                iniciar
 .text.pressostadoCO2
                0x0000000008001624       0x20 Core/Src/funcoes.o
                0x0000000008001624                pressostadoCO2
 .text.bombaGas
                0x0000000008001644       0xf8 Core/Src/funcoes.o
                0x0000000008001644                bombaGas
 .text.botoes   0x000000000800173c       0x5c Core/Src/funcoes.o
                0x000000000800173c                botoes
 .text.lerBits  0x0000000008001798       0x5c Core/Src/funcoes.o
                0x0000000008001798                lerBits
 .text.main     0x00000000080017f4       0xf0 Core/Src/main.o
                0x00000000080017f4                main
 .text.SystemClock_Config
                0x00000000080018e4       0xae Core/Src/main.o
                0x00000000080018e4                SystemClock_Config
 *fill*         0x0000000008001992        0x2 
 .text.MX_ADC1_Init
                0x0000000008001994      0x1ec Core/Src/main.o
 .text.MX_TIM2_Init
                0x0000000008001b80       0xdc Core/Src/main.o
 .text.MX_TIM3_Init
                0x0000000008001c5c       0x9c Core/Src/main.o
 .text.MX_TIM4_Init
                0x0000000008001cf8       0x9c Core/Src/main.o
 .text.MX_DMA_Init
                0x0000000008001d94       0x3c Core/Src/main.o
 .text.MX_GPIO_Init
                0x0000000008001dd0      0x13c Core/Src/main.o
 .text.HAL_TIM_PeriodElapsedCallback
                0x0000000008001f0c       0xa8 Core/Src/main.o
                0x0000000008001f0c                HAL_TIM_PeriodElapsedCallback
 .text.HAL_ADC_ConvCpltCallback
                0x0000000008001fb4       0x1c Core/Src/main.o
                0x0000000008001fb4                HAL_ADC_ConvCpltCallback
 .text.Error_Handler
                0x0000000008001fd0        0xc Core/Src/main.o
                0x0000000008001fd0                Error_Handler
 .text.HAL_MspInit
                0x0000000008001fdc       0x64 Core/Src/stm32f1xx_hal_msp.o
                0x0000000008001fdc                HAL_MspInit
 .text.HAL_ADC_MspInit
                0x0000000008002040       0xd0 Core/Src/stm32f1xx_hal_msp.o
                0x0000000008002040                HAL_ADC_MspInit
 .text.HAL_TIM_PWM_MspInit
                0x0000000008002110       0x38 Core/Src/stm32f1xx_hal_msp.o
                0x0000000008002110                HAL_TIM_PWM_MspInit
 .text.HAL_TIM_Base_MspInit
                0x0000000008002148       0x84 Core/Src/stm32f1xx_hal_msp.o
                0x0000000008002148                HAL_TIM_Base_MspInit
 .text.HAL_TIM_MspPostInit
                0x00000000080021cc       0xc0 Core/Src/stm32f1xx_hal_msp.o
                0x00000000080021cc                HAL_TIM_MspPostInit
 .text.NMI_Handler
                0x000000000800228c        0xc Core/Src/stm32f1xx_it.o
                0x000000000800228c                NMI_Handler
 .text.HardFault_Handler
                0x0000000008002298        0x6 Core/Src/stm32f1xx_it.o
                0x0000000008002298                HardFault_Handler
 .text.MemManage_Handler
                0x000000000800229e        0x6 Core/Src/stm32f1xx_it.o
                0x000000000800229e                MemManage_Handler
 .text.BusFault_Handler
                0x00000000080022a4        0x6 Core/Src/stm32f1xx_it.o
                0x00000000080022a4                BusFault_Handler
 .text.UsageFault_Handler
                0x00000000080022aa        0x6 Core/Src/stm32f1xx_it.o
                0x00000000080022aa                UsageFault_Handler
 .text.SVC_Handler
                0x00000000080022b0        0xc Core/Src/stm32f1xx_it.o
                0x00000000080022b0                SVC_Handler
 .text.DebugMon_Handler
                0x00000000080022bc        0xc Core/Src/stm32f1xx_it.o
                0x00000000080022bc                DebugMon_Handler
 .text.PendSV_Handler
                0x00000000080022c8        0xc Core/Src/stm32f1xx_it.o
                0x00000000080022c8                PendSV_Handler
 .text.SysTick_Handler
                0x00000000080022d4        0xc Core/Src/stm32f1xx_it.o
                0x00000000080022d4                SysTick_Handler
 .text.DMA1_Channel1_IRQHandler
                0x00000000080022e0       0x14 Core/Src/stm32f1xx_it.o
                0x00000000080022e0                DMA1_Channel1_IRQHandler
 .text.TIM3_IRQHandler
                0x00000000080022f4       0x14 Core/Src/stm32f1xx_it.o
                0x00000000080022f4                TIM3_IRQHandler
 .text.TIM4_IRQHandler
                0x0000000008002308       0x14 Core/Src/stm32f1xx_it.o
                0x0000000008002308                TIM4_IRQHandler
 .text.SystemInit
                0x000000000800231c        0xc Core/Src/system_stm32f1xx.o
                0x000000000800231c                SystemInit
 .text.aquecendo
                0x0000000008002328       0x24 Core/Src/telas.o
                0x0000000008002328                aquecendo
 .text.resfriando
                0x000000000800234c       0x24 Core/Src/telas.o
                0x000000000800234c                resfriando
 .text.menuAgua
                0x0000000008002370       0xd8 Core/Src/telas.o
                0x0000000008002370                menuAgua
 .text.misturando
                0x0000000008002448       0x38 Core/Src/telas.o
                0x0000000008002448                misturando
 .text.confirmacao
                0x0000000008002480       0x14 Core/Src/telas.o
                0x0000000008002480                confirmacao
 .text.capsulaEscolhida
                0x0000000008002494      0x2e4 Core/Src/telas.o
                0x0000000008002494                capsulaEscolhida
 .text.filtroSaturado
                0x0000000008002778       0x78 Core/Src/telas.o
                0x0000000008002778                filtroSaturado
 .text.CO2Saturado
                0x00000000080027f0       0x78 Core/Src/telas.o
                0x00000000080027f0                CO2Saturado
 .text.final    0x0000000008002868       0x34 Core/Src/telas.o
                0x0000000008002868                final
 .text.relogio  0x000000000800289c       0xe8 Core/Src/telas.o
                0x000000000800289c                relogio
 .text.aguagEscrita
                0x0000000008002984       0x24 Core/Src/telas.o
                0x0000000008002984                aguagEscrita
 .text.aguaqEscrita
                0x00000000080029a8       0x24 Core/Src/telas.o
                0x00000000080029a8                aguaqEscrita
 .text.sairEscrever
                0x00000000080029cc       0x24 Core/Src/telas.o
                0x00000000080029cc                sairEscrever
 .text.aguanEscrita
                0x00000000080029f0       0x24 Core/Src/telas.o
                0x00000000080029f0                aguanEscrita
 .text.Reset_Handler
                0x0000000008002a14       0x48 Core/Startup/startup_stm32f103c8tx.o
                0x0000000008002a14                Reset_Handler
 .text.Default_Handler
                0x0000000008002a5c        0x2 Core/Startup/startup_stm32f103c8tx.o
                0x0000000008002a5c                RTC_Alarm_IRQHandler
                0x0000000008002a5c                EXTI2_IRQHandler
                0x0000000008002a5c                TIM1_CC_IRQHandler
                0x0000000008002a5c                PVD_IRQHandler
                0x0000000008002a5c                EXTI3_IRQHandler
                0x0000000008002a5c                EXTI0_IRQHandler
                0x0000000008002a5c                I2C2_EV_IRQHandler
                0x0000000008002a5c                ADC1_2_IRQHandler
                0x0000000008002a5c                SPI1_IRQHandler
                0x0000000008002a5c                TAMPER_IRQHandler
                0x0000000008002a5c                DMA1_Channel4_IRQHandler
                0x0000000008002a5c                USART3_IRQHandler
                0x0000000008002a5c                RTC_IRQHandler
                0x0000000008002a5c                DMA1_Channel7_IRQHandler
                0x0000000008002a5c                CAN1_RX1_IRQHandler
                0x0000000008002a5c                I2C1_EV_IRQHandler
                0x0000000008002a5c                DMA1_Channel6_IRQHandler
                0x0000000008002a5c                RCC_IRQHandler
                0x0000000008002a5c                TIM1_TRG_COM_IRQHandler
                0x0000000008002a5c                Default_Handler
                0x0000000008002a5c                EXTI15_10_IRQHandler
                0x0000000008002a5c                EXTI9_5_IRQHandler
                0x0000000008002a5c                SPI2_IRQHandler
                0x0000000008002a5c                DMA1_Channel5_IRQHandler
                0x0000000008002a5c                EXTI4_IRQHandler
                0x0000000008002a5c                USB_LP_CAN1_RX0_IRQHandler
                0x0000000008002a5c                USB_HP_CAN1_TX_IRQHandler
                0x0000000008002a5c                DMA1_Channel3_IRQHandler
                0x0000000008002a5c                TIM1_UP_IRQHandler
                0x0000000008002a5c                WWDG_IRQHandler
                0x0000000008002a5c                TIM2_IRQHandler
                0x0000000008002a5c                TIM1_BRK_IRQHandler
                0x0000000008002a5c                EXTI1_IRQHandler
                0x0000000008002a5c                USART2_IRQHandler
                0x0000000008002a5c                I2C2_ER_IRQHandler
                0x0000000008002a5c                DMA1_Channel2_IRQHandler
                0x0000000008002a5c                CAN1_SCE_IRQHandler
                0x0000000008002a5c                FLASH_IRQHandler
                0x0000000008002a5c                USART1_IRQHandler
                0x0000000008002a5c                I2C1_ER_IRQHandler
                0x0000000008002a5c                USBWakeUp_IRQHandler
 *fill*         0x0000000008002a5e        0x2 
 .text.HAL_Init
                0x0000000008002a60       0x2c Drivers/STM32F1xx_HAL_Driver/Src/stm32f1xx_hal.o
                0x0000000008002a60                HAL_Init
 .text.HAL_InitTick
                0x0000000008002a8c       0x60 Drivers/STM32F1xx_HAL_Driver/Src/stm32f1xx_hal.o
                0x0000000008002a8c                HAL_InitTick
 .text.HAL_IncTick
                0x0000000008002aec       0x24 Drivers/STM32F1xx_HAL_Driver/Src/stm32f1xx_hal.o
                0x0000000008002aec                HAL_IncTick
 .text.HAL_GetTick
                0x0000000008002b10       0x14 Drivers/STM32F1xx_HAL_Driver/Src/stm32f1xx_hal.o
                0x0000000008002b10                HAL_GetTick
 .text.HAL_Delay
                0x0000000008002b24       0x44 Drivers/STM32F1xx_HAL_Driver/Src/stm32f1xx_hal.o
                0x0000000008002b24                HAL_Delay
 .text.HAL_ADC_Init
                0x0000000008002b68      0x1b0 Drivers/STM32F1xx_HAL_Driver/Src/stm32f1xx_hal_adc.o
                0x0000000008002b68                HAL_ADC_Init
 .text.HAL_ADC_Start_DMA
                0x0000000008002d18      0x1bc Drivers/STM32F1xx_HAL_Driver/Src/stm32f1xx_hal_adc.o
                0x0000000008002d18                HAL_ADC_Start_DMA
 .text.HAL_ADC_ConvHalfCpltCallback
                0x0000000008002ed4       0x12 Drivers/STM32F1xx_HAL_Driver/Src/stm32f1xx_hal_adc.o
                0x0000000008002ed4                HAL_ADC_ConvHalfCpltCallback
 .text.HAL_ADC_ErrorCallback
                0x0000000008002ee6       0x12 Drivers/STM32F1xx_HAL_Driver/Src/stm32f1xx_hal_adc.o
                0x0000000008002ee6                HAL_ADC_ErrorCallback
 .text.HAL_ADC_ConfigChannel
                0x0000000008002ef8      0x1f0 Drivers/STM32F1xx_HAL_Driver/Src/stm32f1xx_hal_adc.o
                0x0000000008002ef8                HAL_ADC_ConfigChannel
 .text.ADC_Enable
                0x00000000080030e8       0xa4 Drivers/STM32F1xx_HAL_Driver/Src/stm32f1xx_hal_adc.o
                0x00000000080030e8                ADC_Enable
 .text.ADC_ConversionStop_Disable
                0x000000000800318c       0x74 Drivers/STM32F1xx_HAL_Driver/Src/stm32f1xx_hal_adc.o
                0x000000000800318c                ADC_ConversionStop_Disable
 .text.ADC_DMAConvCplt
                0x0000000008003200       0x7c Drivers/STM32F1xx_HAL_Driver/Src/stm32f1xx_hal_adc.o
                0x0000000008003200                ADC_DMAConvCplt
 .text.ADC_DMAHalfConvCplt
                0x000000000800327c       0x1c Drivers/STM32F1xx_HAL_Driver/Src/stm32f1xx_hal_adc.o
                0x000000000800327c                ADC_DMAHalfConvCplt
 .text.ADC_DMAError
                0x0000000008003298       0x34 Drivers/STM32F1xx_HAL_Driver/Src/stm32f1xx_hal_adc.o
                0x0000000008003298                ADC_DMAError
 .text.HAL_ADCEx_Calibration_Start
                0x00000000080032cc      0x138 Drivers/STM32F1xx_HAL_Driver/Src/stm32f1xx_hal_adc_ex.o
                0x00000000080032cc                HAL_ADCEx_Calibration_Start
 .text.__NVIC_SetPriorityGrouping
                0x0000000008003404       0x48 Drivers/STM32F1xx_HAL_Driver/Src/stm32f1xx_hal_cortex.o
 .text.__NVIC_GetPriorityGrouping
                0x000000000800344c       0x1c Drivers/STM32F1xx_HAL_Driver/Src/stm32f1xx_hal_cortex.o
 .text.__NVIC_EnableIRQ
                0x0000000008003468       0x38 Drivers/STM32F1xx_HAL_Driver/Src/stm32f1xx_hal_cortex.o
 .text.__NVIC_SetPriority
                0x00000000080034a0       0x54 Drivers/STM32F1xx_HAL_Driver/Src/stm32f1xx_hal_cortex.o
 .text.NVIC_EncodePriority
                0x00000000080034f4       0x64 Drivers/STM32F1xx_HAL_Driver/Src/stm32f1xx_hal_cortex.o
 .text.SysTick_Config
                0x0000000008003558       0x44 Drivers/STM32F1xx_HAL_Driver/Src/stm32f1xx_hal_cortex.o
 .text.HAL_NVIC_SetPriorityGrouping
                0x000000000800359c       0x16 Drivers/STM32F1xx_HAL_Driver/Src/stm32f1xx_hal_cortex.o
                0x000000000800359c                HAL_NVIC_SetPriorityGrouping
 .text.HAL_NVIC_SetPriority
                0x00000000080035b2       0x38 Drivers/STM32F1xx_HAL_Driver/Src/stm32f1xx_hal_cortex.o
                0x00000000080035b2                HAL_NVIC_SetPriority
 .text.HAL_NVIC_EnableIRQ
                0x00000000080035ea       0x1c Drivers/STM32F1xx_HAL_Driver/Src/stm32f1xx_hal_cortex.o
                0x00000000080035ea                HAL_NVIC_EnableIRQ
 .text.HAL_SYSTICK_Config
                0x0000000008003606       0x18 Drivers/STM32F1xx_HAL_Driver/Src/stm32f1xx_hal_cortex.o
                0x0000000008003606                HAL_SYSTICK_Config
 *fill*         0x000000000800361e        0x2 
 .text.HAL_DMA_Init
                0x0000000008003620       0xb4 Drivers/STM32F1xx_HAL_Driver/Src/stm32f1xx_hal_dma.o
                0x0000000008003620                HAL_DMA_Init
 .text.HAL_DMA_Start_IT
                0x00000000080036d4       0xbe Drivers/STM32F1xx_HAL_Driver/Src/stm32f1xx_hal_dma.o
                0x00000000080036d4                HAL_DMA_Start_IT
 *fill*         0x0000000008003792        0x2 
 .text.HAL_DMA_IRQHandler
                0x0000000008003794      0x20c Drivers/STM32F1xx_HAL_Driver/Src/stm32f1xx_hal_dma.o
                0x0000000008003794                HAL_DMA_IRQHandler
 .text.DMA_SetConfig
                0x00000000080039a0       0x5a Drivers/STM32F1xx_HAL_Driver/Src/stm32f1xx_hal_dma.o
 *fill*         0x00000000080039fa        0x2 
 .text.HAL_GPIO_Init
                0x00000000080039fc      0x2b4 Drivers/STM32F1xx_HAL_Driver/Src/stm32f1xx_hal_gpio.o
                0x00000000080039fc                HAL_GPIO_Init
 .text.HAL_GPIO_ReadPin
                0x0000000008003cb0       0x2e Drivers/STM32F1xx_HAL_Driver/Src/stm32f1xx_hal_gpio.o
                0x0000000008003cb0                HAL_GPIO_ReadPin
 .text.HAL_GPIO_WritePin
                0x0000000008003cde       0x30 Drivers/STM32F1xx_HAL_Driver/Src/stm32f1xx_hal_gpio.o
                0x0000000008003cde                HAL_GPIO_WritePin
 .text.HAL_GPIO_TogglePin
                0x0000000008003d0e       0x32 Drivers/STM32F1xx_HAL_Driver/Src/stm32f1xx_hal_gpio.o
                0x0000000008003d0e                HAL_GPIO_TogglePin
 .text.HAL_RCC_OscConfig
                0x0000000008003d40      0x500 Drivers/STM32F1xx_HAL_Driver/Src/stm32f1xx_hal_rcc.o
                0x0000000008003d40                HAL_RCC_OscConfig
 .text.HAL_RCC_ClockConfig
                0x0000000008004240      0x1d4 Drivers/STM32F1xx_HAL_Driver/Src/stm32f1xx_hal_rcc.o
                0x0000000008004240                HAL_RCC_ClockConfig
 .text.HAL_RCC_GetSysClockFreq
                0x0000000008004414       0xc4 Drivers/STM32F1xx_HAL_Driver/Src/stm32f1xx_hal_rcc.o
                0x0000000008004414                HAL_RCC_GetSysClockFreq
 .text.HAL_RCC_GetHCLKFreq
                0x00000000080044d8       0x14 Drivers/STM32F1xx_HAL_Driver/Src/stm32f1xx_hal_rcc.o
                0x00000000080044d8                HAL_RCC_GetHCLKFreq
 .text.HAL_RCC_GetPCLK2Freq
                0x00000000080044ec       0x28 Drivers/STM32F1xx_HAL_Driver/Src/stm32f1xx_hal_rcc.o
                0x00000000080044ec                HAL_RCC_GetPCLK2Freq
 .text.RCC_Delay
                0x0000000008004514       0x3c Drivers/STM32F1xx_HAL_Driver/Src/stm32f1xx_hal_rcc.o
 .text.HAL_RCCEx_PeriphCLKConfig
                0x0000000008004550      0x16c Drivers/STM32F1xx_HAL_Driver/Src/stm32f1xx_hal_rcc_ex.o
                0x0000000008004550                HAL_RCCEx_PeriphCLKConfig
 .text.HAL_RCCEx_GetPeriphCLKFreq
                0x00000000080046bc      0x178 Drivers/STM32F1xx_HAL_Driver/Src/stm32f1xx_hal_rcc_ex.o
                0x00000000080046bc                HAL_RCCEx_GetPeriphCLKFreq
 .text.HAL_TIM_Base_Init
                0x0000000008004834       0x9e Drivers/STM32F1xx_HAL_Driver/Src/stm32f1xx_hal_tim.o
                0x0000000008004834                HAL_TIM_Base_Init
 *fill*         0x00000000080048d2        0x2 
 .text.HAL_TIM_Base_Start_IT
                0x00000000080048d4       0xa4 Drivers/STM32F1xx_HAL_Driver/Src/stm32f1xx_hal_tim.o
                0x00000000080048d4                HAL_TIM_Base_Start_IT
 .text.HAL_TIM_PWM_Init
                0x0000000008004978       0x9e Drivers/STM32F1xx_HAL_Driver/Src/stm32f1xx_hal_tim.o
                0x0000000008004978                HAL_TIM_PWM_Init
 *fill*         0x0000000008004a16        0x2 
 .text.HAL_TIM_PWM_Start
                0x0000000008004a18      0x144 Drivers/STM32F1xx_HAL_Driver/Src/stm32f1xx_hal_tim.o
                0x0000000008004a18                HAL_TIM_PWM_Start
 .text.HAL_TIM_IRQHandler
                0x0000000008004b5c      0x210 Drivers/STM32F1xx_HAL_Driver/Src/stm32f1xx_hal_tim.o
                0x0000000008004b5c                HAL_TIM_IRQHandler
 .text.HAL_TIM_PWM_ConfigChannel
                0x0000000008004d6c      0x17c Drivers/STM32F1xx_HAL_Driver/Src/stm32f1xx_hal_tim.o
                0x0000000008004d6c                HAL_TIM_PWM_ConfigChannel
 .text.HAL_TIM_ConfigClockSource
                0x0000000008004ee8      0x16e Drivers/STM32F1xx_HAL_Driver/Src/stm32f1xx_hal_tim.o
                0x0000000008004ee8                HAL_TIM_ConfigClockSource
 .text.HAL_TIM_OC_DelayElapsedCallback
                0x0000000008005056       0x12 Drivers/STM32F1xx_HAL_Driver/Src/stm32f1xx_hal_tim.o
                0x0000000008005056                HAL_TIM_OC_DelayElapsedCallback
 .text.HAL_TIM_IC_CaptureCallback
                0x0000000008005068       0x12 Drivers/STM32F1xx_HAL_Driver/Src/stm32f1xx_hal_tim.o
                0x0000000008005068                HAL_TIM_IC_CaptureCallback
 .text.HAL_TIM_PWM_PulseFinishedCallback
                0x000000000800507a       0x12 Drivers/STM32F1xx_HAL_Driver/Src/stm32f1xx_hal_tim.o
                0x000000000800507a                HAL_TIM_PWM_PulseFinishedCallback
 .text.HAL_TIM_TriggerCallback
                0x000000000800508c       0x12 Drivers/STM32F1xx_HAL_Driver/Src/stm32f1xx_hal_tim.o
                0x000000000800508c                HAL_TIM_TriggerCallback
 *fill*         0x000000000800509e        0x2 
 .text.TIM_Base_SetConfig
                0x00000000080050a0       0xc4 Drivers/STM32F1xx_HAL_Driver/Src/stm32f1xx_hal_tim.o
                0x00000000080050a0                TIM_Base_SetConfig
 .text.TIM_OC1_SetConfig
                0x0000000008005164       0xcc Drivers/STM32F1xx_HAL_Driver/Src/stm32f1xx_hal_tim.o
 .text.TIM_OC2_SetConfig
                0x0000000008005230       0xd4 Drivers/STM32F1xx_HAL_Driver/Src/stm32f1xx_hal_tim.o
                0x0000000008005230                TIM_OC2_SetConfig
 .text.TIM_OC3_SetConfig
                0x0000000008005304       0xd4 Drivers/STM32F1xx_HAL_Driver/Src/stm32f1xx_hal_tim.o
 .text.TIM_OC4_SetConfig
                0x00000000080053d8       0x9c Drivers/STM32F1xx_HAL_Driver/Src/stm32f1xx_hal_tim.o
 .text.TIM_TI1_ConfigInputStage
                0x0000000008005474       0x5c Drivers/STM32F1xx_HAL_Driver/Src/stm32f1xx_hal_tim.o
 .text.TIM_TI2_ConfigInputStage
                0x00000000080054d0       0x5e Drivers/STM32F1xx_HAL_Driver/Src/stm32f1xx_hal_tim.o
 .text.TIM_ITRx_SetConfig
                0x000000000800552e       0x34 Drivers/STM32F1xx_HAL_Driver/Src/stm32f1xx_hal_tim.o
 .text.TIM_ETR_SetConfig
                0x0000000008005562       0x3e Drivers/STM32F1xx_HAL_Driver/Src/stm32f1xx_hal_tim.o
                0x0000000008005562                TIM_ETR_SetConfig
 .text.TIM_CCxChannelCmd
                0x00000000080055a0       0x48 Drivers/STM32F1xx_HAL_Driver/Src/stm32f1xx_hal_tim.o
                0x00000000080055a0                TIM_CCxChannelCmd
 .text.HAL_TIMEx_MasterConfigSynchronization
                0x00000000080055e8       0xbc Drivers/STM32F1xx_HAL_Driver/Src/stm32f1xx_hal_tim_ex.o
                0x00000000080055e8                HAL_TIMEx_MasterConfigSynchronization
 .text.HAL_TIMEx_CommutCallback
                0x00000000080056a4       0x12 Drivers/STM32F1xx_HAL_Driver/Src/stm32f1xx_hal_tim_ex.o
                0x00000000080056a4                HAL_TIMEx_CommutCallback
 .text.HAL_TIMEx_BreakCallback
                0x00000000080056b6       0x12 Drivers/STM32F1xx_HAL_Driver/Src/stm32f1xx_hal_tim_ex.o
                0x00000000080056b6                HAL_TIMEx_BreakCallback
 .text.atoi     0x00000000080056c8        0x8 c:/st/stm32cubeide_1.4.0/stm32cubeide/plugins/com.st.stm32cube.ide.mcu.externaltools.gnu-tools-for-stm32.7-2018-q2-update.win32_1.4.0.202007081208/tools/bin/../lib/gcc/arm-none-eabi/7.3.1/../../../../arm-none-eabi/lib/thumb/v7-m\libc_nano.a(lib_a-atoi.o)
                0x00000000080056c8                atoi
 .text.__libc_init_array
                0x00000000080056d0       0x48 c:/st/stm32cubeide_1.4.0/stm32cubeide/plugins/com.st.stm32cube.ide.mcu.externaltools.gnu-tools-for-stm32.7-2018-q2-update.win32_1.4.0.202007081208/tools/bin/../lib/gcc/arm-none-eabi/7.3.1/../../../../arm-none-eabi/lib/thumb/v7-m\libc_nano.a(lib_a-init.o)
                0x00000000080056d0                __libc_init_array
 .text.__itoa   0x0000000008005718       0x30 c:/st/stm32cubeide_1.4.0/stm32cubeide/plugins/com.st.stm32cube.ide.mcu.externaltools.gnu-tools-for-stm32.7-2018-q2-update.win32_1.4.0.202007081208/tools/bin/../lib/gcc/arm-none-eabi/7.3.1/../../../../arm-none-eabi/lib/thumb/v7-m\libc_nano.a(lib_a-itoa.o)
                0x0000000008005718                __itoa
 .text.itoa     0x0000000008005748        0x4 c:/st/stm32cubeide_1.4.0/stm32cubeide/plugins/com.st.stm32cube.ide.mcu.externaltools.gnu-tools-for-stm32.7-2018-q2-update.win32_1.4.0.202007081208/tools/bin/../lib/gcc/arm-none-eabi/7.3.1/../../../../arm-none-eabi/lib/thumb/v7-m\libc_nano.a(lib_a-itoa.o)
                0x0000000008005748                itoa
 .text.memset   0x000000000800574c       0x10 c:/st/stm32cubeide_1.4.0/stm32cubeide/plugins/com.st.stm32cube.ide.mcu.externaltools.gnu-tools-for-stm32.7-2018-q2-update.win32_1.4.0.202007081208/tools/bin/../lib/gcc/arm-none-eabi/7.3.1/../../../../arm-none-eabi/lib/thumb/v7-m\libc_nano.a(lib_a-memset.o)
                0x000000000800574c                memset
 .text.strcpy   0x000000000800575c       0x10 c:/st/stm32cubeide_1.4.0/stm32cubeide/plugins/com.st.stm32cube.ide.mcu.externaltools.gnu-tools-for-stm32.7-2018-q2-update.win32_1.4.0.202007081208/tools/bin/../lib/gcc/arm-none-eabi/7.3.1/../../../../arm-none-eabi/lib/thumb/v7-m\libc_nano.a(lib_a-strcpy.o)
                0x000000000800575c                strcpy
 .text._strtol_l.isra.0
                0x000000000800576c       0xf6 c:/st/stm32cubeide_1.4.0/stm32cubeide/plugins/com.st.stm32cube.ide.mcu.externaltools.gnu-tools-for-stm32.7-2018-q2-update.win32_1.4.0.202007081208/tools/bin/../lib/gcc/arm-none-eabi/7.3.1/../../../../arm-none-eabi/lib/thumb/v7-m\libc_nano.a(lib_a-strtol.o)
 *fill*         0x0000000008005862        0x2 
 .text.strtol   0x0000000008005864       0x2c c:/st/stm32cubeide_1.4.0/stm32cubeide/plugins/com.st.stm32cube.ide.mcu.externaltools.gnu-tools-for-stm32.7-2018-q2-update.win32_1.4.0.202007081208/tools/bin/../lib/gcc/arm-none-eabi/7.3.1/../../../../arm-none-eabi/lib/thumb/v7-m\libc_nano.a(lib_a-strtol.o)
                0x0000000008005864                strtol
 .text.__utoa   0x0000000008005890       0x7c c:/st/stm32cubeide_1.4.0/stm32cubeide/plugins/com.st.stm32cube.ide.mcu.externaltools.gnu-tools-for-stm32.7-2018-q2-update.win32_1.4.0.202007081208/tools/bin/../lib/gcc/arm-none-eabi/7.3.1/../../../../arm-none-eabi/lib/thumb/v7-m\libc_nano.a(lib_a-utoa.o)
                0x0000000008005890                __utoa
 .text.__locale_ctype_ptr_l
                0x000000000800590c        0x6 c:/st/stm32cubeide_1.4.0/stm32cubeide/plugins/com.st.stm32cube.ide.mcu.externaltools.gnu-tools-for-stm32.7-2018-q2-update.win32_1.4.0.202007081208/tools/bin/../lib/gcc/arm-none-eabi/7.3.1/../../../../arm-none-eabi/lib/thumb/v7-m\libc_nano.a(lib_a-locale.o)
                0x000000000800590c                __locale_ctype_ptr_l
 .text.__ascii_mbtowc
                0x0000000008005912       0x24 c:/st/stm32cubeide_1.4.0/stm32cubeide/plugins/com.st.stm32cube.ide.mcu.externaltools.gnu-tools-for-stm32.7-2018-q2-update.win32_1.4.0.202007081208/tools/bin/../lib/gcc/arm-none-eabi/7.3.1/../../../../arm-none-eabi/lib/thumb/v7-m\libc_nano.a(lib_a-mbtowc_r.o)
                0x0000000008005912                __ascii_mbtowc
 .text.__ascii_wctomb
                0x0000000008005936       0x1a c:/st/stm32cubeide_1.4.0/stm32cubeide/plugins/com.st.stm32cube.ide.mcu.externaltools.gnu-tools-for-stm32.7-2018-q2-update.win32_1.4.0.202007081208/tools/bin/../lib/gcc/arm-none-eabi/7.3.1/../../../../arm-none-eabi/lib/thumb/v7-m\libc_nano.a(lib_a-wctomb_r.o)
                0x0000000008005936                __ascii_wctomb
 *(.glue_7)
 .glue_7        0x0000000008005950        0x0 linker stubs
 *(.glue_7t)
 .glue_7t       0x0000000008005950        0x0 linker stubs
 *(.eh_frame)
 .eh_frame      0x0000000008005950        0x0 c:/st/stm32cubeide_1.4.0/stm32cubeide/plugins/com.st.stm32cube.ide.mcu.externaltools.gnu-tools-for-stm32.7-2018-q2-update.win32_1.4.0.202007081208/tools/bin/../lib/gcc/arm-none-eabi/7.3.1/thumb/v7-m/crtbegin.o
 *(.init)
 .init          0x0000000008005950        0x4 c:/st/stm32cubeide_1.4.0/stm32cubeide/plugins/com.st.stm32cube.ide.mcu.externaltools.gnu-tools-for-stm32.7-2018-q2-update.win32_1.4.0.202007081208/tools/bin/../lib/gcc/arm-none-eabi/7.3.1/thumb/v7-m/crti.o
                0x0000000008005950                _init
 .init          0x0000000008005954        0x8 c:/st/stm32cubeide_1.4.0/stm32cubeide/plugins/com.st.stm32cube.ide.mcu.externaltools.gnu-tools-for-stm32.7-2018-q2-update.win32_1.4.0.202007081208/tools/bin/../lib/gcc/arm-none-eabi/7.3.1/thumb/v7-m/crtn.o
 *(.fini)
 .fini          0x000000000800595c        0x4 c:/st/stm32cubeide_1.4.0/stm32cubeide/plugins/com.st.stm32cube.ide.mcu.externaltools.gnu-tools-for-stm32.7-2018-q2-update.win32_1.4.0.202007081208/tools/bin/../lib/gcc/arm-none-eabi/7.3.1/thumb/v7-m/crti.o
                0x000000000800595c                _fini
 .fini          0x0000000008005960        0x8 c:/st/stm32cubeide_1.4.0/stm32cubeide/plugins/com.st.stm32cube.ide.mcu.externaltools.gnu-tools-for-stm32.7-2018-q2-update.win32_1.4.0.202007081208/tools/bin/../lib/gcc/arm-none-eabi/7.3.1/thumb/v7-m/crtn.o
                0x0000000008005968                . = ALIGN (0x4)
                0x0000000008005968                _etext = .

.vfp11_veneer   0x0000000008005968        0x0
 .vfp11_veneer  0x0000000008005968        0x0 linker stubs

.v4_bx          0x0000000008005968        0x0
 .v4_bx         0x0000000008005968        0x0 linker stubs

.iplt           0x0000000008005968        0x0
 .iplt          0x0000000008005968        0x0 c:/st/stm32cubeide_1.4.0/stm32cubeide/plugins/com.st.stm32cube.ide.mcu.externaltools.gnu-tools-for-stm32.7-2018-q2-update.win32_1.4.0.202007081208/tools/bin/../lib/gcc/arm-none-eabi/7.3.1/thumb/v7-m/crtbegin.o

.rodata         0x0000000008005968      0x304
                0x0000000008005968                . = ALIGN (0x4)
 *(.rodata)
 .rodata        0x0000000008005968        0xe Core/Src/aguaSemGas.o
 *fill*         0x0000000008005976        0x2 
 .rodata        0x0000000008005978       0x59 Core/Src/funcoes.o
 *fill*         0x00000000080059d1        0x3 
 .rodata        0x00000000080059d4        0x9 Core/Src/main.o
 *fill*         0x00000000080059dd        0x3 
 .rodata        0x00000000080059e0      0x119 Core/Src/telas.o
 *fill*         0x0000000008005af9        0x3 
 .rodata        0x0000000008005afc       0x12 Drivers/STM32F1xx_HAL_Driver/Src/stm32f1xx_hal_rcc.o
 *fill*         0x0000000008005b0e        0x2 
 .rodata        0x0000000008005b10       0x12 Drivers/STM32F1xx_HAL_Driver/Src/stm32f1xx_hal_rcc_ex.o
 *(.rodata*)
 *fill*         0x0000000008005b22        0x2 
 .rodata.AHBPrescTable
                0x0000000008005b24       0x10 Core/Src/system_stm32f1xx.o
                0x0000000008005b24                AHBPrescTable
 .rodata.APBPrescTable
                0x0000000008005b34        0x8 Core/Src/system_stm32f1xx.o
                0x0000000008005b34                APBPrescTable
 .rodata.__utoa.str1.1
                0x0000000008005b3c       0x25 c:/st/stm32cubeide_1.4.0/stm32cubeide/plugins/com.st.stm32cube.ide.mcu.externaltools.gnu-tools-for-stm32.7-2018-q2-update.win32_1.4.0.202007081208/tools/bin/../lib/gcc/arm-none-eabi/7.3.1/../../../../arm-none-eabi/lib/thumb/v7-m\libc_nano.a(lib_a-utoa.o)
 .rodata._setlocale_r.str1.1
                0x0000000008005b61        0x8 c:/st/stm32cubeide_1.4.0/stm32cubeide/plugins/com.st.stm32cube.ide.mcu.externaltools.gnu-tools-for-stm32.7-2018-q2-update.win32_1.4.0.202007081208/tools/bin/../lib/gcc/arm-none-eabi/7.3.1/../../../../arm-none-eabi/lib/thumb/v7-m\libc_nano.a(lib_a-locale.o)
                                          0x9 (size before relaxing)
 .rodata.str1.1
                0x0000000008005b69        0x2 c:/st/stm32cubeide_1.4.0/stm32cubeide/plugins/com.st.stm32cube.ide.mcu.externaltools.gnu-tools-for-stm32.7-2018-q2-update.win32_1.4.0.202007081208/tools/bin/../lib/gcc/arm-none-eabi/7.3.1/../../../../arm-none-eabi/lib/thumb/v7-m\libc_nano.a(lib_a-locale.o)
 .rodata._ctype_
                0x0000000008005b6b      0x101 c:/st/stm32cubeide_1.4.0/stm32cubeide/plugins/com.st.stm32cube.ide.mcu.externaltools.gnu-tools-for-stm32.7-2018-q2-update.win32_1.4.0.202007081208/tools/bin/../lib/gcc/arm-none-eabi/7.3.1/../../../../arm-none-eabi/lib/thumb/v7-m\libc_nano.a(lib_a-ctype_.o)
                0x0000000008005b6b                _ctype_
                0x0000000008005c6c                . = ALIGN (0x4)

.rel.dyn        0x0000000008005c6c        0x0
 .rel.iplt      0x0000000008005c6c        0x0 c:/st/stm32cubeide_1.4.0/stm32cubeide/plugins/com.st.stm32cube.ide.mcu.externaltools.gnu-tools-for-stm32.7-2018-q2-update.win32_1.4.0.202007081208/tools/bin/../lib/gcc/arm-none-eabi/7.3.1/thumb/v7-m/crtbegin.o

.ARM.extab      0x0000000008005c6c        0x0
                0x0000000008005c6c                . = ALIGN (0x4)
 *(.ARM.extab* .gnu.linkonce.armextab.*)
                0x0000000008005c6c                . = ALIGN (0x4)

.ARM            0x0000000008005c6c        0x0
                0x0000000008005c6c                . = ALIGN (0x4)
                0x0000000008005c6c                __exidx_start = .
 *(.ARM.exidx*)
                0x0000000008005c6c                __exidx_end = .
                0x0000000008005c6c                . = ALIGN (0x4)

.preinit_array  0x0000000008005c6c        0x0
                0x0000000008005c6c                . = ALIGN (0x4)
                0x0000000008005c6c                PROVIDE (__preinit_array_start = .)
 *(.preinit_array*)
                0x0000000008005c6c                PROVIDE (__preinit_array_end = .)
                0x0000000008005c6c                . = ALIGN (0x4)

.init_array     0x0000000008005c6c        0x4
                0x0000000008005c6c                . = ALIGN (0x4)
                0x0000000008005c6c                PROVIDE (__init_array_start = .)
 *(SORT_BY_NAME(.init_array.*))
 *(.init_array*)
 .init_array    0x0000000008005c6c        0x4 c:/st/stm32cubeide_1.4.0/stm32cubeide/plugins/com.st.stm32cube.ide.mcu.externaltools.gnu-tools-for-stm32.7-2018-q2-update.win32_1.4.0.202007081208/tools/bin/../lib/gcc/arm-none-eabi/7.3.1/thumb/v7-m/crtbegin.o
                0x0000000008005c70                PROVIDE (__init_array_end = .)
                0x0000000008005c70                . = ALIGN (0x4)

.fini_array     0x0000000008005c70        0x4
                0x0000000008005c70                . = ALIGN (0x4)
                [!provide]                        PROVIDE (__fini_array_start = .)
 *(SORT_BY_NAME(.fini_array.*))
 *(.fini_array*)
 .fini_array    0x0000000008005c70        0x4 c:/st/stm32cubeide_1.4.0/stm32cubeide/plugins/com.st.stm32cube.ide.mcu.externaltools.gnu-tools-for-stm32.7-2018-q2-update.win32_1.4.0.202007081208/tools/bin/../lib/gcc/arm-none-eabi/7.3.1/thumb/v7-m/crtbegin.o
                [!provide]                        PROVIDE (__fini_array_end = .)
                0x0000000008005c74                . = ALIGN (0x4)
                0x0000000008005c74                _sidata = LOADADDR (.data)

.data           0x0000000020000000      0x218 load address 0x0000000008005c74
                0x0000000020000000                . = ALIGN (0x4)
                0x0000000020000000                _sdata = .
 *(.data)
 *(.data*)
 .data.D4       0x0000000020000000        0x2 Core/Src/display.o
                0x0000000020000000                D4
 .data.D5       0x0000000020000002        0x2 Core/Src/display.o
                0x0000000020000002                D5
 .data.D6       0x0000000020000004        0x2 Core/Src/display.o
                0x0000000020000004                D6
 .data.D7       0x0000000020000006        0x2 Core/Src/display.o
                0x0000000020000006                D7
 .data.E        0x0000000020000008        0x2 Core/Src/display.o
                0x0000000020000008                E
 .data.RS       0x000000002000000a        0x2 Core/Src/display.o
                0x000000002000000a                RS
 .data.cg0      0x000000002000000c        0x1 Core/Src/display.o
                0x000000002000000c                cg0
 .data.cg1      0x000000002000000d        0x1 Core/Src/display.o
                0x000000002000000d                cg1
 .data.cg2      0x000000002000000e        0x1 Core/Src/display.o
                0x000000002000000e                cg2
 .data.cg3      0x000000002000000f        0x1 Core/Src/display.o
                0x000000002000000f                cg3
 .data.cg4      0x0000000020000010        0x1 Core/Src/display.o
                0x0000000020000010                cg4
 *fill*         0x0000000020000011        0x3 
 .data.cd       0x0000000020000014        0x8 Core/Src/display.o
                0x0000000020000014                cd
 .data.ac       0x000000002000001c        0x8 Core/Src/display.o
                0x000000002000001c                ac
 .data.ec       0x0000000020000024        0x8 Core/Src/display.o
                0x0000000020000024                ec
 .data.at       0x000000002000002c        0x8 Core/Src/display.o
                0x000000002000002c                at
 .data.ot       0x0000000020000034        0x8 Core/Src/display.o
                0x0000000020000034                ot
 .data.SystemCoreClock
                0x000000002000003c        0x4 Core/Src/system_stm32f1xx.o
                0x000000002000003c                SystemCoreClock
 .data.uwTickPrio
                0x0000000020000040        0x4 Drivers/STM32F1xx_HAL_Driver/Src/stm32f1xx_hal.o
                0x0000000020000040                uwTickPrio
 .data.uwTickFreq
                0x0000000020000044        0x1 Drivers/STM32F1xx_HAL_Driver/Src/stm32f1xx_hal.o
                0x0000000020000044                uwTickFreq
 *fill*         0x0000000020000045        0x3 
 .data._impure_ptr
                0x0000000020000048        0x4 c:/st/stm32cubeide_1.4.0/stm32cubeide/plugins/com.st.stm32cube.ide.mcu.externaltools.gnu-tools-for-stm32.7-2018-q2-update.win32_1.4.0.202007081208/tools/bin/../lib/gcc/arm-none-eabi/7.3.1/../../../../arm-none-eabi/lib/thumb/v7-m\libc_nano.a(lib_a-impure.o)
                0x0000000020000048                _impure_ptr
 .data.impure_data
                0x000000002000004c       0x60 c:/st/stm32cubeide_1.4.0/stm32cubeide/plugins/com.st.stm32cube.ide.mcu.externaltools.gnu-tools-for-stm32.7-2018-q2-update.win32_1.4.0.202007081208/tools/bin/../lib/gcc/arm-none-eabi/7.3.1/../../../../arm-none-eabi/lib/thumb/v7-m\libc_nano.a(lib_a-impure.o)
 .data.__global_locale
                0x00000000200000ac      0x16c c:/st/stm32cubeide_1.4.0/stm32cubeide/plugins/com.st.stm32cube.ide.mcu.externaltools.gnu-tools-for-stm32.7-2018-q2-update.win32_1.4.0.202007081208/tools/bin/../lib/gcc/arm-none-eabi/7.3.1/../../../../arm-none-eabi/lib/thumb/v7-m\libc_nano.a(lib_a-locale.o)
                0x00000000200000ac                __global_locale
                0x0000000020000218                . = ALIGN (0x4)
                0x0000000020000218                _edata = .

.igot.plt       0x0000000020000218        0x0 load address 0x0000000008005e8c
 .igot.plt      0x0000000020000218        0x0 c:/st/stm32cubeide_1.4.0/stm32cubeide/plugins/com.st.stm32cube.ide.mcu.externaltools.gnu-tools-for-stm32.7-2018-q2-update.win32_1.4.0.202007081208/tools/bin/../lib/gcc/arm-none-eabi/7.3.1/thumb/v7-m/crtbegin.o
                0x0000000020000218                . = ALIGN (0x4)

.bss            0x0000000020000218      0x2b8 load address 0x0000000008005e8c
                0x0000000020000218                _sbss = .
                0x0000000020000218                __bss_start__ = _sbss
 *(.bss)
 .bss           0x0000000020000218       0x1c c:/st/stm32cubeide_1.4.0/stm32cubeide/plugins/com.st.stm32cube.ide.mcu.externaltools.gnu-tools-for-stm32.7-2018-q2-update.win32_1.4.0.202007081208/tools/bin/../lib/gcc/arm-none-eabi/7.3.1/thumb/v7-m/crtbegin.o
 *(.bss*)
 *(COMMON)
 COMMON         0x0000000020000234      0x1c0 Core/Src/aguaSemGas.o
                0x0000000020000234                horas
                0x0000000020000235                flag
                0x0000000020000236                segundos
                0x0000000020000238                hadc1
                0x0000000020000268                hdma_adc1
                0x00000000200002ac                presCO2
                0x00000000200002ad                bn1
                0x00000000200002ae                presF
                0x00000000200002b0                capsula
                0x00000000200003b0                minutos
                0x00000000200003b4                adcData
 COMMON         0x00000000200003f4       0xd8 Core/Src/main.o
                0x00000000200003f4                htim4
                0x000000002000043c                htim3
                0x0000000020000484                htim2
 COMMON         0x00000000200004cc        0x4 Drivers/STM32F1xx_HAL_Driver/Src/stm32f1xx_hal.o
                0x00000000200004cc                uwTick
                0x00000000200004d0                . = ALIGN (0x4)
                0x00000000200004d0                _ebss = .
                0x00000000200004d0                __bss_end__ = _ebss

._user_heap_stack
                0x00000000200004d0      0x600 load address 0x0000000008005e8c
                0x00000000200004d0                . = ALIGN (0x8)
                [!provide]                        PROVIDE (end = .)
                0x00000000200004d0                PROVIDE (_end = .)
                0x00000000200006d0                . = (. + _Min_Heap_Size)
 *fill*         0x00000000200004d0      0x200 
                0x0000000020000ad0                . = (. + _Min_Stack_Size)
 *fill*         0x00000000200006d0      0x400 
                0x0000000020000ad0                . = ALIGN (0x8)

/DISCARD/
 libc.a(*)
 libm.a(*)
 libgcc.a(*)

.ARM.attributes
                0x0000000000000000       0x29
 *(.ARM.attributes)
 .ARM.attributes
                0x0000000000000000       0x1d c:/st/stm32cubeide_1.4.0/stm32cubeide/plugins/com.st.stm32cube.ide.mcu.externaltools.gnu-tools-for-stm32.7-2018-q2-update.win32_1.4.0.202007081208/tools/bin/../lib/gcc/arm-none-eabi/7.3.1/thumb/v7-m/crti.o
 .ARM.attributes
                0x000000000000001d       0x2d c:/st/stm32cubeide_1.4.0/stm32cubeide/plugins/com.st.stm32cube.ide.mcu.externaltools.gnu-tools-for-stm32.7-2018-q2-update.win32_1.4.0.202007081208/tools/bin/../lib/gcc/arm-none-eabi/7.3.1/thumb/v7-m/crtbegin.o
 .ARM.attributes
                0x000000000000004a       0x33 Core/Src/aguaSemGas.o
 .ARM.attributes
                0x000000000000007d       0x33 Core/Src/bebidasGaseificadas.o
 .ARM.attributes
                0x00000000000000b0       0x33 Core/Src/display.o
 .ARM.attributes
                0x00000000000000e3       0x33 Core/Src/funcoes.o
 .ARM.attributes
                0x0000000000000116       0x33 Core/Src/main.o
 .ARM.attributes
                0x0000000000000149       0x33 Core/Src/stm32f1xx_hal_msp.o
 .ARM.attributes
                0x000000000000017c       0x33 Core/Src/stm32f1xx_it.o
 .ARM.attributes
                0x00000000000001af       0x33 Core/Src/system_stm32f1xx.o
 .ARM.attributes
                0x00000000000001e2       0x33 Core/Src/telas.o
 .ARM.attributes
                0x0000000000000215       0x21 Core/Startup/startup_stm32f103c8tx.o
 .ARM.attributes
                0x0000000000000236       0x33 Drivers/STM32F1xx_HAL_Driver/Src/stm32f1xx_hal.o
 .ARM.attributes
                0x0000000000000269       0x33 Drivers/STM32F1xx_HAL_Driver/Src/stm32f1xx_hal_adc.o
 .ARM.attributes
                0x000000000000029c       0x33 Drivers/STM32F1xx_HAL_Driver/Src/stm32f1xx_hal_adc_ex.o
 .ARM.attributes
                0x00000000000002cf       0x33 Drivers/STM32F1xx_HAL_Driver/Src/stm32f1xx_hal_cortex.o
 .ARM.attributes
                0x0000000000000302       0x33 Drivers/STM32F1xx_HAL_Driver/Src/stm32f1xx_hal_dma.o
 .ARM.attributes
                0x0000000000000335       0x33 Drivers/STM32F1xx_HAL_Driver/Src/stm32f1xx_hal_gpio.o
 .ARM.attributes
                0x0000000000000368       0x33 Drivers/STM32F1xx_HAL_Driver/Src/stm32f1xx_hal_rcc.o
 .ARM.attributes
                0x000000000000039b       0x33 Drivers/STM32F1xx_HAL_Driver/Src/stm32f1xx_hal_rcc_ex.o
 .ARM.attributes
                0x00000000000003ce       0x33 Drivers/STM32F1xx_HAL_Driver/Src/stm32f1xx_hal_tim.o
 .ARM.attributes
                0x0000000000000401       0x33 Drivers/STM32F1xx_HAL_Driver/Src/stm32f1xx_hal_tim_ex.o
 .ARM.attributes
                0x0000000000000434       0x2d c:/st/stm32cubeide_1.4.0/stm32cubeide/plugins/com.st.stm32cube.ide.mcu.externaltools.gnu-tools-for-stm32.7-2018-q2-update.win32_1.4.0.202007081208/tools/bin/../lib/gcc/arm-none-eabi/7.3.1/../../../../arm-none-eabi/lib/thumb/v7-m\libc_nano.a(lib_a-atoi.o)
 .ARM.attributes
                0x0000000000000461       0x2d c:/st/stm32cubeide_1.4.0/stm32cubeide/plugins/com.st.stm32cube.ide.mcu.externaltools.gnu-tools-for-stm32.7-2018-q2-update.win32_1.4.0.202007081208/tools/bin/../lib/gcc/arm-none-eabi/7.3.1/../../../../arm-none-eabi/lib/thumb/v7-m\libc_nano.a(lib_a-impure.o)
 .ARM.attributes
                0x000000000000048e       0x2d c:/st/stm32cubeide_1.4.0/stm32cubeide/plugins/com.st.stm32cube.ide.mcu.externaltools.gnu-tools-for-stm32.7-2018-q2-update.win32_1.4.0.202007081208/tools/bin/../lib/gcc/arm-none-eabi/7.3.1/../../../../arm-none-eabi/lib/thumb/v7-m\libc_nano.a(lib_a-init.o)
 .ARM.attributes
                0x00000000000004bb       0x2d c:/st/stm32cubeide_1.4.0/stm32cubeide/plugins/com.st.stm32cube.ide.mcu.externaltools.gnu-tools-for-stm32.7-2018-q2-update.win32_1.4.0.202007081208/tools/bin/../lib/gcc/arm-none-eabi/7.3.1/../../../../arm-none-eabi/lib/thumb/v7-m\libc_nano.a(lib_a-itoa.o)
 .ARM.attributes
                0x00000000000004e8       0x2d c:/st/stm32cubeide_1.4.0/stm32cubeide/plugins/com.st.stm32cube.ide.mcu.externaltools.gnu-tools-for-stm32.7-2018-q2-update.win32_1.4.0.202007081208/tools/bin/../lib/gcc/arm-none-eabi/7.3.1/../../../../arm-none-eabi/lib/thumb/v7-m\libc_nano.a(lib_a-memset.o)
 .ARM.attributes
                0x0000000000000515       0x2d c:/st/stm32cubeide_1.4.0/stm32cubeide/plugins/com.st.stm32cube.ide.mcu.externaltools.gnu-tools-for-stm32.7-2018-q2-update.win32_1.4.0.202007081208/tools/bin/../lib/gcc/arm-none-eabi/7.3.1/../../../../arm-none-eabi/lib/thumb/v7-m\libc_nano.a(lib_a-strcpy.o)
 .ARM.attributes
                0x0000000000000542       0x2d c:/st/stm32cubeide_1.4.0/stm32cubeide/plugins/com.st.stm32cube.ide.mcu.externaltools.gnu-tools-for-stm32.7-2018-q2-update.win32_1.4.0.202007081208/tools/bin/../lib/gcc/arm-none-eabi/7.3.1/../../../../arm-none-eabi/lib/thumb/v7-m\libc_nano.a(lib_a-strtol.o)
 .ARM.attributes
                0x000000000000056f       0x2d c:/st/stm32cubeide_1.4.0/stm32cubeide/plugins/com.st.stm32cube.ide.mcu.externaltools.gnu-tools-for-stm32.7-2018-q2-update.win32_1.4.0.202007081208/tools/bin/../lib/gcc/arm-none-eabi/7.3.1/../../../../arm-none-eabi/lib/thumb/v7-m\libc_nano.a(lib_a-utoa.o)
 .ARM.attributes
                0x000000000000059c       0x2d c:/st/stm32cubeide_1.4.0/stm32cubeide/plugins/com.st.stm32cube.ide.mcu.externaltools.gnu-tools-for-stm32.7-2018-q2-update.win32_1.4.0.202007081208/tools/bin/../lib/gcc/arm-none-eabi/7.3.1/../../../../arm-none-eabi/lib/thumb/v7-m\libc_nano.a(lib_a-locale.o)
 .ARM.attributes
                0x00000000000005c9       0x2d c:/st/stm32cubeide_1.4.0/stm32cubeide/plugins/com.st.stm32cube.ide.mcu.externaltools.gnu-tools-for-stm32.7-2018-q2-update.win32_1.4.0.202007081208/tools/bin/../lib/gcc/arm-none-eabi/7.3.1/../../../../arm-none-eabi/lib/thumb/v7-m\libc_nano.a(lib_a-mbtowc_r.o)
 .ARM.attributes
                0x00000000000005f6       0x2d c:/st/stm32cubeide_1.4.0/stm32cubeide/plugins/com.st.stm32cube.ide.mcu.externaltools.gnu-tools-for-stm32.7-2018-q2-update.win32_1.4.0.202007081208/tools/bin/../lib/gcc/arm-none-eabi/7.3.1/../../../../arm-none-eabi/lib/thumb/v7-m\libc_nano.a(lib_a-wctomb_r.o)
 .ARM.attributes
                0x0000000000000623       0x2d c:/st/stm32cubeide_1.4.0/stm32cubeide/plugins/com.st.stm32cube.ide.mcu.externaltools.gnu-tools-for-stm32.7-2018-q2-update.win32_1.4.0.202007081208/tools/bin/../lib/gcc/arm-none-eabi/7.3.1/../../../../arm-none-eabi/lib/thumb/v7-m\libc_nano.a(lib_a-ctype_.o)
 .ARM.attributes
                0x0000000000000650       0x1d c:/st/stm32cubeide_1.4.0/stm32cubeide/plugins/com.st.stm32cube.ide.mcu.externaltools.gnu-tools-for-stm32.7-2018-q2-update.win32_1.4.0.202007081208/tools/bin/../lib/gcc/arm-none-eabi/7.3.1/thumb/v7-m\libgcc.a(_arm_addsubdf3.o)
 .ARM.attributes
                0x000000000000066d       0x1d c:/st/stm32cubeide_1.4.0/stm32cubeide/plugins/com.st.stm32cube.ide.mcu.externaltools.gnu-tools-for-stm32.7-2018-q2-update.win32_1.4.0.202007081208/tools/bin/../lib/gcc/arm-none-eabi/7.3.1/thumb/v7-m\libgcc.a(_arm_muldivdf3.o)
 .ARM.attributes
                0x000000000000068a       0x1d c:/st/stm32cubeide_1.4.0/stm32cubeide/plugins/com.st.stm32cube.ide.mcu.externaltools.gnu-tools-for-stm32.7-2018-q2-update.win32_1.4.0.202007081208/tools/bin/../lib/gcc/arm-none-eabi/7.3.1/thumb/v7-m\libgcc.a(_arm_fixdfsi.o)
 .ARM.attributes
                0x00000000000006a7       0x1d c:/st/stm32cubeide_1.4.0/stm32cubeide/plugins/com.st.stm32cube.ide.mcu.externaltools.gnu-tools-for-stm32.7-2018-q2-update.win32_1.4.0.202007081208/tools/bin/../lib/gcc/arm-none-eabi/7.3.1/thumb/v7-m\libgcc.a(_arm_fixunssfsi.o)
 .ARM.attributes
                0x00000000000006c4       0x1d c:/st/stm32cubeide_1.4.0/stm32cubeide/plugins/com.st.stm32cube.ide.mcu.externaltools.gnu-tools-for-stm32.7-2018-q2-update.win32_1.4.0.202007081208/tools/bin/../lib/gcc/arm-none-eabi/7.3.1/thumb/v7-m/crtn.o
OUTPUT(trabalhofinal.elf elf32-littlearm)

.debug_info     0x0000000000000000    0x102ac
 .debug_info    0x0000000000000000     0x101b Core/Src/aguaSemGas.o
 .debug_info    0x000000000000101b      0xfe8 Core/Src/bebidasGaseificadas.o
 .debug_info    0x0000000000002003      0xd8c Core/Src/display.o
 .debug_info    0x0000000000002d8f     0x1320 Core/Src/funcoes.o
 .debug_info    0x00000000000040af     0x1a44 Core/Src/main.o
 .debug_info    0x0000000000005af3      0xe22 Core/Src/stm32f1xx_hal_msp.o
 .debug_info    0x0000000000006915      0x77b Core/Src/stm32f1xx_it.o
 .debug_info    0x0000000000007090      0x29a Core/Src/system_stm32f1xx.o
 .debug_info    0x000000000000732a     0x108c Core/Src/telas.o
 .debug_info    0x00000000000083b6       0x22 Core/Startup/startup_stm32f103c8tx.o
 .debug_info    0x00000000000083d8      0x714 Drivers/STM32F1xx_HAL_Driver/Src/stm32f1xx_hal.o
 .debug_info    0x0000000000008aec      0xc6c Drivers/STM32F1xx_HAL_Driver/Src/stm32f1xx_hal_adc.o
 .debug_info    0x0000000000009758      0xa06 Drivers/STM32F1xx_HAL_Driver/Src/stm32f1xx_hal_adc_ex.o
 .debug_info    0x000000000000a15e      0xb51 Drivers/STM32F1xx_HAL_Driver/Src/stm32f1xx_hal_cortex.o
 .debug_info    0x000000000000acaf      0x7b1 Drivers/STM32F1xx_HAL_Driver/Src/stm32f1xx_hal_dma.o
 .debug_info    0x000000000000b460      0x69b Drivers/STM32F1xx_HAL_Driver/Src/stm32f1xx_hal_gpio.o
 .debug_info    0x000000000000bafb      0x80f Drivers/STM32F1xx_HAL_Driver/Src/stm32f1xx_hal_rcc.o
 .debug_info    0x000000000000c30a      0x444 Drivers/STM32F1xx_HAL_Driver/Src/stm32f1xx_hal_rcc_ex.o
 .debug_info    0x000000000000c74e     0x27ef Drivers/STM32F1xx_HAL_Driver/Src/stm32f1xx_hal_tim.o
 .debug_info    0x000000000000ef3d     0x136f Drivers/STM32F1xx_HAL_Driver/Src/stm32f1xx_hal_tim_ex.o

.debug_abbrev   0x0000000000000000     0x2680
 .debug_abbrev  0x0000000000000000      0x1c9 Core/Src/aguaSemGas.o
 .debug_abbrev  0x00000000000001c9      0x1c9 Core/Src/bebidasGaseificadas.o
 .debug_abbrev  0x0000000000000392      0x269 Core/Src/display.o
 .debug_abbrev  0x00000000000005fb      0x26b Core/Src/funcoes.o
 .debug_abbrev  0x0000000000000866      0x2d4 Core/Src/main.o
 .debug_abbrev  0x0000000000000b3a      0x203 Core/Src/stm32f1xx_hal_msp.o
 .debug_abbrev  0x0000000000000d3d      0x15a Core/Src/stm32f1xx_it.o
 .debug_abbrev  0x0000000000000e97      0x134 Core/Src/system_stm32f1xx.o
 .debug_abbrev  0x0000000000000fcb      0x261 Core/Src/telas.o
 .debug_abbrev  0x000000000000122c       0x12 Core/Startup/startup_stm32f103c8tx.o
 .debug_abbrev  0x000000000000123e      0x1c7 Drivers/STM32F1xx_HAL_Driver/Src/stm32f1xx_hal.o
 .debug_abbrev  0x0000000000001405      0x1d5 Drivers/STM32F1xx_HAL_Driver/Src/stm32f1xx_hal_adc.o
 .debug_abbrev  0x00000000000015da      0x1f5 Drivers/STM32F1xx_HAL_Driver/Src/stm32f1xx_hal_adc_ex.o
 .debug_abbrev  0x00000000000017cf      0x2d5 Drivers/STM32F1xx_HAL_Driver/Src/stm32f1xx_hal_cortex.o
 .debug_abbrev  0x0000000000001aa4      0x1fe Drivers/STM32F1xx_HAL_Driver/Src/stm32f1xx_hal_dma.o
 .debug_abbrev  0x0000000000001ca2      0x1c0 Drivers/STM32F1xx_HAL_Driver/Src/stm32f1xx_hal_gpio.o
 .debug_abbrev  0x0000000000001e62      0x243 Drivers/STM32F1xx_HAL_Driver/Src/stm32f1xx_hal_rcc.o
 .debug_abbrev  0x00000000000020a5      0x175 Drivers/STM32F1xx_HAL_Driver/Src/stm32f1xx_hal_rcc_ex.o
 .debug_abbrev  0x000000000000221a      0x230 Drivers/STM32F1xx_HAL_Driver/Src/stm32f1xx_hal_tim.o
 .debug_abbrev  0x000000000000244a      0x236 Drivers/STM32F1xx_HAL_Driver/Src/stm32f1xx_hal_tim_ex.o

.debug_aranges  0x0000000000000000      0xd68
 .debug_aranges
                0x0000000000000000       0x40 Core/Src/aguaSemGas.o
 .debug_aranges
                0x0000000000000040       0x28 Core/Src/bebidasGaseificadas.o
 .debug_aranges
                0x0000000000000068       0x60 Core/Src/display.o
 .debug_aranges
                0x00000000000000c8       0x68 Core/Src/funcoes.o
 .debug_aranges
                0x0000000000000130       0x70 Core/Src/main.o
 .debug_aranges
                0x00000000000001a0       0x58 Core/Src/stm32f1xx_hal_msp.o
 .debug_aranges
                0x00000000000001f8       0x78 Core/Src/stm32f1xx_it.o
 .debug_aranges
                0x0000000000000270       0x28 Core/Src/system_stm32f1xx.o
 .debug_aranges
                0x0000000000000298       0x88 Core/Src/telas.o
 .debug_aranges
                0x0000000000000320       0x28 Core/Startup/startup_stm32f103c8tx.o
 .debug_aranges
                0x0000000000000348       0xe0 Drivers/STM32F1xx_HAL_Driver/Src/stm32f1xx_hal.o
 .debug_aranges
                0x0000000000000428       0xf0 Drivers/STM32F1xx_HAL_Driver/Src/stm32f1xx_hal_adc.o
 .debug_aranges
                0x0000000000000518       0x80 Drivers/STM32F1xx_HAL_Driver/Src/stm32f1xx_hal_adc_ex.o
 .debug_aranges
                0x0000000000000598      0x100 Drivers/STM32F1xx_HAL_Driver/Src/stm32f1xx_hal_cortex.o
 .debug_aranges
                0x0000000000000698       0x80 Drivers/STM32F1xx_HAL_Driver/Src/stm32f1xx_hal_dma.o
 .debug_aranges
                0x0000000000000718       0x58 Drivers/STM32F1xx_HAL_Driver/Src/stm32f1xx_hal_gpio.o
 .debug_aranges
                0x0000000000000770       0x90 Drivers/STM32F1xx_HAL_Driver/Src/stm32f1xx_hal_rcc.o
 .debug_aranges
                0x0000000000000800       0x30 Drivers/STM32F1xx_HAL_Driver/Src/stm32f1xx_hal_rcc_ex.o
 .debug_aranges
                0x0000000000000830      0x3d0 Drivers/STM32F1xx_HAL_Driver/Src/stm32f1xx_hal_tim.o
 .debug_aranges
                0x0000000000000c00      0x168 Drivers/STM32F1xx_HAL_Driver/Src/stm32f1xx_hal_tim_ex.o

.debug_ranges   0x0000000000000000      0xc30
 .debug_ranges  0x0000000000000000       0x30 Core/Src/aguaSemGas.o
 .debug_ranges  0x0000000000000030       0x18 Core/Src/bebidasGaseificadas.o
 .debug_ranges  0x0000000000000048       0x50 Core/Src/display.o
 .debug_ranges  0x0000000000000098       0x58 Core/Src/funcoes.o
 .debug_ranges  0x00000000000000f0       0x60 Core/Src/main.o
 .debug_ranges  0x0000000000000150       0x48 Core/Src/stm32f1xx_hal_msp.o
 .debug_ranges  0x0000000000000198       0x68 Core/Src/stm32f1xx_it.o
 .debug_ranges  0x0000000000000200       0x18 Core/Src/system_stm32f1xx.o
 .debug_ranges  0x0000000000000218       0x78 Core/Src/telas.o
 .debug_ranges  0x0000000000000290       0x20 Core/Startup/startup_stm32f103c8tx.o
 .debug_ranges  0x00000000000002b0       0xd0 Drivers/STM32F1xx_HAL_Driver/Src/stm32f1xx_hal.o
 .debug_ranges  0x0000000000000380       0xe0 Drivers/STM32F1xx_HAL_Driver/Src/stm32f1xx_hal_adc.o
 .debug_ranges  0x0000000000000460       0x70 Drivers/STM32F1xx_HAL_Driver/Src/stm32f1xx_hal_adc_ex.o
 .debug_ranges  0x00000000000004d0       0xf0 Drivers/STM32F1xx_HAL_Driver/Src/stm32f1xx_hal_cortex.o
 .debug_ranges  0x00000000000005c0       0x70 Drivers/STM32F1xx_HAL_Driver/Src/stm32f1xx_hal_dma.o
 .debug_ranges  0x0000000000000630       0x48 Drivers/STM32F1xx_HAL_Driver/Src/stm32f1xx_hal_gpio.o
 .debug_ranges  0x0000000000000678       0x80 Drivers/STM32F1xx_HAL_Driver/Src/stm32f1xx_hal_rcc.o
 .debug_ranges  0x00000000000006f8       0x20 Drivers/STM32F1xx_HAL_Driver/Src/stm32f1xx_hal_rcc_ex.o
 .debug_ranges  0x0000000000000718      0x3c0 Drivers/STM32F1xx_HAL_Driver/Src/stm32f1xx_hal_tim.o
 .debug_ranges  0x0000000000000ad8      0x158 Drivers/STM32F1xx_HAL_Driver/Src/stm32f1xx_hal_tim_ex.o

.debug_macro    0x0000000000000000    0x196d7
 .debug_macro   0x0000000000000000      0x3d2 Core/Src/aguaSemGas.o
 .debug_macro   0x00000000000003d2      0xa5a Core/Src/aguaSemGas.o
 .debug_macro   0x0000000000000e2c       0x22 Core/Src/aguaSemGas.o
 .debug_macro   0x0000000000000e4e       0x8e Core/Src/aguaSemGas.o
 .debug_macro   0x0000000000000edc       0x51 Core/Src/aguaSemGas.o
 .debug_macro   0x0000000000000f2d       0xef Core/Src/aguaSemGas.o
 .debug_macro   0x000000000000101c       0x6a Core/Src/aguaSemGas.o
 .debug_macro   0x0000000000001086      0x1df Core/Src/aguaSemGas.o
 .debug_macro   0x0000000000001265       0x22 Core/Src/aguaSemGas.o
 .debug_macro   0x0000000000001287       0x46 Core/Src/aguaSemGas.o
 .debug_macro   0x00000000000012cd       0x18 Core/Src/aguaSemGas.o
 .debug_macro   0x00000000000012e5       0x3c Core/Src/aguaSemGas.o
 .debug_macro   0x0000000000001321       0x34 Core/Src/aguaSemGas.o
 .debug_macro   0x0000000000001355      0x174 Core/Src/aguaSemGas.o
 .debug_macro   0x00000000000014c9      0x330 Core/Src/aguaSemGas.o
 .debug_macro   0x00000000000017f9      0x10b Core/Src/aguaSemGas.o
 .debug_macro   0x0000000000001904       0x16 Core/Src/aguaSemGas.o
 .debug_macro   0x000000000000191a       0x35 Core/Src/aguaSemGas.o
 .debug_macro   0x000000000000194f       0x52 Core/Src/aguaSemGas.o
 .debug_macro   0x00000000000019a1       0x1f Core/Src/aguaSemGas.o
 .debug_macro   0x00000000000019c0       0x43 Core/Src/aguaSemGas.o
 .debug_macro   0x0000000000001a03       0x20 Core/Src/aguaSemGas.o
 .debug_macro   0x0000000000001a23      0x1a3 Core/Src/aguaSemGas.o
 .debug_macro   0x0000000000001bc6       0x16 Core/Src/aguaSemGas.o
 .debug_macro   0x0000000000001bdc       0x29 Core/Src/aguaSemGas.o
 .debug_macro   0x0000000000001c05       0x1c Core/Src/aguaSemGas.o
 .debug_macro   0x0000000000001c21       0x10 Core/Src/aguaSemGas.o
 .debug_macro   0x0000000000001c31       0x10 Core/Src/aguaSemGas.o
 .debug_macro   0x0000000000001c41       0x1c Core/Src/aguaSemGas.o
 .debug_macro   0x0000000000001c5d       0x52 Core/Src/aguaSemGas.o
 .debug_macro   0x0000000000001caf       0x40 Core/Src/aguaSemGas.o
 .debug_macro   0x0000000000001cef       0x10 Core/Src/aguaSemGas.o
 .debug_macro   0x0000000000001cff       0x40 Core/Src/aguaSemGas.o
 .debug_macro   0x0000000000001d3f       0xd7 Core/Src/aguaSemGas.o
 .debug_macro   0x0000000000001e16       0x1c Core/Src/aguaSemGas.o
 .debug_macro   0x0000000000001e32       0x3d Core/Src/aguaSemGas.o
 .debug_macro   0x0000000000001e6f       0x16 Core/Src/aguaSemGas.o
 .debug_macro   0x0000000000001e85      0x145 Core/Src/aguaSemGas.o
 .debug_macro   0x0000000000001fca       0x16 Core/Src/aguaSemGas.o
 .debug_macro   0x0000000000001fe0       0x20 Core/Src/aguaSemGas.o
 .debug_macro   0x0000000000002000      0x221 Core/Src/aguaSemGas.o
 .debug_macro   0x0000000000002221       0x2e Core/Src/aguaSemGas.o
 .debug_macro   0x000000000000224f       0x22 Core/Src/aguaSemGas.o
 .debug_macro   0x0000000000002271       0x1c Core/Src/aguaSemGas.o
 .debug_macro   0x000000000000228d       0x22 Core/Src/aguaSemGas.o
 .debug_macro   0x00000000000022af       0xbd Core/Src/aguaSemGas.o
 .debug_macro   0x000000000000236c      0xd23 Core/Src/aguaSemGas.o
 .debug_macro   0x000000000000308f     0xe097 Core/Src/aguaSemGas.o
 .debug_macro   0x0000000000011126       0x43 Core/Src/aguaSemGas.o
 .debug_macro   0x0000000000011169     0x3468 Core/Src/aguaSemGas.o
 .debug_macro   0x00000000000145d1       0x56 Core/Src/aguaSemGas.o
 .debug_macro   0x0000000000014627      0x5be Core/Src/aguaSemGas.o
 .debug_macro   0x0000000000014be5      0x289 Core/Src/aguaSemGas.o
 .debug_macro   0x0000000000014e6e      0x1cb Core/Src/aguaSemGas.o
 .debug_macro   0x0000000000015039      0x114 Core/Src/aguaSemGas.o
 .debug_macro   0x000000000001514d      0x1b2 Core/Src/aguaSemGas.o
 .debug_macro   0x00000000000152ff       0x27 Core/Src/aguaSemGas.o
 .debug_macro   0x0000000000015326      0x136 Core/Src/aguaSemGas.o
 .debug_macro   0x000000000001545c      0x1bc Core/Src/aguaSemGas.o
 .debug_macro   0x0000000000015618       0x34 Core/Src/aguaSemGas.o
 .debug_macro   0x000000000001564c       0x3c Core/Src/aguaSemGas.o
 .debug_macro   0x0000000000015688       0x57 Core/Src/aguaSemGas.o
 .debug_macro   0x00000000000156df      0x46a Core/Src/aguaSemGas.o
 .debug_macro   0x0000000000015b49      0x1b5 Core/Src/aguaSemGas.o
 .debug_macro   0x0000000000015cfe       0x88 Core/Src/aguaSemGas.o
 .debug_macro   0x0000000000015d86      0x241 Core/Src/aguaSemGas.o
 .debug_macro   0x0000000000015fc7      0x141 Core/Src/aguaSemGas.o
 .debug_macro   0x0000000000016108      0x8d1 Core/Src/aguaSemGas.o
 .debug_macro   0x00000000000169d9       0x83 Core/Src/aguaSemGas.o
 .debug_macro   0x0000000000016a5c       0x6a Core/Src/aguaSemGas.o
 .debug_macro   0x0000000000016ac6       0x64 Core/Src/aguaSemGas.o
 .debug_macro   0x0000000000016b2a      0x3d2 Core/Src/bebidasGaseificadas.o
 .debug_macro   0x0000000000016efc      0x2ce Core/Src/display.o
 .debug_macro   0x00000000000171ca       0x10 Core/Src/display.o
 .debug_macro   0x00000000000171da      0x3db Core/Src/funcoes.o
 .debug_macro   0x00000000000175b5      0x407 Core/Src/main.o
 .debug_macro   0x00000000000179bc       0x16 Core/Src/main.o
 .debug_macro   0x00000000000179d2       0x10 Core/Src/main.o
 .debug_macro   0x00000000000179e2       0x41 Core/Src/main.o
 .debug_macro   0x0000000000017a23      0x1b7 Core/Src/stm32f1xx_hal_msp.o
 .debug_macro   0x0000000000017bda       0xc3 Core/Src/stm32f1xx_hal_msp.o
 .debug_macro   0x0000000000017c9d       0x5c Core/Src/stm32f1xx_hal_msp.o
 .debug_macro   0x0000000000017cf9      0x1c1 Core/Src/stm32f1xx_it.o
 .debug_macro   0x0000000000017eba      0x1ad Core/Src/system_stm32f1xx.o
 .debug_macro   0x0000000000018067      0x3cc Core/Src/telas.o
 .debug_macro   0x0000000000018433      0x111 Core/Src/telas.o
 .debug_macro   0x0000000000018544      0x1d1 Drivers/STM32F1xx_HAL_Driver/Src/stm32f1xx_hal.o
 .debug_macro   0x0000000000018715      0x1ca Drivers/STM32F1xx_HAL_Driver/Src/stm32f1xx_hal_adc.o
 .debug_macro   0x00000000000188df      0x1bf Drivers/STM32F1xx_HAL_Driver/Src/stm32f1xx_hal_adc_ex.o
 .debug_macro   0x0000000000018a9e      0x1ad Drivers/STM32F1xx_HAL_Driver/Src/stm32f1xx_hal_cortex.o
 .debug_macro   0x0000000000018c4b      0x1ad Drivers/STM32F1xx_HAL_Driver/Src/stm32f1xx_hal_dma.o
 .debug_macro   0x0000000000018df8      0x218 Drivers/STM32F1xx_HAL_Driver/Src/stm32f1xx_hal_gpio.o
 .debug_macro   0x0000000000019010      0x1bf Drivers/STM32F1xx_HAL_Driver/Src/stm32f1xx_hal_rcc.o
 .debug_macro   0x00000000000191cf      0x1ad Drivers/STM32F1xx_HAL_Driver/Src/stm32f1xx_hal_rcc_ex.o
 .debug_macro   0x000000000001937c      0x1ae Drivers/STM32F1xx_HAL_Driver/Src/stm32f1xx_hal_tim.o
 .debug_macro   0x000000000001952a      0x1ad Drivers/STM32F1xx_HAL_Driver/Src/stm32f1xx_hal_tim_ex.o

.debug_line     0x0000000000000000     0xd072
 .debug_line    0x0000000000000000      0x9a3 Core/Src/aguaSemGas.o
 .debug_line    0x00000000000009a3      0x956 Core/Src/bebidasGaseificadas.o
 .debug_line    0x00000000000012f9      0x921 Core/Src/display.o
 .debug_line    0x0000000000001c1a      0xafa Core/Src/funcoes.o
 .debug_line    0x0000000000002714      0xaab Core/Src/main.o
 .debug_line    0x00000000000031bf      0x748 Core/Src/stm32f1xx_hal_msp.o
 .debug_line    0x0000000000003907      0x76a Core/Src/stm32f1xx_it.o
 .debug_line    0x0000000000004071      0x6b8 Core/Src/system_stm32f1xx.o
 .debug_line    0x0000000000004729      0xb1c Core/Src/telas.o
 .debug_line    0x0000000000005245       0x84 Core/Startup/startup_stm32f103c8tx.o
 .debug_line    0x00000000000052c9      0x86b Drivers/STM32F1xx_HAL_Driver/Src/stm32f1xx_hal.o
 .debug_line    0x0000000000005b34      0xbbc Drivers/STM32F1xx_HAL_Driver/Src/stm32f1xx_hal_adc.o
 .debug_line    0x00000000000066f0      0x9ff Drivers/STM32F1xx_HAL_Driver/Src/stm32f1xx_hal_adc_ex.o
 .debug_line    0x00000000000070ef      0x942 Drivers/STM32F1xx_HAL_Driver/Src/stm32f1xx_hal_cortex.o
 .debug_line    0x0000000000007a31      0xad0 Drivers/STM32F1xx_HAL_Driver/Src/stm32f1xx_hal_dma.o
 .debug_line    0x0000000000008501      0x867 Drivers/STM32F1xx_HAL_Driver/Src/stm32f1xx_hal_gpio.o
 .debug_line    0x0000000000008d68      0x92b Drivers/STM32F1xx_HAL_Driver/Src/stm32f1xx_hal_rcc.o
 .debug_line    0x0000000000009693      0x749 Drivers/STM32F1xx_HAL_Driver/Src/stm32f1xx_hal_rcc_ex.o
 .debug_line    0x0000000000009ddc     0x1fc4 Drivers/STM32F1xx_HAL_Driver/Src/stm32f1xx_hal_tim.o
 .debug_line    0x000000000000bda0     0x12d2 Drivers/STM32F1xx_HAL_Driver/Src/stm32f1xx_hal_tim_ex.o

.debug_str      0x0000000000000000    0x8de3c
 .debug_str     0x0000000000000000    0x8a890 Core/Src/aguaSemGas.o
                                      0x8ace6 (size before relaxing)
 .debug_str     0x000000000008a890       0x3a Core/Src/bebidasGaseificadas.o
                                      0x8acd1 (size before relaxing)
 .debug_str     0x000000000008a8ca       0xb3 Core/Src/display.o
                                      0x896af (size before relaxing)
 .debug_str     0x000000000008a97d       0xc3 Core/Src/funcoes.o
                                      0x8ad98 (size before relaxing)
 .debug_str     0x000000000008aa40      0x9cc Core/Src/main.o
                                      0x8b77a (size before relaxing)
 .debug_str     0x000000000008b40c      0x10e Core/Src/stm32f1xx_hal_msp.o
                                      0x86746 (size before relaxing)
 .debug_str     0x000000000008b51a       0xf6 Core/Src/stm32f1xx_it.o
                                      0x86280 (size before relaxing)
 .debug_str     0x000000000008b610       0x52 Core/Src/system_stm32f1xx.o
                                      0x85d4d (size before relaxing)
 .debug_str     0x000000000008b662       0xbc Core/Src/telas.o
                                      0x8ad1a (size before relaxing)
 .debug_str     0x000000000008b71e       0x36 Core/Startup/startup_stm32f103c8tx.o
                                         0x75 (size before relaxing)
 .debug_str     0x000000000008b754      0x304 Drivers/STM32F1xx_HAL_Driver/Src/stm32f1xx_hal.o
                                      0x863de (size before relaxing)
 .debug_str     0x000000000008ba58      0x346 Drivers/STM32F1xx_HAL_Driver/Src/stm32f1xx_hal_adc.o
                                      0x863dd (size before relaxing)
 .debug_str     0x000000000008bd9e      0x2fb Drivers/STM32F1xx_HAL_Driver/Src/stm32f1xx_hal_adc_ex.o
                                      0x86392 (size before relaxing)
 .debug_str     0x000000000008c099      0x300 Drivers/STM32F1xx_HAL_Driver/Src/stm32f1xx_hal_cortex.o
                                      0x863e6 (size before relaxing)
 .debug_str     0x000000000008c399      0x235 Drivers/STM32F1xx_HAL_Driver/Src/stm32f1xx_hal_dma.o
                                      0x86128 (size before relaxing)
 .debug_str     0x000000000008c5ce      0x31f Drivers/STM32F1xx_HAL_Driver/Src/stm32f1xx_hal_gpio.o
                                      0x86111 (size before relaxing)
 .debug_str     0x000000000008c8ed      0x24f Drivers/STM32F1xx_HAL_Driver/Src/stm32f1xx_hal_rcc.o
                                      0x8614a (size before relaxing)
 .debug_str     0x000000000008cb3c       0xb9 Drivers/STM32F1xx_HAL_Driver/Src/stm32f1xx_hal_rcc_ex.o
                                      0x85ed7 (size before relaxing)
 .debug_str     0x000000000008cbf5      0xd30 Drivers/STM32F1xx_HAL_Driver/Src/stm32f1xx_hal_tim.o
                                      0x8711c (size before relaxing)
 .debug_str     0x000000000008d925      0x517 Drivers/STM32F1xx_HAL_Driver/Src/stm32f1xx_hal_tim_ex.o
                                      0x868f6 (size before relaxing)

.comment        0x0000000000000000       0x7b
 .comment       0x0000000000000000       0x7b Core/Src/aguaSemGas.o
                                         0x7c (size before relaxing)
 .comment       0x000000000000007b       0x7c Core/Src/bebidasGaseificadas.o
 .comment       0x000000000000007b       0x7c Core/Src/display.o
 .comment       0x000000000000007b       0x7c Core/Src/funcoes.o
 .comment       0x000000000000007b       0x7c Core/Src/main.o
 .comment       0x000000000000007b       0x7c Core/Src/stm32f1xx_hal_msp.o
 .comment       0x000000000000007b       0x7c Core/Src/stm32f1xx_it.o
 .comment       0x000000000000007b       0x7c Core/Src/system_stm32f1xx.o
 .comment       0x000000000000007b       0x7c Core/Src/telas.o
 .comment       0x000000000000007b       0x7c Drivers/STM32F1xx_HAL_Driver/Src/stm32f1xx_hal.o
 .comment       0x000000000000007b       0x7c Drivers/STM32F1xx_HAL_Driver/Src/stm32f1xx_hal_adc.o
 .comment       0x000000000000007b       0x7c Drivers/STM32F1xx_HAL_Driver/Src/stm32f1xx_hal_adc_ex.o
 .comment       0x000000000000007b       0x7c Drivers/STM32F1xx_HAL_Driver/Src/stm32f1xx_hal_cortex.o
 .comment       0x000000000000007b       0x7c Drivers/STM32F1xx_HAL_Driver/Src/stm32f1xx_hal_dma.o
 .comment       0x000000000000007b       0x7c Drivers/STM32F1xx_HAL_Driver/Src/stm32f1xx_hal_gpio.o
 .comment       0x000000000000007b       0x7c Drivers/STM32F1xx_HAL_Driver/Src/stm32f1xx_hal_rcc.o
 .comment       0x000000000000007b       0x7c Drivers/STM32F1xx_HAL_Driver/Src/stm32f1xx_hal_rcc_ex.o
 .comment       0x000000000000007b       0x7c Drivers/STM32F1xx_HAL_Driver/Src/stm32f1xx_hal_tim.o
 .comment       0x000000000000007b       0x7c Drivers/STM32F1xx_HAL_Driver/Src/stm32f1xx_hal_tim_ex.o

.debug_frame    0x0000000000000000     0x38e0
 .debug_frame   0x0000000000000000       0x9c Core/Src/aguaSemGas.o
 .debug_frame   0x000000000000009c       0x48 Core/Src/bebidasGaseificadas.o
 .debug_frame   0x00000000000000e4      0x140 Core/Src/display.o
 .debug_frame   0x0000000000000224      0x160 Core/Src/funcoes.o
 .debug_frame   0x0000000000000384      0x198 Core/Src/main.o
 .debug_frame   0x000000000000051c      0x13c Core/Src/stm32f1xx_hal_msp.o
 .debug_frame   0x0000000000000658      0x160 Core/Src/stm32f1xx_it.o
 .debug_frame   0x00000000000007b8       0x58 Core/Src/system_stm32f1xx.o
 .debug_frame   0x0000000000000810      0x1b0 Core/Src/telas.o
 .debug_frame   0x00000000000009c0      0x334 Drivers/STM32F1xx_HAL_Driver/Src/stm32f1xx_hal.o
 .debug_frame   0x0000000000000cf4      0x40c Drivers/STM32F1xx_HAL_Driver/Src/stm32f1xx_hal_adc.o
 .debug_frame   0x0000000000001100      0x204 Drivers/STM32F1xx_HAL_Driver/Src/stm32f1xx_hal_adc_ex.o
 .debug_frame   0x0000000000001304      0x428 Drivers/STM32F1xx_HAL_Driver/Src/stm32f1xx_hal_cortex.o
 .debug_frame   0x000000000000172c      0x208 Drivers/STM32F1xx_HAL_Driver/Src/stm32f1xx_hal_dma.o
 .debug_frame   0x0000000000001934      0x14c Drivers/STM32F1xx_HAL_Driver/Src/stm32f1xx_hal_gpio.o
 .debug_frame   0x0000000000001a80      0x21c Drivers/STM32F1xx_HAL_Driver/Src/stm32f1xx_hal_rcc.o
 .debug_frame   0x0000000000001c9c       0x84 Drivers/STM32F1xx_HAL_Driver/Src/stm32f1xx_hal_rcc_ex.o
 .debug_frame   0x0000000000001d20     0x11b8 Drivers/STM32F1xx_HAL_Driver/Src/stm32f1xx_hal_tim.o
 .debug_frame   0x0000000000002ed8      0x638 Drivers/STM32F1xx_HAL_Driver/Src/stm32f1xx_hal_tim_ex.o
 .debug_frame   0x0000000000003510       0x30 c:/st/stm32cubeide_1.4.0/stm32cubeide/plugins/com.st.stm32cube.ide.mcu.externaltools.gnu-tools-for-stm32.7-2018-q2-update.win32_1.4.0.202007081208/tools/bin/../lib/gcc/arm-none-eabi/7.3.1/../../../../arm-none-eabi/lib/thumb/v7-m\libc_nano.a(lib_a-atoi.o)
 .debug_frame   0x0000000000003540       0x2c c:/st/stm32cubeide_1.4.0/stm32cubeide/plugins/com.st.stm32cube.ide.mcu.externaltools.gnu-tools-for-stm32.7-2018-q2-update.win32_1.4.0.202007081208/tools/bin/../lib/gcc/arm-none-eabi/7.3.1/../../../../arm-none-eabi/lib/thumb/v7-m\libc_nano.a(lib_a-init.o)
 .debug_frame   0x000000000000356c       0x38 c:/st/stm32cubeide_1.4.0/stm32cubeide/plugins/com.st.stm32cube.ide.mcu.externaltools.gnu-tools-for-stm32.7-2018-q2-update.win32_1.4.0.202007081208/tools/bin/../lib/gcc/arm-none-eabi/7.3.1/../../../../arm-none-eabi/lib/thumb/v7-m\libc_nano.a(lib_a-itoa.o)
 .debug_frame   0x00000000000035a4       0x20 c:/st/stm32cubeide_1.4.0/stm32cubeide/plugins/com.st.stm32cube.ide.mcu.externaltools.gnu-tools-for-stm32.7-2018-q2-update.win32_1.4.0.202007081208/tools/bin/../lib/gcc/arm-none-eabi/7.3.1/../../../../arm-none-eabi/lib/thumb/v7-m\libc_nano.a(lib_a-memset.o)
 .debug_frame   0x00000000000035c4       0x20 c:/st/stm32cubeide_1.4.0/stm32cubeide/plugins/com.st.stm32cube.ide.mcu.externaltools.gnu-tools-for-stm32.7-2018-q2-update.win32_1.4.0.202007081208/tools/bin/../lib/gcc/arm-none-eabi/7.3.1/../../../../arm-none-eabi/lib/thumb/v7-m\libc_nano.a(lib_a-strcpy.o)
 .debug_frame   0x00000000000035e4       0x84 c:/st/stm32cubeide_1.4.0/stm32cubeide/plugins/com.st.stm32cube.ide.mcu.externaltools.gnu-tools-for-stm32.7-2018-q2-update.win32_1.4.0.202007081208/tools/bin/../lib/gcc/arm-none-eabi/7.3.1/../../../../arm-none-eabi/lib/thumb/v7-m\libc_nano.a(lib_a-strtol.o)
 .debug_frame   0x0000000000003668       0x48 c:/st/stm32cubeide_1.4.0/stm32cubeide/plugins/com.st.stm32cube.ide.mcu.externaltools.gnu-tools-for-stm32.7-2018-q2-update.win32_1.4.0.202007081208/tools/bin/../lib/gcc/arm-none-eabi/7.3.1/../../../../arm-none-eabi/lib/thumb/v7-m\libc_nano.a(lib_a-utoa.o)
 .debug_frame   0x00000000000036b0       0x68 c:/st/stm32cubeide_1.4.0/stm32cubeide/plugins/com.st.stm32cube.ide.mcu.externaltools.gnu-tools-for-stm32.7-2018-q2-update.win32_1.4.0.202007081208/tools/bin/../lib/gcc/arm-none-eabi/7.3.1/../../../../arm-none-eabi/lib/thumb/v7-m\libc_nano.a(lib_a-locale.o)
 .debug_frame   0x0000000000003718       0x48 c:/st/stm32cubeide_1.4.0/stm32cubeide/plugins/com.st.stm32cube.ide.mcu.externaltools.gnu-tools-for-stm32.7-2018-q2-update.win32_1.4.0.202007081208/tools/bin/../lib/gcc/arm-none-eabi/7.3.1/../../../../arm-none-eabi/lib/thumb/v7-m\libc_nano.a(lib_a-mbtowc_r.o)
 .debug_frame   0x0000000000003760       0x3c c:/st/stm32cubeide_1.4.0/stm32cubeide/plugins/com.st.stm32cube.ide.mcu.externaltools.gnu-tools-for-stm32.7-2018-q2-update.win32_1.4.0.202007081208/tools/bin/../lib/gcc/arm-none-eabi/7.3.1/../../../../arm-none-eabi/lib/thumb/v7-m\libc_nano.a(lib_a-wctomb_r.o)
 .debug_frame   0x000000000000379c       0xac c:/st/stm32cubeide_1.4.0/stm32cubeide/plugins/com.st.stm32cube.ide.mcu.externaltools.gnu-tools-for-stm32.7-2018-q2-update.win32_1.4.0.202007081208/tools/bin/../lib/gcc/arm-none-eabi/7.3.1/thumb/v7-m\libgcc.a(_arm_addsubdf3.o)
 .debug_frame   0x0000000000003848       0x50 c:/st/stm32cubeide_1.4.0/stm32cubeide/plugins/com.st.stm32cube.ide.mcu.externaltools.gnu-tools-for-stm32.7-2018-q2-update.win32_1.4.0.202007081208/tools/bin/../lib/gcc/arm-none-eabi/7.3.1/thumb/v7-m\libgcc.a(_arm_muldivdf3.o)
 .debug_frame   0x0000000000003898       0x24 c:/st/stm32cubeide_1.4.0/stm32cubeide/plugins/com.st.stm32cube.ide.mcu.externaltools.gnu-tools-for-stm32.7-2018-q2-update.win32_1.4.0.202007081208/tools/bin/../lib/gcc/arm-none-eabi/7.3.1/thumb/v7-m\libgcc.a(_arm_fixdfsi.o)
 .debug_frame   0x00000000000038bc       0x24 c:/st/stm32cubeide_1.4.0/stm32cubeide/plugins/com.st.stm32cube.ide.mcu.externaltools.gnu-tools-for-stm32.7-2018-q2-update.win32_1.4.0.202007081208/tools/bin/../lib/gcc/arm-none-eabi/7.3.1/thumb/v7-m\libgcc.a(_arm_fixunssfsi.o)
